12-06 05:45:15.424: W/RcsClientLib(16000): 	at android.content.ContextWrapper.unbindService(ContextWrapper.java:703)
12-06 05:45:15.424: W/RcsClientLib(16000): 	at vzh.b(PG:40)
12-06 05:45:15.424: W/RcsClientLib(16000): 	at vzh.disconnect(PG:38)
12-06 05:45:15.424: W/RcsClientLib(16000): 	at com.google.android.rcs.client.events.EventService.disconnect(PG:7)
12-06 05:45:15.424: W/RcsClientLib(16000): 	at jri.b(PG:36)
12-06 05:45:15.424: W/RcsClientLib(16000): 	at jrl.a(PG:37)
12-06 05:45:15.424: W/RcsClientLib(16000): 	at jep.a(PG:38)
12-06 05:45:15.424: W/RcsClientLib(16000): 	at jeb.run(Unknown Source:16)
12-06 05:45:15.424: W/RcsClientLib(16000): 	at wzd.run(PG:2)
12-06 05:45:15.424: W/RcsClientLib(16000): 	at android.os.Handler.handleCallback(Handler.java:790)
12-06 05:45:15.424: W/RcsClientLib(16000): 	at android.os.Handler.dispatchMessage(Handler.java:99)
12-06 05:45:15.424: W/RcsClientLib(16000): 	at android.os.Looper.loop(Looper.java:164)
12-06 05:45:15.424: W/RcsClientLib(16000): 	at android.app.ActivityThread.main(ActivityThread.java:6523)
12-06 05:45:15.424: W/RcsClientLib(16000): 	at java.lang.reflect.Method.invoke(Native Method)
12-06 05:45:15.424: W/RcsClientLib(16000): 	at com.android.internal.os.RuntimeInit$MethodAndArgsCaller.run(RuntimeInit.java:438)
12-06 05:45:15.424: W/RcsClientLib(16000): 	at com.android.internal.os.ZygoteInit.main(ZygoteInit.java:857)
12-06 05:45:15.424: I/RcsClientLib(16000): Disconnecting ContactsService
12-06 05:45:15.425: W/RcsClientLib(16000): Unexpected error when trying to unbind com.google.android.ims.rcsservice.contacts.IContactsManagement: Service not registered: vzi@cbe1a02
12-06 05:45:15.425: W/RcsClientLib(16000): java.lang.IllegalArgumentException: Service not registered: vzi@cbe1a02
12-06 05:45:15.425: W/RcsClientLib(16000): 	at android.app.LoadedApk.forgetServiceDispatcher(LoadedApk.java:1484)
12-06 05:45:15.425: W/RcsClientLib(16000): 	at android.app.ContextImpl.unbindService(ContextImpl.java:1639)
12-06 05:45:15.425: W/RcsClientLib(16000): 	at android.content.ContextWrapper.unbindService(ContextWrapper.java:703)
12-06 05:45:15.425: W/RcsClientLib(16000): 	at vzh.b(PG:40)
12-06 05:45:15.425: W/RcsClientLib(16000): 	at vzh.disconnect(PG:38)
12-06 05:45:15.425: W/RcsClientLib(16000): 	at jri.b(PG:37)
12-06 05:45:15.425: W/RcsClientLib(16000): 	at jrl.a(PG:37)
12-06 05:45:15.425: W/RcsClientLib(16000): 	at jep.a(PG:38)
12-06 05:45:15.425: W/RcsClientLib(16000): 	at jeb.run(Unknown Source:16)
12-06 05:45:15.425: W/RcsClientLib(16000): 	at wzd.run(PG:2)
12-06 05:45:15.425: W/RcsClientLib(16000): 	at android.os.Handler.handleCallback(Handler.java:790)
12-06 05:45:15.425: W/RcsClientLib(16000): 	at android.os.Handler.dispatchMessage(Handler.java:99)
12-06 05:45:15.425: W/RcsClientLib(16000): 	at android.os.Looper.loop(Looper.java:164)
12-06 05:45:15.425: W/RcsClientLib(16000): 	at android.app.ActivityThread.main(ActivityThread.java:6523)
12-06 05:45:15.425: W/RcsClientLib(16000): 	at java.lang.reflect.Method.invoke(Native Method)
12-06 05:45:15.425: W/RcsClientLib(16000): 	at com.android.internal.os.RuntimeInit$MethodAndArgsCaller.run(RuntimeInit.java:438)
12-06 05:45:15.425: W/RcsClientLib(16000): 	at com.android.internal.os.ZygoteInit.main(ZygoteInit.java:857)
12-06 05:45:15.426: I/RcsClientLib(16000): Disconnecting FileTransferService
12-06 05:45:15.426: W/RcsClientLib(16000): Unexpected error when trying to unbind com.google.android.ims.rcsservice.filetransfer.IFileTransfer: Service not registered: vzi@2bdf550
12-06 05:45:15.428: W/RcsClientLib(16000): java.lang.IllegalArgumentException: Service not registered: vzi@2bdf550
12-06 05:45:15.428: W/RcsClientLib(16000): 	at android.app.LoadedApk.forgetServiceDispatcher(LoadedApk.java:1484)
12-06 05:45:15.428: W/RcsClientLib(16000): 	at android.app.ContextImpl.unbindService(ContextImpl.java:1639)
12-06 05:45:15.428: W/RcsClientLib(16000): 	at android.content.ContextWrapper.unbindService(ContextWrapper.java:703)
12-06 05:45:15.428: W/RcsClientLib(16000): 	at vzh.b(PG:40)
12-06 05:45:15.428: W/RcsClientLib(16000): 	at vzh.disconnect(PG:38)
12-06 05:45:15.428: W/RcsClientLib(16000): 	at jri.b(PG:38)
12-06 05:45:15.428: W/RcsClientLib(16000): 	at jrl.a(PG:37)
12-06 05:45:15.428: W/RcsClientLib(16000): 	at jep.a(PG:38)
12-06 05:45:15.428: W/RcsClientLib(16000): 	at jeb.run(Unknown Source:16)
12-06 05:45:15.428: W/RcsClientLib(16000): 	at wzd.run(PG:2)
12-06 05:45:15.428: W/RcsClientLib(16000): 	at android.os.Handler.handleCallback(Handler.java:790)
12-06 05:45:15.428: W/RcsClientLib(16000): 	at android.os.Handler.dispatchMessage(Handler.java:99)
12-06 05:45:15.428: W/RcsClientLib(16000): 	at android.os.Looper.loop(Looper.java:164)
12-06 05:45:15.428: W/RcsClientLib(16000): 	at android.app.ActivityThread.main(ActivityThread.java:6523)
12-06 05:45:15.428: W/RcsClientLib(16000): 	at java.lang.reflect.Method.invoke(Native Method)
12-06 05:45:15.428: W/RcsClientLib(16000): 	at com.android.internal.os.RuntimeInit$MethodAndArgsCaller.run(RuntimeInit.java:438)
12-06 05:45:15.428: W/RcsClientLib(16000): 	at com.android.internal.os.ZygoteInit.main(ZygoteInit.java:857)
12-06 05:45:15.428: I/RcsClientLib(16000): Disconnecting LocationSharingService
12-06 05:45:15.437: W/RcsClientLib(16000): Unexpected error when trying to unbind com.google.android.ims.rcsservice.locationsharing.ILocationSharing: Service not registered: vzi@5f7d44e
12-06 05:45:15.437: W/RcsClientLib(16000): java.lang.IllegalArgumentException: Service not registered: vzi@5f7d44e
12-06 05:45:15.437: W/RcsClientLib(16000): 	at android.app.LoadedApk.forgetServiceDispatcher(LoadedApk.java:1484)
12-06 05:45:15.437: W/RcsClientLib(16000): 	at android.app.ContextImpl.unbindService(ContextImpl.java:1639)
12-06 05:45:15.437: W/RcsClientLib(16000): 	at android.content.ContextWrapper.unbindService(ContextWrapper.java:703)
12-06 05:45:15.437: W/RcsClientLib(16000): 	at vzh.b(PG:40)
12-06 05:45:15.437: W/RcsClientLib(16000): 	at vzh.disconnect(PG:38)
12-06 05:45:15.437: W/RcsClientLib(16000): 	at jri.b(PG:39)
12-06 05:45:15.437: W/RcsClientLib(16000): 	at jrl.a(PG:37)
12-06 05:45:15.437: W/RcsClientLib(16000): 	at jep.a(PG:38)
12-06 05:45:15.437: W/RcsClientLib(16000): 	at jeb.run(Unknown Source:16)
12-06 05:45:15.437: W/RcsClientLib(16000): 	at wzd.run(PG:2)
12-06 05:45:15.437: W/RcsClientLib(16000): 	at android.os.Handler.handleCallback(Handler.java:790)
12-06 05:45:15.437: W/RcsClientLib(16000): 	at android.os.Handler.dispatchMessage(Handler.java:99)
12-06 05:45:15.437: W/RcsClientLib(16000): 	at android.os.Looper.loop(Looper.java:164)
12-06 05:45:15.437: W/RcsClientLib(16000): 	at android.app.ActivityThread.main(ActivityThread.java:6523)
12-06 05:45:15.437: W/RcsClientLib(16000): 	at java.lang.reflect.Method.invoke(Native Method)
12-06 05:45:15.437: W/RcsClientLib(16000): 	at com.android.internal.os.RuntimeInit$MethodAndArgsCaller.run(RuntimeInit.java:438)
12-06 05:45:15.437: W/RcsClientLib(16000): 	at com.android.internal.os.ZygoteInit.main(ZygoteInit.java:857)
12-06 05:45:15.438: I/RcsClientLib(16000): Disconnecting ImsConnectionTrackerService
12-06 05:45:15.438: W/RcsClientLib(16000): Unexpected error when trying to unbind com.google.android.ims.rcsservice.ims.IImsConnectionTracker: Service not registered: vzi@195167c
12-06 05:45:15.439: W/RcsClientLib(16000): java.lang.IllegalArgumentException: Service not registered: vzi@195167c
12-06 05:45:15.439: W/RcsClientLib(16000): 	at android.app.LoadedApk.forgetServiceDispatcher(LoadedApk.java:1484)
12-06 05:45:15.439: W/RcsClientLib(16000): 	at android.app.ContextImpl.unbindService(ContextImpl.java:1639)
12-06 05:45:15.439: W/RcsClientLib(16000): 	at android.content.ContextWrapper.unbindService(ContextWrapper.java:703)
12-06 05:45:15.439: W/RcsClientLib(16000): 	at vzh.b(PG:40)
12-06 05:45:15.439: W/RcsClientLib(16000): 	at vzh.disconnect(PG:38)
12-06 05:45:15.439: W/RcsClientLib(16000): 	at jri.b(PG:40)
12-06 05:45:15.439: W/RcsClientLib(16000): 	at jrl.a(PG:37)
12-06 05:45:15.439: W/RcsClientLib(16000): 	at jep.a(PG:38)
12-06 05:45:15.439: W/RcsClientLib(16000): 	at jeb.run(Unknown Source:16)
12-06 05:45:15.439: W/RcsClientLib(16000): 	at wzd.run(PG:2)
12-06 05:45:15.439: W/RcsClientLib(16000): 	at android.os.Handler.handleCallback(Handler.java:790)
12-06 05:45:15.439: W/RcsClientLib(16000): 	at android.os.Handler.dispatchMessage(Handler.java:99)
12-06 05:45:15.439: W/RcsClientLib(16000): 	at android.os.Looper.loop(Looper.java:164)
12-06 05:45:15.439: W/RcsClientLib(16000): 	at android.app.ActivityThread.main(ActivityThread.java:6523)
12-06 05:45:15.439: W/RcsClientLib(16000): 	at java.lang.reflect.Method.invoke(Native Method)
12-06 05:45:15.439: W/RcsClientLib(16000): 	at com.android.internal.os.RuntimeInit$MethodAndArgsCaller.run(RuntimeInit.java:438)
12-06 05:45:15.439: W/RcsClientLib(16000): 	at com.android.internal.os.ZygoteInit.main(ZygoteInit.java:857)
12-06 05:45:15.439: I/RcsClientLib(16000): Disconnecting RcsProfileService
12-06 05:45:15.439: W/RcsClientLib(16000): Unexpected error when trying to unbind com.google.android.ims.rcsservice.profile.IRcsProfile: Service not registered: vzi@c00e75a
12-06 05:45:15.440: W/RcsClientLib(16000): java.lang.IllegalArgumentException: Service not registered: vzi@c00e75a
12-06 05:45:15.440: W/RcsClientLib(16000): 	at android.app.LoadedApk.forgetServiceDispatcher(LoadedApk.java:1484)
12-06 05:45:15.440: W/RcsClientLib(16000): 	at android.app.ContextImpl.unbindService(ContextImpl.java:1639)
12-06 05:45:15.440: W/RcsClientLib(16000): 	at android.content.ContextWrapper.unbindService(ContextWrapper.java:703)
12-06 05:45:15.440: W/RcsClientLib(16000): 	at vzh.b(PG:40)
12-06 05:45:15.440: W/RcsClientLib(16000): 	at vzh.disconnect(PG:38)
12-06 05:45:15.440: W/RcsClientLib(16000): 	at jri.b(PG:41)
12-06 05:45:15.440: W/RcsClientLib(16000): 	at jrl.a(PG:37)
12-06 05:45:15.440: W/RcsClientLib(16000): 	at jep.a(PG:38)
12-06 05:45:15.440: W/RcsClientLib(16000): 	at jeb.run(Unknown Source:16)
12-06 05:45:15.440: W/RcsClientLib(16000): 	at wzd.run(PG:2)
12-06 05:45:15.440: W/RcsClientLib(16000): 	at android.os.Handler.handleCallback(Handler.java:790)
12-06 05:45:15.440: W/RcsClientLib(16000): 	at android.os.Handler.dispatchMessage(Handler.java:99)
12-06 05:45:15.440: W/RcsClientLib(16000): 	at android.os.Looper.loop(Looper.java:164)
12-06 05:45:15.440: W/RcsClientLib(16000): 	at android.app.ActivityThread.main(ActivityThread.java:6523)
12-06 05:45:15.440: W/RcsClientLib(16000): 	at java.lang.reflect.Method.invoke(Native Method)
12-06 05:45:15.440: W/RcsClientLib(16000): 	at com.android.internal.os.RuntimeInit$MethodAndArgsCaller.run(RuntimeInit.java:438)
12-06 05:45:15.440: W/RcsClientLib(16000): 	at com.android.internal.os.ZygoteInit.main(ZygoteInit.java:857)
12-06 05:45:15.440: I/RcsClientLib(16000): Disconnecting BusinessInfoService
12-06 05:45:15.441: W/RcsClientLib(16000): Unexpected error when trying to unbind com.google.android.ims.rcsservice.businessinfo.IBusinessInfo: Service not registered: vzi@65b1e68
12-06 05:45:15.442: W/RcsClientLib(16000): java.lang.IllegalArgumentException: Service not registered: vzi@65b1e68
12-06 05:45:15.442: W/RcsClientLib(16000): 	at android.app.LoadedApk.forgetServiceDispatcher(LoadedApk.java:1484)
12-06 05:45:15.442: W/RcsClientLib(16000): 	at android.app.ContextImpl.unbindService(ContextImpl.java:1639)
12-06 05:45:15.442: W/RcsClientLib(16000): 	at android.content.ContextWrapper.unbindService(ContextWrapper.java:703)
12-06 05:45:15.442: W/RcsClientLib(16000): 	at vzh.b(PG:40)
12-06 05:45:15.442: W/RcsClientLib(16000): 	at vzh.disconnect(PG:38)
12-06 05:45:15.442: W/RcsClientLib(16000): 	at jri.b(PG:42)
12-06 05:45:15.442: W/RcsClientLib(16000): 	at jrl.a(PG:37)
12-06 05:45:15.442: W/RcsClientLib(16000): 	at jep.a(PG:38)
12-06 05:45:15.442: W/RcsClientLib(16000): 	at jeb.run(Unknown Source:16)
12-06 05:45:15.442: W/RcsClientLib(16000): 	at wzd.run(PG:2)
12-06 05:45:15.442: W/RcsClientLib(16000): 	at android.os.Handler.handleCallback(Handler.java:790)
12-06 05:45:15.442: W/RcsClientLib(16000): 	at android.os.Handler.dispatchMessage(Handler.java:99)
12-06 05:45:15.442: W/RcsClientLib(16000): 	at android.os.Looper.loop(Looper.java:164)
12-06 05:45:15.442: W/RcsClientLib(16000): 	at android.app.ActivityThread.main(ActivityThread.java:6523)
12-06 05:45:15.442: W/RcsClientLib(16000): 	at java.lang.reflect.Method.invoke(Native Method)
12-06 05:45:15.442: W/RcsClientLib(16000): 	at com.android.internal.os.RuntimeInit$MethodAndArgsCaller.run(RuntimeInit.java:438)
12-06 05:45:15.442: W/RcsClientLib(16000): 	at com.android.internal.os.ZygoteInit.main(ZygoteInit.java:857)
12-06 05:45:15.442: I/RcsClientLib(16000): Disconnecting RcsMessagingService
12-06 05:45:15.442: W/RcsClientLib(16000): Unexpected error when trying to unbind com.google.android.rcs.client.messaging.IMessaging: Service not registered: vzi@d561f26
12-06 05:45:15.443: W/RcsClientLib(16000): java.lang.IllegalArgumentException: Service not registered: vzi@d561f26
12-06 05:45:15.443: W/RcsClientLib(16000): 	at android.app.LoadedApk.forgetServiceDispatcher(LoadedApk.java:1484)
12-06 05:45:15.443: W/RcsClientLib(16000): 	at android.app.ContextImpl.unbindService(ContextImpl.java:1639)
12-06 05:45:15.443: W/RcsClientLib(16000): 	at android.content.ContextWrapper.unbindService(ContextWrapper.java:703)
12-06 05:45:15.443: W/RcsClientLib(16000): 	at vzh.b(PG:40)
12-06 05:45:15.443: W/RcsClientLib(16000): 	at vzh.disconnect(PG:38)
12-06 05:45:15.443: W/RcsClientLib(16000): 	at jri.b(PG:43)
12-06 05:45:15.443: W/RcsClientLib(16000): 	at jrl.a(PG:37)
12-06 05:45:15.443: W/RcsClientLib(16000): 	at jep.a(PG:38)
12-06 05:45:15.443: W/RcsClientLib(16000): 	at jeb.run(Unknown Source:16)
12-06 05:45:15.443: W/RcsClientLib(16000): 	at wzd.run(PG:2)
12-06 05:45:15.443: W/RcsClientLib(16000): 	at android.os.Handler.handleCallback(Handler.java:790)
12-06 05:45:15.443: W/RcsClientLib(16000): 	at android.os.Handler.dispatchMessage(Handler.java:99)
12-06 05:45:15.443: W/RcsClientLib(16000): 	at android.os.Looper.loop(Looper.java:164)
12-06 05:45:15.443: W/RcsClientLib(16000): 	at android.app.ActivityThread.main(ActivityThread.java:6523)
12-06 05:45:15.443: W/RcsClientLib(16000): 	at java.lang.reflect.Method.invoke(Native Method)
12-06 05:45:15.443: W/RcsClientLib(16000): 	at com.android.internal.os.RuntimeInit$MethodAndArgsCaller.run(RuntimeInit.java:438)
12-06 05:45:15.443: W/RcsClientLib(16000): 	at com.android.internal.os.ZygoteInit.main(ZygoteInit.java:857)
12-06 05:45:15.443: I/RcsClientLib(16000): Disconnecting TransportControlService
12-06 05:45:15.444: W/RcsClientLib(16000): Unexpected error when trying to unbind com.google.android.ims.rcsservice.transportcontrol.ITransportControl: Service not registered: vzi@cf7b914
12-06 05:45:15.445: W/RcsClientLib(16000): java.lang.IllegalArgumentException: Service not registered: vzi@cf7b914
12-06 05:45:15.445: W/RcsClientLib(16000): 	at android.app.LoadedApk.forgetServiceDispatcher(LoadedApk.java:1484)
12-06 05:45:15.445: W/RcsClientLib(16000): 	at android.app.ContextImpl.unbindService(ContextImpl.java:1639)
12-06 05:45:15.445: W/RcsClientLib(16000): 	at android.content.ContextWrapper.unbindService(ContextWrapper.java:703)
12-06 05:45:15.445: W/RcsClientLib(16000): 	at vzh.b(PG:40)
12-06 05:45:15.445: W/RcsClientLib(16000): 	at vzh.disconnect(PG:38)
12-06 05:45:15.445: W/RcsClientLib(16000): 	at jri.b(PG:44)
12-06 05:45:15.445: W/RcsClientLib(16000): 	at jrl.a(PG:37)
12-06 05:45:15.445: W/RcsClientLib(16000): 	at jep.a(PG:38)
12-06 05:45:15.445: W/RcsClientLib(16000): 	at jeb.run(Unknown Source:16)
12-06 05:45:15.445: W/RcsClientLib(16000): 	at wzd.run(PG:2)
12-06 05:45:15.445: W/RcsClientLib(16000): 	at android.os.Handler.handleCallback(Handler.java:790)
12-06 05:45:15.445: W/RcsClientLib(16000): 	at android.os.Handler.dispatchMessage(Handler.java:99)
12-06 05:45:15.445: W/RcsClientLib(16000): 	at android.os.Looper.loop(Looper.java:164)
12-06 05:45:15.445: W/RcsClientLib(16000): 	at android.app.ActivityThread.main(ActivityThread.java:6523)
12-06 05:45:15.445: W/RcsClientLib(16000): 	at java.lang.reflect.Method.invoke(Native Method)
12-06 05:45:15.445: W/RcsClientLib(16000): 	at com.android.internal.os.RuntimeInit$MethodAndArgsCaller.run(RuntimeInit.java:438)
12-06 05:45:15.445: W/RcsClientLib(16000): 	at com.android.internal.os.ZygoteInit.main(ZygoteInit.java:857)
12-06 05:45:15.445: W/BugleRcs(16000): disconnecting from all Rcs Services
12-06 05:45:15.473: I/CarrierServices(7930): [617] day.d: RCS Configuration storage in Bugle is disabled by p/h flag, using ProvisioningEngineStateCacheUtil.getProvisioningConfigurationForGivenSim()
12-06 05:45:15.510: I/zygote(15204): Do partial code cache collection, code=109KB, data=81KB
12-06 05:45:15.512: I/zygote(15204): After code cache collection, code=106KB, data=80KB
12-06 05:45:15.512: I/zygote(15204): Increasing code cache capacity to 512KB
12-06 05:45:15.518: I/CarrierServices(7930): [617] day.d: RCS Configuration storage in Bugle is disabled by p/h flag, using ProvisioningEngineStateCacheUtil.getProvisioningConfigurationForGivenSim()
12-06 05:45:15.584: I/zygote(16259): Waiting for a blocking GC ProfileSaver
12-06 05:45:15.596: I/CarrierServices(7930): [617] due.b: Checking if using CarrierServices.apk is possible. Enabled: true, isAtLeastM: true, runningInsideBugle: false
12-06 05:45:15.616: I/zygote(16259): WaitForGcToComplete blocked ProfileSaver on HeapTrim for 31.985ms
12-06 05:45:15.631: I/CarrierServices(7930): [617] bki.onCsLibPhenotypeUpdated: BindingManager: binding and reset P/H Flag stay same
12-06 05:45:15.667: I/CarrierServices(7930): [617] czb.a: RcsAvailabilityManager: Rcs Availability still DISABLED_SIM_ABSENT (RCS is disabled due to SIM absent)
12-06 05:45:15.823: I/ActivityManager(744): Start proc 16415:com.google.android.apps.searchlite/u0a55 for broadcast com.google.android.apps.searchlite/com.google.android.libraries.phenotype.client.stable.PhenotypeUpdateBroadcastReceiver
12-06 05:45:15.825: I/zygote(14793): Background concurrent copying GC freed 111971(5MB) AllocSpace objects, 22(752KB) LOS objects, 39% free, 9MB/15MB, paused 280us total 235.424ms
12-06 05:45:16.067: I/vendor.mediatek.hardware.power@1.1-impl(291): querySysInfo cmd:6, param:0
12-06 05:45:16.068: I/powerd(291): [powerd_req] POWER_MSG_QUERY_INFO: cmd:6, param:0
12-06 05:45:16.068: I/libPerfService(291): perfUserGetCapability - cmd:6, id:0, value:3920
12-06 05:45:16.215: W/mtkmal(319): type=1400 audit(0.0:382): avc: denied { open } for path="/proc/319/net/dev" dev="proc" ino=4026533568 scontext=u:r:mtkmal:s0 tcontext=u:object_r:proc_net:s0 tclass=file permissive=0
12-06 05:45:16.223: I/zygote(744): Background concurrent copying GC freed 33287(1527KB) AllocSpace objects, 8(280KB) LOS objects, 30% free, 13MB/19MB, paused 276us total 251.164ms
12-06 05:45:16.438: W/ActivityManager(744): Background start not allowed: service Intent { cmp=com.google.android.apps.messaging/.shared.datamodel.action.execution.ActionExecutorImpl$EmptyService } to com.google.android.apps.messaging/.shared.datamodel.action.execution.ActionExecutorImpl$EmptyService from pid=16000 uid=10101 pkg=com.google.android.apps.messaging
12-06 05:45:16.449: W/BugleDataModel(16000): ActionExecutorImpl: Action started execution, but we can't guarantee it will complete, the app may be killed. Action: class com.google.android.apps.messaging.shared.datamodel.action.FixupMessageStatusOnStartupAction-FixupMessageStatusOnStartupAction:930262001
12-06 05:45:16.449: W/BugleDataModel(16000): java.lang.IllegalStateException: Not allowed to start service Intent { cmp=com.google.android.apps.messaging/.shared.datamodel.action.execution.ActionExecutorImpl$EmptyService }: app is in background uid UidRecord{497937e u0a101 CEM  idle change:cached procs:1 seq(0,0,0)}
12-06 05:45:16.449: W/BugleDataModel(16000): 	at android.app.ContextImpl.startServiceCommon(ContextImpl.java:1522)
12-06 05:45:16.449: W/BugleDataModel(16000): 	at android.app.ContextImpl.startService(ContextImpl.java:1478)
12-06 05:45:16.449: W/BugleDataModel(16000): 	at android.content.ContextWrapper.startService(ContextWrapper.java:650)
12-06 05:45:16.449: W/BugleDataModel(16000): 	at com.google.android.apps.messaging.shared.datamodel.action.execution.ActionExecutorImpl.a(PG:102)
12-06 05:45:16.449: W/BugleDataModel(16000): 	at com.google.android.apps.messaging.shared.datamodel.action.execution.ActionExecutorImpl.a(PG:97)
12-06 05:45:16.449: W/BugleDataModel(16000): 	at fsn.d(PG:118)
12-06 05:45:16.449: W/BugleDataModel(16000): 	at fsk.run(Unknown Source:4)
12-06 05:45:16.449: W/BugleDataModel(16000): 	at wzd.run(PG:2)
12-06 05:45:16.449: W/BugleDataModel(16000): 	at android.os.Handler.handleCallback(Handler.java:790)
12-06 05:45:16.449: W/BugleDataModel(16000): 	at android.os.Handler.dispatchMessage(Handler.java:99)
12-06 05:45:16.449: W/BugleDataModel(16000): 	at android.os.Looper.loop(Looper.java:164)
12-06 05:45:16.449: W/BugleDataModel(16000): 	at android.app.ActivityThread.main(ActivityThread.java:6523)
12-06 05:45:16.449: W/BugleDataModel(16000): 	at java.lang.reflect.Method.invoke(Native Method)
12-06 05:45:16.449: W/BugleDataModel(16000): 	at com.android.internal.os.RuntimeInit$MethodAndArgsCaller.run(RuntimeInit.java:438)
12-06 05:45:16.449: W/BugleDataModel(16000): 	at com.android.internal.os.ZygoteInit.main(ZygoteInit.java:857)
12-06 05:45:16.469: I/Finsky(15204): [1159] gno.b(1): Completed 0 account content syncs with 0 successful.
12-06 05:45:16.471: I/Finsky(15204): [2] ContentSyncJob.a(1): [ContentSync] Installation state replication succeeded.
12-06 05:45:16.472: I/Finsky(15204): [2] abya.n(4): SCH: jobFinished: 12-1. TimeElapsed: 2329ms.
12-06 05:45:16.475: I/Finsky(15204): [2] abwr.e(4): SCH: Job 12-1 finished. Not rescheduling.
12-06 05:45:16.477: I/Finsky(15204): [2] abwq.handleMessage(59): SCH: RunningQueue size: 0, PendingQueue size: 0
12-06 05:45:16.478: I/zygote(15204): Deoptimizing java.util.List kcr.n(kcx, java.lang.String, java.lang.String) due to JIT inline cache
12-06 05:45:16.478: I/Finsky(15204): [2] abwq.handleMessage(26): SCH: Executor finished
12-06 05:45:16.506: I/Finsky(15204): [2] abzb.b(5): SCH: Jobs in database: 1-1337 24-77777777 26-1414141414 
12-06 05:45:16.537: I/Finsky(15204): [2] abxn.d(37): SCH: ConstraintMapping: 24-77777777,  -> L: 0ms, D: 82649427ms, C: false, I: true, N: 0
12-06 05:45:16.539: I/Finsky(15204): [2] abxn.d(37): SCH: ConstraintMapping: 1-1337,  -> L: 24703398ms, D: 67903398ms, C: false, I: false, N: 1
12-06 05:45:16.541: I/Finsky(15204): [2] abxn.d(37): SCH: ConstraintMapping: 26-1414141414,  -> L: 749782ms, D: 1649782ms, C: false, I: false, N: 0
12-06 05:45:16.563: I/Finsky(15204): [2] abxn.f(7): SCH: Cancelling existing jobscheduler jobs: 9005 9001 
12-06 05:45:16.564: I/Finsky(15204): [2] abxn.e(8): SCH: Throttling wakeup for job 9000 (expected to run in 0 ms) due to recent wakeup
12-06 05:45:16.566: I/Finsky(15204): [2] abxn.e(23): SCH: Scheduling job Id: 9000, L: 30000, D: 82649427, C: false, I: true, N: 0
12-06 05:45:16.572: I/Finsky(15204): [2] abxn.e(23): SCH: Scheduling job Id: 9002, L: 24703398, D: 67903398, C: false, I: false, N: 1
12-06 05:45:16.575: I/Finsky(15204): [2] abxn.e(23): SCH: Scheduling job Id: 9004, L: 749782, D: 1649782, C: false, I: false, N: 0
12-06 05:45:16.784: I/BugleDataModel(16000): FixupMessageStatusOnStartupAction: sendFailedCnt: 0, downloadFailedCnt: 0, partsProcessingFailedCnt: 0
12-06 05:45:16.809: I/MAL-Daemon(319):  (      mfi_task_bootstrap,  400) mfi_task_bootstrap(): an event EVENT_ATMNGR_URC(18) incoming from FD 25!!
12-06 05:45:16.812: I/MAL-DATAMNGR(319):  (           dm_read_event,  114) [DMGR-INF] read_netlink: nlmsg_type = 28
12-06 05:45:16.812: I/MAL-RDS(319):  (         rds_ru_urc_hdlr, 2271) [RDS-I][RDS][rds_ru_urc_hdlr] get URC data: +ECSQ: 255,255,1,1,1,1,1,7,32767
12-06 05:45:16.813: I/MAL-RDS(319):  (          rds_ru_rpl_gen, 7629) [RDS-I][RU][rds_ru_rpl_gen][RDS] Current policy: fgimsolte_en<1>, fgwfc_en<0>, erdspolicy<3>,||Threshold i4wifirssih<-75>, i4wifirssil<-85>, i4wifirssih_ho<-78>, i4wifirssil_ho<-88>, i4wifisnrh<10>, i4wifisnrl<6>||Threshold i4ltersrph<-106>, i4ltersrpm<-111>, i4ltersrpl<-116>, i4ltersrqh<5>, i4ltersrqm<3>, i4ltersrql<1>||Threshold i4utranrscph<-104>, i4utranrscpl<-110>, i4gsmrssih<-94>, i4gsmrssil<-102>||current rds ru status: i4wifirssi<-48>, i4wifisnr<9999>, i4ltersrp<-141>, i4ltersrq<40>, i4utranrscp<-141>, i4gsmrssi<-141>, u4active_ran<1>, flight_mode_activating<0>, ims_roamb<-1>, mms_roamb<-1>||current wifi backhaul : rtp_plr<0>, rtp_jitter<0>, ping_ind<0>||pcscf acc stat : volte<1>, wfc<1> || wifi acc_ctrl:<0>, || current MD stat : MD1 roam <0>, ||Call stat : IR92<0>, IR94<0>, SMS over IP<0>
12-06 05:45:16.844: I/zygote(16415): Do partial code cache collection, code=27KB, data=27KB
12-06 05:45:16.854: I/zygote(16415): After code cache collection, code=11KB, data=17KB
12-06 05:45:16.855: I/zygote(16415): Increasing code cache capacity to 128KB
12-06 05:45:17.000: I/System.out(15204): checkUrl: https://connectivitycheck.gstatic.com/generate_204
12-06 05:45:17.001: W/System(15204): ClassLoader referenced unknown path: system/framework/mediatek-cta.jar
12-06 05:45:17.003: I/System.out(15204): e:java.lang.ClassNotFoundException: com.mediatek.cta.CtaHttp
12-06 05:45:17.003: I/System.out(15204): [OkHttp] sendRequest>>
12-06 05:45:17.003: I/System.out(15204): [OkHttp] sendRequest<<
12-06 05:45:17.105: I/ActivityManager(744): Killing 15914:com.android.vending:instant_app_installer/u0a68 (adj 906): empty #11
12-06 05:45:17.111: W/zygote(744): kill(-15914, 9) failed: No such process
12-06 05:45:17.155: W/zygote(744): kill(-15914, 9) failed: No such process
12-06 05:45:17.155: I/zygote(744): Successfully killed process cgroup uid 10068 pid 15914 in 44ms
12-06 05:45:17.191: I/DisplayDevice(311): [Built-in Screen (type:0)] fps:0.375748,dur:5322.72,max:4363.71,min:959.01
12-06 05:45:17.360: W/ActivityManager(744): Background start not allowed: service Intent { cmp=com.google.android.apps.messaging/.shared.datamodel.action.execution.ActionExecutorImpl$EmptyService } to com.google.android.apps.messaging/.shared.datamodel.action.execution.ActionExecutorImpl$EmptyService from pid=16000 uid=10101 pkg=com.google.android.apps.messaging
12-06 05:45:17.369: I/SignalClusterView(1106): updateDisplayVoLte mShowVoLteIcon: false mNoSimsVisible: true mIsAirplaneMode: false showWfc: false  showVolte: false
12-06 05:45:17.369: I/SignalClusterView(1106): updateDisplayVoLte mShowVoLteIcon: false mNoSimsVisible: true mIsAirplaneMode: false showWfc: false  showVolte: false
12-06 05:45:17.380: W/BugleDataModel(16000): ActionExecutorImpl: Action started execution, but we can't guarantee it will complete, the app may be killed. Action: class com.google.android.apps.messaging.shared.datamodel.action.ProcessPendingMessagesAction-ProcessPendingMessagesAction:930262002
12-06 05:45:17.380: W/BugleDataModel(16000): java.lang.IllegalStateException: Not allowed to start service Intent { cmp=com.google.android.apps.messaging/.shared.datamodel.action.execution.ActionExecutorImpl$EmptyService }: app is in background uid UidRecord{497937e u0a101 CEM  idle change:cached procs:1 seq(0,0,0)}
12-06 05:45:17.380: W/BugleDataModel(16000): 	at android.app.ContextImpl.startServiceCommon(ContextImpl.java:1522)
12-06 05:45:17.380: W/BugleDataModel(16000): 	at android.app.ContextImpl.startService(ContextImpl.java:1478)
12-06 05:45:17.380: W/BugleDataModel(16000): 	at android.content.ContextWrapper.startService(ContextWrapper.java:650)
12-06 05:45:17.380: W/BugleDataModel(16000): 	at com.google.android.apps.messaging.shared.datamodel.action.execution.ActionExecutorImpl.a(PG:102)
12-06 05:45:17.380: W/BugleDataModel(16000): 	at com.google.android.apps.messaging.shared.datamodel.action.execution.ActionExecutorImpl.a(PG:97)
12-06 05:45:17.380: W/BugleDataModel(16000): 	at fsn.d(PG:118)
12-06 05:45:17.380: W/BugleDataModel(16000): 	at fsk.run(Unknown Source:4)
12-06 05:45:17.380: W/BugleDataModel(16000): 	at wzd.run(PG:2)
12-06 05:45:17.380: W/BugleDataModel(16000): 	at android.os.Handler.handleCallback(Handler.java:790)
12-06 05:45:17.380: W/BugleDataModel(16000): 	at android.os.Handler.dispatchMessage(Handler.java:99)
12-06 05:45:17.380: W/BugleDataModel(16000): 	at android.os.Looper.loop(Looper.java:164)
12-06 05:45:17.380: W/BugleDataModel(16000): 	at android.app.ActivityThread.main(ActivityThread.java:6523)
12-06 05:45:17.380: W/BugleDataModel(16000): 	at java.lang.reflect.Method.invoke(Native Method)
12-06 05:45:17.380: W/BugleDataModel(16000): 	at com.android.internal.os.RuntimeInit$MethodAndArgsCaller.run(RuntimeInit.java:438)
12-06 05:45:17.380: W/BugleDataModel(16000): 	at com.android.internal.os.ZygoteInit.main(ZygoteInit.java:857)
12-06 05:45:17.558: W/zygote(16000): Suspending all threads took: 8.185ms
12-06 05:45:17.586: I/BuglePhenotype(16000): onReceive for bugle package [CONTEXT package_name="com.google.android.apps.messaging" ]
12-06 05:45:17.629: I/zygote(16314): Waiting for a blocking GC ProfileSaver
12-06 05:45:17.661: I/BugleDataModel(16000): PendingMessagesProcessor: process from FixupMessageStatusOnStartupAction due to connectivity changed with queues:
12-06 05:45:17.663: I/BugleDataModel(16000): ProcessPendingMessagesTimers: cleared next retry time for channel sms_send 
12-06 05:45:17.665: I/BugleDataModel(16000): ProcessPendingMessagesTimers: cleared next retry time for channel mms_send 
12-06 05:45:17.668: I/BugleDataModel(16000): ProcessPendingMessagesTimers: cleared next retry time for channel mms_download 
12-06 05:45:17.684: I/BugleDataModel(16000): ProcessPendingMessagesTimers: cleared next retry time for channel rcs_send 
12-06 05:45:17.685: I/BugleDataModel(16000): ProcessPendingMessagesTimers: cleared next retry time for channel rcs_ft_upload 
12-06 05:45:17.685: I/BugleDataModel(16000): ProcessPendingMessagesTimers: cleared next retry time for channel rcs_ft_download 
12-06 05:45:17.685: I/BugleDataModel(16000): ProcessPendingMessagesTimers: cleared next retry time for channel cloud_sync_send 
12-06 05:45:17.686: I/BugleDataModel(16000): ProcessPendingMessagesTimers: cleared next retry time for channel cloud_sync_attachment_download 
12-06 05:45:17.749: I/BugleDataModel(16000): PendingMessagesProcessor: process from ProcessPendingMessagesAction due to scheduled processing with queues:
12-06 05:45:17.762: I/MediaStoreImporter(16259): Update: incremental Success: true Added music: 0 Updated music: 0 Deleted music: 0 Created playlists: 0 Updated playlists: 0 Deleted playlists: 0 Inserted playlist items: 0 Deleted playlist items: 0 Removed orphaned playlist items: 0 Total item count: 0
12-06 05:45:17.831: I/PTCommittedOperation(14793): Receive new configuration for com.google.android.gms.people
12-06 05:45:17.842: W/BGAsyncWorker(16259): type=1400 audit(0.0:383): avc: denied { open } for path="/data/data/com.google.android.music/files/._playmusicid" dev="mmcblk0p30" ino=1754 scontext=u:r:untrusted_app:s0:c512,c768 tcontext=u:object_r:system_data_file:s0 tclass=file permissive=0
12-06 05:45:17.851: E/PlaylistItemRelinker(16259): Found no usable UUIDs?
12-06 05:45:17.932: I/ChromeSync(14902): [Sync,SyncIntentOperation] Handling the intent: Intent { act=com.google.android.gms.phenotype.COMMITTED flg=0x10 pkg=com.google.android.gms cmp=com.google.android.gms/.chimera.GmsIntentOperationService (has extras) }.
12-06 05:45:17.971: I/MdiSyncModule(14902): flag handling is skipping irrelevant intent.
12-06 05:45:17.978: I/ChimeraSrvcProxy(14902): NullBinder for com.google.android.mdh.service.START triggering remote TransactionTooLargeException due to Service without Chimera impl
12-06 05:45:17.979: E/JavaBinder(14793): !!! FAILED BINDER TRANSACTION !!!  (parcel size = 916)
12-06 05:45:17.981: W/GmsClient(14793): IGmsServiceBroker.getService failed
12-06 05:45:17.981: W/GmsClient(14793): android.os.DeadObjectException: Transaction failed on small parcel; remote process probably died
12-06 05:45:17.981: W/GmsClient(14793): 	at android.os.BinderProxy.transactNative(Native Method)
12-06 05:45:17.981: W/GmsClient(14793): 	at android.os.BinderProxy.transact(Binder.java:764)
12-06 05:45:17.981: W/GmsClient(14793): 	at qcf.a(:com.google.android.gms@203915062@20.39.15 (110304-335085812):5)
12-06 05:45:17.981: W/GmsClient(14793): 	at qah.a(:com.google.android.gms@203915062@20.39.15 (110304-335085812):83)
12-06 05:45:17.981: W/GmsClient(14793): 	at ply.run(:com.google.android.gms@203915062@20.39.15 (110304-335085812):7)
12-06 05:45:17.981: W/GmsClient(14793): 	at android.os.Handler.handleCallback(Handler.java:790)
12-06 05:45:17.981: W/GmsClient(14793): 	at android.os.Handler.dispatchMessage(Handler.java:99)
12-06 05:45:17.981: W/GmsClient(14793): 	at aaxh.a(:com.google.android.gms@203915062@20.39.15 (110304-335085812):2)
12-06 05:45:17.981: W/GmsClient(14793): 	at aaxh.dispatchMessage(:com.google.android.gms@203915062@20.39.15 (110304-335085812):11)
12-06 05:45:17.981: W/GmsClient(14793): 	at android.os.Looper.loop(Looper.java:164)
12-06 05:45:17.981: W/GmsClient(14793): 	at android.os.HandlerThread.run(HandlerThread.java:65)
12-06 05:45:18.004: W/ModuleInitIntentOp(14902): Dropping unexpected action com.google.android.gms.phenotype.COMMITTED
12-06 05:45:18.083: I/vendor.mediatek.hardware.power@1.1-impl(291): querySysInfo cmd:6, param:0
12-06 05:45:18.084: I/powerd(291): [powerd_req] POWER_MSG_QUERY_INFO: cmd:6, param:0
12-06 05:45:18.084: I/libPerfService(291): perfUserGetCapability - cmd:6, id:0, value:3920
12-06 05:45:18.121: I/FsaEntryPointSwitcher(14902): setting component enabled=1 for com.google.android.gms.people.sync.focus.ContactsSyncAdapterService
12-06 05:45:18.122: I/FsaEntryPointSwitcher(14902): Setting component enabled succeeds.
12-06 05:45:18.122: I/FsaEntryPointSwitcher(14902): setting component enabled=2 for com.google.android.syncadapters.contacts.ContactsSyncAdapterService
12-06 05:45:18.124: I/FsaEntryPointSwitcher(14902): Setting component enabled succeeds.
12-06 05:45:18.125: I/zygote(14793): Background concurrent copying GC freed 164701(7MB) AllocSpace objects, 21(692KB) LOS objects, 42% free, 8MB/14MB, paused 897us total 532.402ms
12-06 05:45:18.176: I/GAv4-SVC(14902): Google Analytics 203.9.15 is starting up.
12-06 05:45:18.221: I/PTCommittedOperation(14793): Receive new configuration for com.google.android.gms.auth_api_phone
12-06 05:45:18.372: I/SignalClusterView(1106): updateDisplayVoLte mShowVoLteIcon: false mNoSimsVisible: true mIsAirplaneMode: false showWfc: false  showVolte: false
12-06 05:45:18.372: I/SignalClusterView(1106): updateDisplayVoLte mShowVoLteIcon: false mNoSimsVisible: true mIsAirplaneMode: false showWfc: false  showVolte: false
12-06 05:45:18.378: I/ChimeraSrvcProxy(14902): NullBinder for com.google.android.mdh.service.listener.START triggering remote TransactionTooLargeException due to Service without Chimera impl
12-06 05:45:18.379: E/JavaBinder(14793): !!! FAILED BINDER TRANSACTION !!!  (parcel size = 308)
12-06 05:45:18.385: W/GmsClient(14793): IGmsServiceBroker.getService failed
12-06 05:45:18.385: W/GmsClient(14793): android.os.DeadObjectException: Transaction failed on small parcel; remote process probably died
12-06 05:45:18.385: W/GmsClient(14793): 	at android.os.BinderProxy.transactNative(Native Method)
12-06 05:45:18.385: W/GmsClient(14793): 	at android.os.BinderProxy.transact(Binder.java:764)
12-06 05:45:18.385: W/GmsClient(14793): 	at qcf.a(:com.google.android.gms@203915062@20.39.15 (110304-335085812):5)
12-06 05:45:18.385: W/GmsClient(14793): 	at qah.a(:com.google.android.gms@203915062@20.39.15 (110304-335085812):83)
12-06 05:45:18.385: W/GmsClient(14793): 	at ply.run(:com.google.android.gms@203915062@20.39.15 (110304-335085812):7)
12-06 05:45:18.385: W/GmsClient(14793): 	at android.os.Handler.handleCallback(Handler.java:790)
12-06 05:45:18.385: W/GmsClient(14793): 	at android.os.Handler.dispatchMessage(Handler.java:99)
12-06 05:45:18.385: W/GmsClient(14793): 	at aaxh.a(:com.google.android.gms@203915062@20.39.15 (110304-335085812):2)
12-06 05:45:18.385: W/GmsClient(14793): 	at aaxh.dispatchMessage(:com.google.android.gms@203915062@20.39.15 (110304-335085812):11)
12-06 05:45:18.385: W/GmsClient(14793): 	at android.os.Looper.loop(Looper.java:164)
12-06 05:45:18.385: W/GmsClient(14793): 	at android.os.HandlerThread.run(HandlerThread.java:65)
12-06 05:45:18.396: I/ChromeSync(14902): [Sync,SyncIntentOperation] Handling the intent: Intent { act=com.google.android.gms.phenotype.COMMITTED flg=0x10 pkg=com.google.android.gms cmp=com.google.android.gms/.chimera.GmsIntentOperationService (has extras) }.
12-06 05:45:18.397: I/zygote(16343): Waiting for a blocking GC ProfileSaver
12-06 05:45:18.407: I/MdiSyncModule(14902): flag handling is skipping irrelevant intent.
12-06 05:45:18.410: W/ModuleInitIntentOp(14902): Dropping unexpected action com.google.android.gms.phenotype.COMMITTED
12-06 05:45:18.425: I/System.out(14902): checkUrl: https://app-measurement.com/config/app/1%3A236667214070%3Aandroid%3A75ed92bde4e7c371?app_instance_id=699243457e7e62df5291643f220a8560&platform=android&gmp_version=203915
12-06 05:45:18.437: W/System(14902): ClassLoader referenced unknown path: system/framework/mediatek-cta.jar
12-06 05:45:18.442: I/System.out(14902): e:java.lang.ClassNotFoundException: com.mediatek.cta.CtaHttp
12-06 05:45:18.466: I/ChromeSync(14902): [Sync,SyncIntentOperation] Handling the intent: Intent { act=com.google.android.gms.phenotype.COMMITTED flg=0x10 pkg=com.google.android.gms cmp=com.google.android.gms/.chimera.GmsIntentOperationService (has extras) }.
12-06 05:45:18.473: I/MdiSyncModule(14902): flag handling is skipping irrelevant intent.
12-06 05:45:18.478: W/ModuleInitIntentOp(14902): Dropping unexpected action com.google.android.gms.phenotype.COMMITTED
12-06 05:45:18.482: W/System(14902): ClassLoader referenced unknown path: system/framework/mediatek-cta.jar
12-06 05:45:18.488: I/System.out(14902): e:java.lang.ClassNotFoundException: com.mediatek.cta.CtaHttp
12-06 05:45:18.509: I/PTCommittedOperation(14793): Receive new configuration for com.google.android.gms.auth_api_proxy
12-06 05:45:18.520: I/ChromeSync(14902): [Sync,SyncIntentOperation] Handling the intent: Intent { act=com.google.android.gms.phenotype.COMMITTED flg=0x10 pkg=com.google.android.gms cmp=com.google.android.gms/.chimera.GmsIntentOperationService (has extras) }.
12-06 05:45:18.526: I/MdiSyncModule(14902): flag handling is skipping irrelevant intent.
12-06 05:45:18.534: W/ModuleInitIntentOp(14902): Dropping unexpected action com.google.android.gms.phenotype.COMMITTED
12-06 05:45:18.540: I/NetworkScheduler.Stats(14793): Task com.google.android.gms/com.google.android.gms.tapandpay.gcmtask.TapAndPayGcmTaskService started execution. cause:4 exec_start_elapsed_seconds: 938 [CONTEXT service_id=218 ]
12-06 05:45:18.557: I/ChromeSync(14902): [Sync,SyncIntentOperation] Handling the intent: Intent { act=com.google.android.gms.phenotype.COMMITTED flg=0x10 pkg=com.google.android.gms cmp=com.google.android.gms/.chimera.GmsIntentOperationService (has extras) }.
12-06 05:45:18.566: I/MdiSyncModule(14902): flag handling is skipping irrelevant intent.
12-06 05:45:18.570: W/ModuleInitIntentOp(14902): Dropping unexpected action com.google.android.gms.phenotype.COMMITTED
12-06 05:45:18.576: W/zygote(15204): Suspending all threads took: 8.169ms
12-06 05:45:18.676: I/System.out(14902): [OkHttp] sendRequest>>
12-06 05:45:18.676: I/System.out(14902): [OkHttp] sendRequest<<
12-06 05:45:18.681: I/NetworkScheduler.Stats(14793): Task com.google.android.gms/com.google.android.gms.tapandpay.gcmtask.TapAndPayGcmTaskService finished executing. cause:4 result: 1 elapsed_millis: 376 uptime_millis: 376 exec_start_elapsed_seconds: 938 [CONTEXT service_id=218 ]
12-06 05:45:18.693: I/PTCommittedOperation(14793): Receive new configuration for com.google.android.client_error_logging
12-06 05:45:18.713: I/ChromeSync(14902): [Sync,SyncIntentOperation] Handling the intent: Intent { act=com.google.android.gms.phenotype.COMMITTED flg=0x10 pkg=com.google.android.gms cmp=com.google.android.gms/.chimera.GmsIntentOperationService (has extras) }.
12-06 05:45:18.720: I/MdiSyncModule(14902): flag handling is skipping irrelevant intent.
12-06 05:45:18.746: I/PTCommittedOperation(14793): Receive new configuration for com.google.android.gms.romanesco
12-06 05:45:18.957: I/zygote(14793): Background concurrent copying GC freed 112670(6MB) AllocSpace objects, 26(1096KB) LOS objects, 46% free, 6MB/12MB, paused 354us total 151.729ms
12-06 05:45:18.963: I/CarrierServices(7930): [618] dll.a: Received Provisioning Event: [Bugle information (100)]
12-06 05:45:18.985: I/PTCommittedOperation(14793): Receive new configuration for com.google.android.gms.platformconfigurator
12-06 05:45:19.021: I/CarrierServices(7930): [618] dll.a: JibeService is running, passing event to provisioning engine.
12-06 05:45:19.051: W/ConnectionTracker(16259): Exception thrown while unbinding
12-06 05:45:19.051: W/ConnectionTracker(16259): java.lang.IllegalArgumentException: Service not registered: lx@8d0d27f
12-06 05:45:19.051: W/ConnectionTracker(16259): 	at android.app.LoadedApk.forgetServiceDispatcher(LoadedApk.java:1484)
12-06 05:45:19.051: W/ConnectionTracker(16259): 	at android.app.ContextImpl.unbindService(ContextImpl.java:1639)
12-06 05:45:19.051: W/ConnectionTracker(16259): 	at android.content.ContextWrapper.unbindService(ContextWrapper.java:703)
12-06 05:45:19.051: W/ConnectionTracker(16259): 	at ci.b(:com.google.android.gms.dynamite_measurementdynamite@203915127@20.39.15 (110304-0):1)
12-06 05:45:19.051: W/ConnectionTracker(16259): 	at ci.a(:com.google.android.gms.dynamite_measurementdynamite@203915127@20.39.15 (110304-0):6)
12-06 05:45:19.051: W/ConnectionTracker(16259): 	at ly.A(:com.google.android.gms.dynamite_measurementdynamite@203915127@20.39.15 (110304-0):10)
12-06 05:45:19.051: W/ConnectionTracker(16259): 	at li.a(:com.google.android.gms.dynamite_measurementdynamite@203915127@20.39.15 (110304-0):2)
12-06 05:45:19.051: W/ConnectionTracker(16259): 	at ec.run(:com.google.android.gms.dynamite_measurementdynamite@203915127@20.39.15 (110304-0):3)
12-06 05:45:19.051: W/ConnectionTracker(16259): 	at java.util.concurrent.Executors$RunnableAdapter.call(Executors.java:457)
12-06 05:45:19.051: W/ConnectionTracker(16259): 	at java.util.concurrent.FutureTask.run(FutureTask.java:266)
12-06 05:45:19.051: W/ConnectionTracker(16259): 	at jb.run(:com.google.android.gms.dynamite_measurementdynamite@203915127@20.39.15 (110304-0):6)
12-06 05:45:19.066: I/ChromeSync(14902): [Sync,SyncIntentOperation] Handling the intent: Intent { act=com.google.android.gms.phenotype.COMMITTED flg=0x10 pkg=com.google.android.gms cmp=com.google.android.gms/.chimera.GmsIntentOperationService (has extras) }.
12-06 05:45:19.070: I/MdiSyncModule(14902): flag handling is skipping irrelevant intent.
12-06 05:45:19.073: W/ModuleInitIntentOp(14902): Dropping unexpected action com.google.android.gms.phenotype.COMMITTED
12-06 05:45:19.081: I/NetworkScheduler.Stats(14793): Task com.google.android.gms/com.google.android.gms.clearcut.uploader.QosUploaderService started execution. cause:5 exec_start_elapsed_seconds: 938 [CONTEXT service_id=218 ]
12-06 05:45:19.089: I/CarrierServices(7930): [618] cyr.a: Handling Provisioning Event: [Bugle information (100)]
12-06 05:45:19.101: I/ChromeSync(14902): [Sync,SyncIntentOperation] Handling the intent: Intent { act=com.google.android.gms.phenotype.COMMITTED flg=0x10 pkg=com.google.android.gms cmp=com.google.android.gms/.chimera.GmsIntentOperationService (has extras) }.
12-06 05:45:19.109: I/MdiSyncModule(14902): flag handling is skipping irrelevant intent.
12-06 05:45:19.114: W/ModuleInitIntentOp(14902): Dropping unexpected action com.google.android.gms.phenotype.COMMITTED
12-06 05:45:19.151: I/CarrierServices(7930): [618] czb.a: RcsAvailabilityManager: Calculating Rcs Availability
12-06 05:45:19.190: I/CarrierServices(7930): [618] czb.a: Bugle ContentProvider is disabled by p/h flag, using ProvisioningEngineStateCacheUtil.getBugleHasRequiredPermission()
12-06 05:45:19.193: I/TestSupport(14902): AwaitCommitOperation: uncommitted: FlagOverride(com.google.android.gms.auth.api.credentials, , Flag(SaveStrategy__enableSaving, false, 2, 0), false) [CONTEXT service_id=133 ]
12-06 05:45:19.196: I/TestSupport(14902): AwaitCommitOperation:  sleeping for 5120 msec. [CONTEXT service_id=133 ]
12-06 05:45:19.206: I/CarrierServices(7930): [618] czb.a: Bugle has minimum required RCS permissions: true
12-06 05:45:19.209: W/mtkmal(319): type=1400 audit(0.0:384): avc: denied { open } for path="/proc/319/net/dev" dev="proc" ino=4026533568 scontext=u:r:mtkmal:s0 tcontext=u:object_r:proc_net:s0 tclass=file permissive=0
12-06 05:45:19.233: I/CarrierServices(7930): [618] day.d: RCS Configuration storage in Bugle is disabled by p/h flag, using ProvisioningEngineStateCacheUtil.getProvisioningConfigurationForGivenSim()
12-06 05:45:19.262: I/PTCommittedOperation(14793): Receive new configuration for com.google.android.gms.backup
12-06 05:45:19.272: I/ChromeSync(14902): [Sync,SyncIntentOperation] Handling the intent: Intent { act=com.google.android.gms.phenotype.COMMITTED flg=0x10 pkg=com.google.android.gms cmp=com.google.android.gms/.chimera.GmsIntentOperationService (has extras) }.
12-06 05:45:19.275: I/PTCommittedOperation(14793): Receive new configuration for com.google.android.libraries.consentverifier#com.google.android.gms
12-06 05:45:19.282: I/MdiSyncModule(14902): flag handling is skipping irrelevant intent.
12-06 05:45:19.280: I/CarrierServices(7930): [618] day.a: Bugle ContentProvider is disabled by p/h flag, using ProvisioningEngineStateCacheUtil.getBugleEnabledRcsFromPreference()
12-06 05:45:19.289: W/ModuleInitIntentOp(14902): Dropping unexpected action com.google.android.gms.phenotype.COMMITTED
12-06 05:45:19.325: I/CarrierServices(7930): [618] day.a: Rcs is enabled from user settings: true
12-06 05:45:19.359: I/CarrierServices(7930): [618] day.b: Bugle ContentProvider is disabled by p/h flag, using ProvisioningEngineStateCacheUtil.isBugleDefaultSmsApp()
12-06 05:45:19.374: I/SignalClusterView(1106): updateDisplayVoLte mShowVoLteIcon: false mNoSimsVisible: true mIsAirplaneMode: false showWfc: false  showVolte: false
12-06 05:45:19.374: I/SignalClusterView(1106): updateDisplayVoLte mShowVoLteIcon: false mNoSimsVisible: true mIsAirplaneMode: false showWfc: false  showVolte: false
12-06 05:45:19.376: I/zygote(14793): Do full code cache collection, code=1019KB, data=742KB
12-06 05:45:19.384: I/zygote(14793): After code cache collection, code=940KB, data=656KB
12-06 05:45:19.386: I/CarrierServices(7930): [618] day.b: Bugle is default SMS app: true
12-06 05:45:19.416: W/CarrierServices(7930): [618] dci.a: No config URL. RCS will be disabled!
12-06 05:45:19.431: I/NetworkScheduler.Stats(14793): Task com.google.android.gms/com.google.android.gms.clearcut.uploader.QosUploaderService finished executing. cause:5 result: 1 elapsed_millis: 589 uptime_millis: 589 exec_start_elapsed_seconds: 938 [CONTEXT service_id=218 ]
12-06 05:45:19.447: I/CarrierServices(7930): [618] day.d: RCS Configuration storage in Bugle is disabled by p/h flag, using ProvisioningEngineStateCacheUtil.getProvisioningConfigurationForGivenSim()
12-06 05:45:19.485: I/CarrierServices(7930): [618] day.d: RCS Configuration storage in Bugle is disabled by p/h flag, using ProvisioningEngineStateCacheUtil.getProvisioningConfigurationForGivenSim()
12-06 05:45:19.503: I/ChromeSync(14902): [Sync,SyncIntentOperation] Handling the intent: Intent { act=com.google.android.gms.phenotype.COMMITTED flg=0x10 pkg=com.google.android.gms cmp=com.google.android.gms/.chimera.GmsIntentOperationService (has extras) }.
12-06 05:45:19.510: I/PTCommittedOperation(14793): Receive new configuration for com.google.android.gms.auth_account
12-06 05:45:19.515: I/MdiSyncModule(14902): flag handling is skipping irrelevant intent.
12-06 05:45:19.522: W/ModuleInitIntentOp(14902): Dropping unexpected action com.google.android.gms.phenotype.COMMITTED
12-06 05:45:19.572: I/PTCommittedOperation(14793): Receive new configuration for com.google.android.gms.family
12-06 05:45:19.584: I/ChromeSync(14902): [Sync,SyncIntentOperation] Handling the intent: Intent { act=com.google.android.gms.phenotype.COMMITTED flg=0x10 pkg=com.google.android.gms cmp=com.google.android.gms/.chimera.GmsIntentOperationService (has extras) }.
12-06 05:45:19.590: I/MdiSyncModule(14902): flag handling is skipping irrelevant intent.
12-06 05:45:19.593: W/ModuleInitIntentOp(14902): Dropping unexpected action com.google.android.gms.phenotype.COMMITTED
12-06 05:45:19.597: I/CarrierServices(7930): [618] day.d: RCS Configuration storage in Bugle is disabled by p/h flag, using ProvisioningEngineStateCacheUtil.getProvisioningConfigurationForGivenSim()
12-06 05:45:19.646: I/CarrierServices(7930): [618] due.b: Checking if using CarrierServices.apk is possible. Enabled: true, isAtLeastM: true, runningInsideBugle: false
12-06 05:45:19.658: I/System.out(14902): checkUrl: https://app-measurement.com/a
12-06 05:45:19.662: W/System(14902): ClassLoader referenced unknown path: system/framework/mediatek-cta.jar
12-06 05:45:19.665: I/System.out(14902): e:java.lang.ClassNotFoundException: com.mediatek.cta.CtaHttp
12-06 05:45:19.677: I/CarrierServices(7930): [618] bki.onCsLibPhenotypeUpdated: BindingManager: binding and reset P/H Flag stay same
12-06 05:45:19.690: I/CarrierServices(7930): [618] czb.a: RcsAvailabilityManager: Rcs Availability still DISABLED_SIM_ABSENT (RCS is disabled due to SIM absent)
12-06 05:45:19.708: I/System.out(14902): Check isMmsSendPdu
12-06 05:45:19.709: W/System(14902): ClassLoader referenced unknown path: system/framework/mediatek-cta.jar
12-06 05:45:19.711: I/System.out(14902): [OkHttp] sendRequest<<
