12-06 05:44:35.369: I/ModuleSetMgr(14902): Container features not yet downloaded are disabled.
12-06 05:44:35.405: I/ModuleSetMgr(14902): Pending container module APKs: []
12-06 05:44:35.406: I/ModuleSetMgr(14902): Pending non-container module APKs: []
12-06 05:44:35.473: W/PackageParser(14902): Unknown element under <manifest>: queries at /data/user_de/0/com.google.android.gms/app_chimera/m/00000000/AdsDynamite.apk Binary XML file line #5
12-06 05:44:35.496: I/app_process(15682): The ClassLoaderContext is a special shared library.
12-06 05:44:35.572: I/TestSupport(14902): Activate: 1607068800000@1607262275454 [CONTEXT service_id=133 ]
12-06 05:44:35.578: I/TestSupport(14902): Boot time: 1607261379860 [CONTEXT service_id=133 ]
12-06 05:44:35.640: E/asset(15703): setgid: Operation not permitted
12-06 05:44:35.706: I/vendor.mediatek.hardware.power@1.1-impl(291): querySysInfo cmd:6, param:0
12-06 05:44:35.707: I/powerd(291): [powerd_req] POWER_MSG_QUERY_INFO: cmd:6, param:0
12-06 05:44:35.707: I/libPerfService(291): perfUserGetCapability - cmd:6, id:0, value:3920
12-06 05:44:35.732: E/PowerHalWrapper(744): <setInstallationBoost> enable:true
12-06 05:44:35.741: I/TestSupport(14902): Updated: /data/data/com.google.android.gms/app_testsupport/.startup [CONTEXT service_id=133 ]
12-06 05:44:35.789: I/zygote(14902): Deoptimizing java.lang.Object bkcg.next() due to JIT inline cache
12-06 05:44:35.790: I/zygote(14902): Deoptimizing java.lang.Object bjrv.a(int) due to JIT inline cache
12-06 05:44:35.821: I/ChimeraCfgMgr(14902): Received com.google.android.chimera.IntentOperation.NEW_MODULE(1/0): 1,false
12-06 05:44:35.824: I/Auth(14902): [SupervisedAccountIntentOperation] onHandleIntent(): android.intent.action.PACKAGE_ADDED
12-06 05:44:35.825: I/Auth(14902): [SupervisedAccountIntentOperation] This operation is disabled
12-06 05:44:35.834: I/ChromeSync(14902): [Sync,SyncIntentOperation] Handling the intent: Intent { act=android.intent.action.PACKAGE_ADDED dat=package:com.google.android.gms.policy_test_support flg=0x4000010 pkg=com.google.android.gms cmp=com.google.android.gms/.chimera.GmsIntentOperationService (has extras) }.
12-06 05:44:35.836: E/PowerHalWrapper(744): <setInstallationBoost> enable:true
12-06 05:44:35.906: I/ChimeraSrvcProxy(14902): NullBinder for com.google.android.mdh.service.START triggering remote TransactionTooLargeException due to Service without Chimera impl
12-06 05:44:35.937: E/JavaBinder(14793): !!! FAILED BINDER TRANSACTION !!!  (parcel size = 916)
12-06 05:44:35.983: W/GmsClient(14793): IGmsServiceBroker.getService failed
12-06 05:44:35.983: W/GmsClient(14793): android.os.DeadObjectException: Transaction failed on small parcel; remote process probably died
12-06 05:44:35.983: W/GmsClient(14793): 	at android.os.BinderProxy.transactNative(Native Method)
12-06 05:44:35.983: W/GmsClient(14793): 	at android.os.BinderProxy.transact(Binder.java:764)
12-06 05:44:35.983: W/GmsClient(14793): 	at qcf.a(:com.google.android.gms@203915062@20.39.15 (110304-335085812):5)
12-06 05:44:35.983: W/GmsClient(14793): 	at qah.a(:com.google.android.gms@203915062@20.39.15 (110304-335085812):83)
12-06 05:44:35.983: W/GmsClient(14793): 	at ply.run(:com.google.android.gms@203915062@20.39.15 (110304-335085812):7)
12-06 05:44:35.983: W/GmsClient(14793): 	at android.os.Handler.handleCallback(Handler.java:790)
12-06 05:44:35.983: W/GmsClient(14793): 	at android.os.Handler.dispatchMessage(Handler.java:99)
12-06 05:44:35.983: W/GmsClient(14793): 	at aaxh.a(:com.google.android.gms@203915062@20.39.15 (110304-335085812):2)
12-06 05:44:35.983: W/GmsClient(14793): 	at aaxh.dispatchMessage(:com.google.android.gms@203915062@20.39.15 (110304-335085812):11)
12-06 05:44:35.983: W/GmsClient(14793): 	at android.os.Looper.loop(Looper.java:164)
12-06 05:44:35.983: W/GmsClient(14793): 	at android.os.HandlerThread.run(HandlerThread.java:65)
12-06 05:44:35.986: I/ChromeSync(14902): [Persistence,AffiliationManager] One of affiliation or grouping data for android://JQGPsg9dd2HvcQ3NOvpIBkUqO05p1z872yyCqMPGKyYTrXaagXb_cTSR6Tw7zvKHuN1SL7HTpLIIpZ7kfHKqVA==@com.google.android.gms.policy_test_support/ was not found. Marking affiliation data as stale...
12-06 05:44:36.108: W/dex2oat(15699): Using default instruction set features for ARM CPU variant (default) using conservative defaults
12-06 05:44:36.109: I/dex2oat(15699): The ClassLoaderContext is a special shared library.
12-06 05:44:36.112: I/dex2oat(15699): /system/bin/dex2oat -j4 --dex-file=/data/user_de/0/com.google.android.gms/app_chimera/m/00000000/AdsDynamite.apk --output-vdex-fd=49 --oat-fd=66 --oat-location=/data/user_de/0/com.google.android.gms/app_chimera/m/00000000/oat/arm/AdsDynamite.odex --compiler-filter=quicken --class-loader-context=&
12-06 05:44:36.125: I/zygote(14902): Background concurrent copying GC freed 99502(6MB) AllocSpace objects, 1(316KB) LOS objects, 41% free, 8MB/14MB, paused 436us total 746.079ms
12-06 05:44:36.141: W/dex2oat(15699): Could not reserve sentinel fault page
12-06 05:44:36.146: I/System.out(15198): checkUrl: https://www.googleapis.com/androidantiabuse/v1/x/create?alt=PROTO&key=AIzaSyBofcZsgLSS7BOnBjZPEkk4rYwzOIz-lTI
12-06 05:44:36.147: W/System(15198): ClassLoader referenced unknown path: system/framework/mediatek-cta.jar
12-06 05:44:36.149: I/System.out(15198): e:java.lang.ClassNotFoundException: com.mediatek.cta.CtaHttp
12-06 05:44:36.152: I/System.out(15198): Check isMmsSendPdu
12-06 05:44:36.152: W/System(15198): ClassLoader referenced unknown path: system/framework/mediatek-cta.jar
12-06 05:44:36.154: I/System.out(15198): [OkHttp] sendRequest<<
12-06 05:44:36.163: I/ChimeraSrvcProxy(14902): NullBinder for com.google.android.mdh.service.listener.START triggering remote TransactionTooLargeException due to Service without Chimera impl
12-06 05:44:36.164: E/JavaBinder(14793): !!! FAILED BINDER TRANSACTION !!!  (parcel size = 308)
12-06 05:44:36.177: W/GmsClient(14793): IGmsServiceBroker.getService failed
12-06 05:44:36.177: W/GmsClient(14793): android.os.DeadObjectException: Transaction failed on small parcel; remote process probably died
12-06 05:44:36.177: W/GmsClient(14793): 	at android.os.BinderProxy.transactNative(Native Method)
12-06 05:44:36.177: W/GmsClient(14793): 	at android.os.BinderProxy.transact(Binder.java:764)
12-06 05:44:36.177: W/GmsClient(14793): 	at qcf.a(:com.google.android.gms@203915062@20.39.15 (110304-335085812):5)
12-06 05:44:36.177: W/GmsClient(14793): 	at qah.a(:com.google.android.gms@203915062@20.39.15 (110304-335085812):83)
12-06 05:44:36.177: W/GmsClient(14793): 	at ply.run(:com.google.android.gms@203915062@20.39.15 (110304-335085812):7)
12-06 05:44:36.177: W/GmsClient(14793): 	at android.os.Handler.handleCallback(Handler.java:790)
12-06 05:44:36.177: W/GmsClient(14793): 	at android.os.Handler.dispatchMessage(Handler.java:99)
12-06 05:44:36.177: W/GmsClient(14793): 	at aaxh.a(:com.google.android.gms@203915062@20.39.15 (110304-335085812):2)
12-06 05:44:36.177: W/GmsClient(14793): 	at aaxh.dispatchMessage(:com.google.android.gms@203915062@20.39.15 (110304-335085812):11)
12-06 05:44:36.177: W/GmsClient(14793): 	at android.os.Looper.loop(Looper.java:164)
12-06 05:44:36.177: W/GmsClient(14793): 	at android.os.HandlerThread.run(HandlerThread.java:65)
12-06 05:44:36.291: I/SignalClusterView(1106): updateDisplayVoLte mShowVoLteIcon: false mNoSimsVisible: true mIsAirplaneMode: false showWfc: false  showVolte: false
12-06 05:44:36.292: I/SignalClusterView(1106): updateDisplayVoLte mShowVoLteIcon: false mNoSimsVisible: true mIsAirplaneMode: false showWfc: false  showVolte: false
12-06 05:44:36.587: I/PackageManager.DexOptimizer(744): Running dexopt (dexoptNeeded=1) on: /data/app/com.google.android.gmscore.testing.testsupport-urn-KypdGFdafE1fquXAxA==/base.apk pkg=com.google.android.gmscore.testing.testsupport isa=arm dexoptFlags=boot_complete,public target-filter=quicken oatDir=/data/app/com.google.android.gmscore.testing.testsupport-urn-KypdGFdafE1fquXAxA==/oat sharedLibraries=PCL[]
12-06 05:44:36.600: I/System.out(14902): checkUrl: https://www.googleapis.com/androidcheck/v1/attestations/adAttest?key=AIzaSyDaepk5bynjTA7ZhzF_0fzIHIXAkZlz3dA
12-06 05:44:36.603: W/System(14902): ClassLoader referenced unknown path: system/framework/mediatek-cta.jar
12-06 05:44:36.609: I/GmsModuleFndr(14902): Beginning GMS chimera module scan
12-06 05:44:36.618: I/System.out(14902): e:java.lang.ClassNotFoundException: com.mediatek.cta.CtaHttp
12-06 05:44:36.654: W/System(14902): ClassLoader referenced unknown path: system/framework/mediatek-cta.jar
12-06 05:44:36.656: I/System.out(14902): e:java.lang.ClassNotFoundException: com.mediatek.cta.CtaHttp
12-06 05:44:36.662: I/System.out(14902): checkUrl: https://www.googleapis.com/androidantiabuse/v1/x/create_lite?alt=PROTO&key=AIzaSyBofcZsgLSS7BOnBjZPEkk4rYwzOIz-lTI
12-06 05:44:36.664: I/ModuleSetMgr(14902): Computing pending module set with APKs: [[AdsFdrDynamite.integ:21880000004], [Cronetdynamite:203915110304], [Dynamiteloader:203915110004], [Dynamitemodulesa:203915110004], [Dynamitemodulesc:203915110004], [Googlecertificates:203915110004], [Mapsdynamite:203915110004], [Measurementdynamite:203915110004]]
12-06 05:44:36.666: W/System(14902): ClassLoader referenced unknown path: system/framework/mediatek-cta.jar
12-06 05:44:36.672: I/ModuleSetMgr(14902): Container features not yet downloaded are disabled.
12-06 05:44:36.677: I/System.out(14902): e:java.lang.ClassNotFoundException: com.mediatek.cta.CtaHttp
12-06 05:44:36.679: W/System(14902): ClassLoader referenced unknown path: system/framework/mediatek-cta.jar
12-06 05:44:36.683: W/Conscrypt(14902): Could not set socket write timeout: java.net.SocketException: Socket closed
12-06 05:44:36.684: W/Conscrypt(14902): 	at com.google.android.gms.org.conscrypt.Platform.setSocketWriteTimeout(:com.google.android.gms@203915062@20.39.15 (110304-335085812):2)
12-06 05:44:36.684: W/Conscrypt(14902): 	at com.google.android.gms.org.conscrypt.ConscryptFileDescriptorSocket.setSoWriteTimeout(:com.google.android.gms@203915062@20.39.15 (110304-335085812):0)
12-06 05:44:36.684: I/ModuleSetMgr(14902): Pending container module APKs: []
12-06 05:44:36.685: I/ModuleSetMgr(14902): Pending non-container module APKs: []
12-06 05:44:36.689: I/System.out(14902): e:java.lang.ClassNotFoundException: com.mediatek.cta.CtaHttp
12-06 05:44:36.708: W/Conscrypt(14902): Could not set socket write timeout: java.net.SocketException: Socket closed
12-06 05:44:36.720: W/Conscrypt(14902): 	at com.google.android.gms.org.conscrypt.Platform.setSocketWriteTimeout(:com.google.android.gms@203915062@20.39.15 (110304-335085812):2)
12-06 05:44:36.720: W/Conscrypt(14902): 	at com.google.android.gms.org.conscrypt.ConscryptFileDescriptorSocket.setSoWriteTimeout(:com.google.android.gms@203915062@20.39.15 (110304-335085812):0)
12-06 05:44:36.729: I/dex2oat(15709): /system/bin/dex2oat --input-vdex-fd=-1 --output-vdex-fd=10 --compiler-filter=quicken -j4 --classpath-dir=/data/app/com.google.android.gmscore.testing.testsupport-urn-KypdGFdafE1fquXAxA== --class-loader-context=PCL[]
12-06 05:44:36.742: W/PackageParser(14902): Unknown element under <manifest>: queries at /data/user_de/0/com.google.android.gms/app_chimera/m/00000000/AdsDynamite.apk Binary XML file line #5
12-06 05:44:36.765: W/dex2oat(15709): Could not reserve sentinel fault page
12-06 05:44:36.881: W/Conscrypt(14902): Could not set socket write timeout: java.net.SocketException: Socket closed
12-06 05:44:36.881: W/Conscrypt(14902): 	at com.google.android.gms.org.conscrypt.Platform.setSocketWriteTimeout(:com.google.android.gms@203915062@20.39.15 (110304-335085812):2)
12-06 05:44:36.881: W/Conscrypt(14902): 	at com.google.android.gms.org.conscrypt.ConscryptFileDescriptorSocket.setSoWriteTimeout(:com.google.android.gms@203915062@20.39.15 (110304-335085812):0)
12-06 05:44:36.901: I/System.out(14902): Check isMmsSendPdu
12-06 05:44:36.901: W/System(14902): ClassLoader referenced unknown path: system/framework/mediatek-cta.jar
12-06 05:44:36.914: W/Conscrypt(14902): Could not set socket write timeout: java.net.SocketException: Socket closed
12-06 05:44:36.915: W/Conscrypt(14902): 	at com.google.android.gms.org.conscrypt.Platform.setSocketWriteTimeout(:com.google.android.gms@203915062@20.39.15 (110304-335085812):2)
12-06 05:44:36.915: W/Conscrypt(14902): 	at com.google.android.gms.org.conscrypt.ConscryptFileDescriptorSocket.setSoWriteTimeout(:com.google.android.gms@203915062@20.39.15 (110304-335085812):0)
12-06 05:44:36.919: I/System.out(14902): [OkHttp] sendRequest<<
12-06 05:44:36.929: I/System.out(14902): Check isMmsSendPdu
12-06 05:44:36.929: W/System(14902): ClassLoader referenced unknown path: system/framework/mediatek-cta.jar
12-06 05:44:36.956: I/System.out(14902): [OkHttp] sendRequest<<
12-06 05:44:37.035: I/alde(14793): Scheduling Phenotype for a PhenotypeSyncImmediately(6, org.chromium.net.cronet) one off with window [1, 2] in seconds [CONTEXT service_id=51 ]
12-06 05:44:37.139: I/zygote(14902): Do full code cache collection, code=494KB, data=355KB
12-06 05:44:37.167: I/zygote(14902): After code cache collection, code=474KB, data=314KB
12-06 05:44:37.209: W/mtkmal(319): type=1400 audit(0.0:362): avc: denied { open } for path="/proc/319/net/dev" dev="proc" ino=4026533568 scontext=u:r:mtkmal:s0 tcontext=u:object_r:proc_net:s0 tclass=file permissive=0
12-06 05:44:37.320: E/PhenotypeRegOp(14902): Attempting to overwrite config package for com.google.android.gms.games [CONTEXT service_id=231 ]
12-06 05:44:37.328: E/PhenotypeRegOp(14902): Attempting to overwrite config package for com.google.android.gms.cast [CONTEXT service_id=231 ]
12-06 05:44:37.331: E/PhenotypeRegOp(14902): Attempting to overwrite config package for com.google.android.gms.nearby [CONTEXT service_id=231 ]
12-06 05:44:37.333: E/PhenotypeRegOp(14902): Attempting to overwrite config package for com.google.android.gms.nearby [CONTEXT service_id=231 ]
12-06 05:44:37.344: E/PhenotypeRegOp(14902): Attempting to overwrite config package for com.google.android.gms.signin [CONTEXT service_id=231 ]
12-06 05:44:37.351: E/PhenotypeRegOp(14902): Attempting to overwrite config package for com.google.android.gms.udc [CONTEXT service_id=231 ]
12-06 05:44:37.605: I/NetworkScheduler.Stats(14793): Task com.google.android.gms/com.google.android.gms.gass.chimera.SchedulePeriodicTasksService finished executing. cause:5 result: 1 elapsed_millis: 4717 uptime_millis: 4717 exec_start_elapsed_seconds: 893 [CONTEXT service_id=218 ]
12-06 05:44:37.668: I/zygote(14902): Background concurrent copying GC freed 69063(4MB) AllocSpace objects, 28(2MB) LOS objects, 42% free, 7MB/13MB, paused 315us total 187.911ms
12-06 05:44:37.728: I/vendor.mediatek.hardware.power@1.1-impl(291): querySysInfo cmd:6, param:0
12-06 05:44:37.730: I/powerd(291): [powerd_req] POWER_MSG_QUERY_INFO: cmd:6, param:0
12-06 05:44:37.730: I/libPerfService(291): perfUserGetCapability - cmd:6, id:0, value:3920
12-06 05:44:37.792: I/NetworkScheduler.Stats(14793): Task com.google.android.gms/com.google.android.gms.ads.social.GcmSchedulerWakeupService started execution. cause:5 exec_start_elapsed_seconds: 897 [CONTEXT service_id=218 ]
12-06 05:44:37.823: I/NetworkScheduler.Stats(14793): Task com.google.android.gms/com.google.android.gms.ads.social.GcmSchedulerWakeupService finished executing. cause:5 result: 1 elapsed_millis: 94 uptime_millis: 94 exec_start_elapsed_seconds: 897 [CONTEXT service_id=218 ]
12-06 05:44:37.975: I/NetworkScheduler.Stats(14793): Task com.google.android.gms/com.google.android.gms.gcm.gmsproc.GcmInGmsTaskService started execution. cause:5 exec_start_elapsed_seconds: 898 [CONTEXT service_id=218 ]
12-06 05:44:37.977: I/GCM-GMS(14902): Registering GMS 745476177629
12-06 05:44:38.020: I/System.out(14793): checkUrl: https://android.clients.google.com/c2dm/register3
12-06 05:44:38.026: W/System(14793): ClassLoader referenced unknown path: system/framework/mediatek-cta.jar
12-06 05:44:38.029: I/System.out(14793): e:java.lang.ClassNotFoundException: com.mediatek.cta.CtaHttp
12-06 05:44:38.071: W/ProxyAndroidLoggerBackend(15204): Too many Flogger logs received before configuration. Dropping old logs.
12-06 05:44:38.072: W/ProxyAndroidLoggerBackend(15204): Too many Flogger logs received before configuration. Dropping old logs.
12-06 05:44:38.073: I/Finsky:download_service(15381): [2] szp.onDestroy(8): IPC-SERVER: Stopping gRPC host service...
12-06 05:44:38.078: I/System.out(14793): Check isMmsSendPdu
12-06 05:44:38.078: W/System(14793): ClassLoader referenced unknown path: system/framework/mediatek-cta.jar
12-06 05:44:38.080: I/System.out(14793): [OkHttp] sendRequest<<
12-06 05:44:38.203: I/MAL-Daemon(319):  (      mfi_task_bootstrap,  400) mfi_task_bootstrap(): an event EVENT_ATMNGR_URC(18) incoming from FD 25!!
12-06 05:44:38.204: I/MAL-RDS(319):  (         rds_ru_urc_hdlr, 2271) [RDS-I][RDS][rds_ru_urc_hdlr] get URC data: +ECSQ: 255,255,1,1,1,1,1,7,32767
12-06 05:44:38.205: I/MAL-RDS(319):  (          rds_ru_rpl_gen, 7629) [RDS-I][RU][rds_ru_rpl_gen][RDS] Current policy: fgimsolte_en<1>, fgwfc_en<0>, erdspolicy<3>,||Threshold i4wifirssih<-75>, i4wifirssil<-85>, i4wifirssih_ho<-78>, i4wifirssil_ho<-88>, i4wifisnrh<10>, i4wifisnrl<6>||Threshold i4ltersrph<-106>, i4ltersrpm<-111>, i4ltersrpl<-116>, i4ltersrqh<5>, i4ltersrqm<3>, i4ltersrql<1>||Threshold i4utranrscph<-104>, i4utranrscpl<-110>, i4gsmrssih<-94>, i4gsmrssil<-102>||current rds ru status: i4wifirssi<-48>, i4wifisnr<9999>, i4ltersrp<-141>, i4ltersrq<40>, i4utranrscp<-141>, i4gsmrssi<-141>, u4active_ran<1>, flight_mode_activating<0>, ims_roamb<-1>, mms_roamb<-1>||current wifi backhaul : rtp_plr<0>, rtp_jitter<0>, ping_ind<0>||pcscf acc stat : volte<1>, wfc<1> || wifi acc_ctrl:<0>, || current MD stat : MD1 roam <0>, ||Call stat : IR92<0>, IR94<0>, SMS over IP<0>
12-06 05:44:38.377: I/GCM-GMS(14902): Got GMS registration
12-06 05:44:38.439: I/Authzen(14902): [AuthZenEventHandler] Handling event: com.google.android.gms.gcm.REGISTERED
12-06 05:44:38.455: I/DataShapingService(744): openLteGateSuccess = false
12-06 05:44:38.465: I/NetworkScheduler.Stats(14793): Task com.google.android.gms/com.google.android.gms.gcm.gmsproc.GcmInGmsTaskService finished executing. cause:5 result: 1 elapsed_millis: 499 uptime_millis: 500 exec_start_elapsed_seconds: 898 [CONTEXT service_id=218 ]
12-06 05:44:38.475: I/zygote(14793): Background concurrent copying GC freed 76533(4MB) AllocSpace objects, 15(1948KB) LOS objects, 43% free, 7MB/13MB, paused 282us total 190.725ms
12-06 05:44:38.633: W/ChimeraConfigurator(14902): Error syncing flags: oln: SYNC_TIMEOUT, java.util.concurrent.TimeoutException: Timed out waiting for Task
12-06 05:44:38.633: I/ChmraDebugLogger(14902): [79] SYNC_TIMEOUT, java.util.concurrent.TimeoutException: Timed out waiting for Task
12-06 05:44:38.661: I/ChmraDebugLogger(14902): [52] null
12-06 05:44:38.701: I/GeofencerStateMachine(14793): removeGeofences: removeRequest=RemoveGeofencingRequest[REMOVE_BY_PENDING_INTENT pendingIntent=PendingIntent[creatorPackage=com.google.android.gms], packageName=com.google.android.gms]
12-06 05:44:38.719: I/ChimeraConfigService(14902): Scheduling checkin for one-off execution between [3300,43200] seconds from now (1607262278719)
12-06 05:44:38.740: I/ChmraDebugLogger(14902): [83] 1 [vision.ocr]
12-06 05:44:38.740: I/GCoreUlr(14793): GCM registration ID changed: Intent { act=com.google.android.gms.gcm.REGISTERED flg=0x10 pkg=com.google.android.gms cmp=com.google.android.gms/com.google.android.location.reporting.service.GcmRegistrationReceiver }
12-06 05:44:38.776: I/ChimeraConfigService(14902): Scheduling checkin every 120 seconds, with flex of 60 seconds
12-06 05:44:38.794: I/NetworkScheduler.Stats(14793): Task com.google.android.gms/com.google.android.gms.auth.account.be.legacy.AuthCronService started execution. cause:5 exec_start_elapsed_seconds: 898 [CONTEXT service_id=218 ]
12-06 05:44:38.821: W/dex2oat(15699): Verification of com.google.android.gms.ads.internal.request.w com.google.android.gms.ads.internal.request.x.a(android.os.Parcel) took 206.994ms
12-06 05:44:38.822: E/MDM(14902): [1229] acuo.a: No Google accounts; deferring server state update.
12-06 05:44:38.827: I/Vision(14902): Requesting optional module download of ocr.
12-06 05:44:38.828: I/zygote(14902): Deoptimizing int cyw.a(bnzh, cyo, java.lang.Comparable) due to JIT inline cache
12-06 05:44:38.829: W/dex2oat(15699): Verification of java.lang.Object com.google.android.gms.ads.internal.request.z.createFromParcel(android.os.Parcel) took 213.466ms
12-06 05:44:38.829: I/Vision(14902): Checking for download completion for 908969 -- ocr
12-06 05:44:38.857: W/dex2oat(15699): Verification of org.json.JSONObject com.google.android.gms.ads.internal.request.service.g.a(android.content.Context, com.google.android.gms.ads.internal.request.service.a) took 158.937ms
12-06 05:44:38.886: W/ctxmgr(14793): [FencePendingIntentCache]Sending CONTEXT_MANAGER_RESTARTED broadcast to com.google.android.apps.wellbeing [CONTEXT service_id=47 ]
12-06 05:44:38.946: I/GeofencerStateMachine(14793): removeGeofences: removeRequest=RemoveGeofencingRequest[REMOVE_BY_PENDING_INTENT pendingIntent=PendingIntent[creatorPackage=com.google.android.gms], packageName=com.google.android.gms]
12-06 05:44:39.195: I/GCoreUlr(14793): Unbound from all signal providers.
12-06 05:44:39.195: I/GCoreUlr(14793): Stopping handler for UlrDispSvcFast
12-06 05:44:39.249: I/GCoreUlr(14793): DispatchingService ignoring Intent { act=android.net.wifi.WIFI_STATE_CHANGED flg=0x4000010 (has extras) } because ULR inactive
12-06 05:44:39.255: I/zygote(14793): Do partial code cache collection, code=508KB, data=367KB
12-06 05:44:39.279: I/zygote(14793): After code cache collection, code=503KB, data=364KB
12-06 05:44:39.279: I/zygote(14793): Increasing code cache capacity to 2MB
12-06 05:44:39.348: I/System.out(14793): checkUrl: https://android.clients.google.com/c2dm/register3
12-06 05:44:39.349: W/System(14793): ClassLoader referenced unknown path: system/framework/mediatek-cta.jar
12-06 05:44:39.361: I/System.out(14793): e:java.lang.ClassNotFoundException: com.mediatek.cta.CtaHttp
12-06 05:44:39.404: I/System.out(14793): Check isMmsSendPdu
12-06 05:44:39.404: W/System(14793): ClassLoader referenced unknown path: system/framework/mediatek-cta.jar
12-06 05:44:39.414: I/System.out(14793): [OkHttp] sendRequest<<
12-06 05:44:39.458: W/GLSUser(14793): [AppCertManager] Failed to get security token.
12-06 05:44:39.458: W/GLSUser(14793): java.io.IOException: INVALID_SENDER
12-06 05:44:39.458: W/GLSUser(14793): 	at zzz.b(:com.google.android.gms@203915062@20.39.15 (110304-335085812):22)
12-06 05:44:39.458: W/GLSUser(14793): 	at zzz.a(:com.google.android.gms@203915062@20.39.15 (110304-335085812):18)
12-06 05:44:39.458: W/GLSUser(14793): 	at zzz.a(:com.google.android.gms@203915062@20.39.15 (110304-335085812):11)
12-06 05:44:39.458: W/GLSUser(14793): 	at hsa.a(:com.google.android.gms@203915062@20.39.15 (110304-335085812):16)
12-06 05:44:39.458: W/GLSUser(14793): 	at hry.b(:com.google.android.gms@203915062@20.39.15 (110304-335085812):2)
12-06 05:44:39.458: W/GLSUser(14793): 	at hrt.a(:com.google.android.gms@203915062@20.39.15 (110304-335085812):0)
12-06 05:44:39.458: W/GLSUser(14793): 	at hrw.a(:com.google.android.gms@203915062@20.39.15 (110304-335085812):9)
12-06 05:44:39.458: W/GLSUser(14793): 	at fxe.call(:com.google.android.gms@203915062@20.39.15 (110304-335085812):0)
12-06 05:44:39.458: W/GLSUser(14793): 	at java.util.concurrent.FutureTask.run(FutureTask.java:266)
12-06 05:44:39.458: W/GLSUser(14793): 	at qnq.b(:com.google.android.gms@203915062@20.39.15 (110304-335085812):12)
12-06 05:44:39.458: W/GLSUser(14793): 	at qnq.run(:com.google.android.gms@203915062@20.39.15 (110304-335085812):7)
12-06 05:44:39.458: W/GLSUser(14793): 	at java.util.concurrent.ThreadPoolExecutor.runWorker(ThreadPoolExecutor.java:1162)
12-06 05:44:39.458: W/GLSUser(14793): 	at java.util.concurrent.ThreadPoolExecutor$Worker.run(ThreadPoolExecutor.java:636)
12-06 05:44:39.458: W/GLSUser(14793): 	at qtj.run(:com.google.android.gms@203915062@20.39.15 (110304-335085812):0)
12-06 05:44:39.458: W/GLSUser(14793): 	at java.lang.Thread.run(Thread.java:764)
12-06 05:44:39.482: I/System.out(14793): checkUrl: https://android.googleapis.com/auth/devicekey
12-06 05:44:39.487: W/System(14793): ClassLoader referenced unknown path: system/framework/mediatek-cta.jar
12-06 05:44:39.495: I/System.out(14793): e:java.lang.ClassNotFoundException: com.mediatek.cta.CtaHttp
12-06 05:44:39.504: I/System.out(14793): Check isMmsSendPdu
12-06 05:44:39.504: W/System(14793): ClassLoader referenced unknown path: system/framework/mediatek-cta.jar
12-06 05:44:39.506: I/System.out(14793): [OkHttp] sendRequest<<
12-06 05:44:39.589: I/NetworkScheduler.Stats(14793): Task com.google.android.gms/com.google.android.gms.auth.account.be.legacy.AuthCronService finished executing. cause:5 result: 1 elapsed_millis: 994 uptime_millis: 994 exec_start_elapsed_seconds: 898 [CONTEXT service_id=218 ]
12-06 05:44:39.594: I/ActivityManager(744): Killing 15066:com.google.android.apps.mtaas.deviceadmin/u0a123 (adj 906): empty #11
12-06 05:44:39.595: I/ActivityManager(744): Killing 14833:com.google.android.apps.photos/u0a108 (adj 906): empty #12
12-06 05:44:39.596: W/zygote(744): kill(-15066, 9) failed: No such process
12-06 05:44:39.695: I/chatty(744): uid=1000(system) ActivityManager identical 2 lines
12-06 05:44:39.740: W/zygote(744): kill(-15066, 9) failed: No such process
12-06 05:44:39.741: I/zygote(744): Successfully killed process cgroup uid 10123 pid 15066 in 144ms
12-06 05:44:39.741: W/zygote(744): kill(-14833, 9) failed: No such process
12-06 05:44:39.743: I/vendor.mediatek.hardware.power@1.1-impl(291): querySysInfo cmd:6, param:0
12-06 05:44:39.745: I/DisplayDevice(311): [Built-in Screen (type:0)] fps:0.364695,dur:5484.04,max:5473.47,min:10.57
12-06 05:44:39.746: I/powerd(291): [powerd_req] POWER_MSG_QUERY_INFO: cmd:6, param:0
12-06 05:44:39.746: I/libPerfService(291): perfUserGetCapability - cmd:6, id:0, value:3920
12-06 05:44:39.787: W/zygote(744): kill(-14833, 9) failed: No such process
12-06 05:44:39.821: W/dex2oat(15699): Verification of void com.google.android.gms.ads.nonagon.transaction.a.<init>(android.util.JsonReader) took 158.053ms
12-06 05:44:39.831: I/NetworkScheduler.Stats(14793): Task com.google.android.gms/com.google.android.gms.gcm.gmsproc.GcmInGmsTaskService started execution. cause:5 exec_start_elapsed_seconds: 899 [CONTEXT service_id=218 ]
12-06 05:44:39.832: W/zygote(744): kill(-14833, 9) failed: No such process
12-06 05:44:39.877: I/chatty(744): uid=1000(system) ActivityManager identical 1 line
12-06 05:44:39.920: W/zygote(744): kill(-14833, 9) failed: No such process
12-06 05:44:39.951: I/NetworkScheduler.Stats(14793): Task com.google.android.gms/com.google.android.gms.gcm.gmsproc.GcmInGmsTaskService finished executing. cause:5 result: 1 elapsed_millis: 195 uptime_millis: 195 exec_start_elapsed_seconds: 899 [CONTEXT service_id=218 ]
12-06 05:44:39.964: W/zygote(744): kill(-14833, 9) failed: No such process
12-06 05:44:40.094: I/chatty(744): uid=1000(system) ActivityManager identical 3 lines
12-06 05:44:40.140: W/zygote(744): kill(-14833, 9) failed: No such process
12-06 05:44:40.183: I/NetworkScheduler.Stats(14793): Task com.google.android.gms/com.google.android.gms.udc.service.UdcContextInitService started execution. cause:5 exec_start_elapsed_seconds: 900 [CONTEXT service_id=218 ]
12-06 05:44:40.187: W/zygote(744): kill(-14833, 9) failed: No such process
12-06 05:44:40.209: W/mtkmal(319): type=1400 audit(0.0:363): avc: denied { open } for path="/proc/319/net/dev" dev="proc" ino=4026533568 scontext=u:r:mtkmal:s0 tcontext=u:object_r:proc_net:s0 tclass=file permissive=0
12-06 05:44:40.234: W/zygote(744): kill(-14833, 9) failed: No such process
12-06 05:44:40.237: I/thermal_repeater(357): select timeout
12-06 05:44:40.235: I/zygote(744): Successfully killed process cgroup uid 10108 pid 14833 in 493ms
12-06 05:44:40.343: I/NetworkScheduler.Stats(14793): Task com.google.android.gms/com.google.android.gms.udc.service.UdcContextInitService finished executing. cause:5 result: 1 elapsed_millis: 243 uptime_millis: 243 exec_start_elapsed_seconds: 900 [CONTEXT service_id=218 ]
12-06 05:44:40.546: I/zygote(14793): Compiler allocated 6MB to compile void aldq.a(java.util.Set, java.util.List, java.lang.String, int, java.lang.String, boolean, bulg, aldp, java.util.LinkedHashMap, boolean)
12-06 05:44:41.126: I/ChimeraSrvcProxy(14902): NullBinder for com.google.android.mdh.service.START triggering remote TransactionTooLargeException due to Service without Chimera impl
12-06 05:44:41.130: E/JavaBinder(14793): !!! FAILED BINDER TRANSACTION !!!  (parcel size = 916)
12-06 05:44:41.131: W/GmsClient(14793): IGmsServiceBroker.getService failed
12-06 05:44:41.131: W/GmsClient(14793): android.os.DeadObjectException: Transaction failed on small parcel; remote process probably died
12-06 05:44:41.131: W/GmsClient(14793): 	at android.os.BinderProxy.transactNative(Native Method)
12-06 05:44:41.131: W/GmsClient(14793): 	at android.os.BinderProxy.transact(Binder.java:764)
12-06 05:44:41.131: W/GmsClient(14793): 	at qcf.a(:com.google.android.gms@203915062@20.39.15 (110304-335085812):5)
12-06 05:44:41.131: W/GmsClient(14793): 	at qah.a(:com.google.android.gms@203915062@20.39.15 (110304-335085812):83)
12-06 05:44:41.131: W/GmsClient(14793): 	at ply.run(:com.google.android.gms@203915062@20.39.15 (110304-335085812):7)
12-06 05:44:41.131: W/GmsClient(14793): 	at android.os.Handler.handleCallback(Handler.java:790)
12-06 05:44:41.131: W/GmsClient(14793): 	at android.os.Handler.dispatchMessage(Handler.java:99)
12-06 05:44:41.131: W/GmsClient(14793): 	at aaxh.a(:com.google.android.gms@203915062@20.39.15 (110304-335085812):2)
12-06 05:44:41.131: W/GmsClient(14793): 	at aaxh.dispatchMessage(:com.google.android.gms@203915062@20.39.15 (110304-335085812):11)
12-06 05:44:41.131: W/GmsClient(14793): 	at android.os.Looper.loop(Looper.java:164)
12-06 05:44:41.131: W/GmsClient(14793): 	at android.os.HandlerThread.run(HandlerThread.java:65)
12-06 05:44:41.151: I/dex2oat(15699): dex2oat took 5.043s (5.261s cpu) (threads: 4) arena alloc=24KB (25280B) java alloc=2MB (2281680B) native alloc=3MB (3801224B) free=2MB (2490232B)
12-06 05:44:41.182: I/zygote(14902): The ClassLoaderContext is a special shared library.
12-06 05:44:41.270: I/ChimeraSrvcProxy(14902): NullBinder for com.google.android.mdh.service.listener.START triggering remote TransactionTooLargeException due to Service without Chimera impl
12-06 05:44:41.272: E/JavaBinder(14793): !!! FAILED BINDER TRANSACTION !!!  (parcel size = 308)
12-06 05:44:41.274: W/GmsClient(14793): IGmsServiceBroker.getService failed
12-06 05:44:41.274: W/GmsClient(14793): android.os.DeadObjectException: Transaction failed on small parcel; remote process probably died
12-06 05:44:41.274: W/GmsClient(14793): 	at android.os.BinderProxy.transactNative(Native Method)
12-06 05:44:41.274: W/GmsClient(14793): 	at android.os.BinderProxy.transact(Binder.java:764)
12-06 05:44:41.274: W/GmsClient(14793): 	at qcf.a(:com.google.android.gms@203915062@20.39.15 (110304-335085812):5)
12-06 05:44:41.274: W/GmsClient(14793): 	at qah.a(:com.google.android.gms@203915062@20.39.15 (110304-335085812):83)
12-06 05:44:41.274: W/GmsClient(14793): 	at ply.run(:com.google.android.gms@203915062@20.39.15 (110304-335085812):7)
12-06 05:44:41.274: W/GmsClient(14793): 	at android.os.Handler.handleCallback(Handler.java:790)
12-06 05:44:41.274: W/GmsClient(14793): 	at android.os.Handler.dispatchMessage(Handler.java:99)
12-06 05:44:41.274: W/GmsClient(14793): 	at aaxh.a(:com.google.android.gms@203915062@20.39.15 (110304-335085812):2)
12-06 05:44:41.274: W/GmsClient(14793): 	at aaxh.dispatchMessage(:com.google.android.gms@203915062@20.39.15 (110304-335085812):11)
12-06 05:44:41.274: W/GmsClient(14793): 	at android.os.Looper.loop(Looper.java:164)
12-06 05:44:41.274: W/GmsClient(14793): 	at android.os.HandlerThread.run(HandlerThread.java:65)
12-06 05:44:41.301: I/SignalClusterView(1106): updateDisplayVoLte mShowVoLteIcon: false mNoSimsVisible: true mIsAirplaneMode: false showWfc: false  showVolte: false
12-06 05:44:41.301: I/SignalClusterView(1106): updateDisplayVoLte mShowVoLteIcon: false mNoSimsVisible: true mIsAirplaneMode: false showWfc: false  showVolte: false
12-06 05:44:41.319: W/dex2oat(15727): Using default instruction set features for ARM CPU variant (default) using conservative defaults
12-06 05:44:41.320: I/dex2oat(15727): The ClassLoaderContext is a special shared library.
12-06 05:44:41.322: I/dex2oat(15727): /system/bin/dex2oat -j4 --dex-file=/data/user_de/0/com.google.android.gms/app_chimera/m/00000002/DynamiteLoader.apk --output-vdex-fd=66 --oat-fd=67 --oat-location=/data/user_de/0/com.google.android.gms/app_chimera/m/00000002/oat/arm/DynamiteLoader.odex --compiler-filter=quicken --class-loader-context=&
12-06 05:44:41.330: W/dex2oat(15727): Could not reserve sentinel fault page
12-06 05:44:41.558: I/dex2oat(15709): dex2oat took 4.839s (4.862s cpu) (threads: 4) arena alloc=18KB (18552B) java alloc=1584KB (1623024B) native alloc=3MB (3980848B) free=1232KB (1262032B)
12-06 05:44:41.582: E/PowerHalWrapper(744): <setInstallationBoost> enable:false
12-06 05:44:41.582: E/PowerHalWrapper(744): [ 12-06 05:44:41.587   343:  941 E/         ]
12-06 05:44:41.582: E/PowerHalWrapper(744): Couldn't opendir /data/app/vmdl337438409.tmp: No such file or directory
12-06 05:44:41.587: E/installd(343): Failed to delete /data/app/vmdl337438409.tmp: No such file or directory
12-06 05:44:41.597: I/Pm(15682): Package com.google.android.gmscore.testing.testsupport installed in 5972 ms
12-06 05:44:41.606: I/app_process(15682): System.exit called, status: 0
12-06 05:44:41.606: I/AndroidRuntime(15682): VM exiting with result code 0.
12-06 05:44:41.635: I/PushAgentReceiver(1711): onReceive():android.intent.action.PACKAGE_ADDED
12-06 05:44:41.644: W/BroadcastQueue(744): Background execution not allowed: receiving Intent { act=android.intent.action.PACKAGE_ADDED dat=package:com.google.android.gmscore.testing.testsupport flg=0x4000010 (has extras) } to com.android.musicfx/.Compatibility$Receiver
12-06 05:44:41.649: I/Finsky(15204): [2] yeh.d(13): PackageMonitorReceiverImpl - Received: android.intent.action.PACKAGE_ADDED, [Cfp7IzF5TvVG3xiSuASXeJDeHWm6HS2AulwLaqmOV14]
12-06 05:44:41.651: I/Finsky(15204): [2] yfi.g(1): Invalidating cached PackageState for com.google.android.gmscore.testing.testsupport
12-06 05:44:41.656: W/BroadcastQueue(744): Background execution not allowed: receiving Intent { act=android.intent.action.PACKAGE_ADDED dat=package:com.google.android.gmscore.testing.testsupport flg=0x4000010 (has extras) } to com.android.settings/.fuelgauge.BatteryOptimizationReceiver
12-06 05:44:41.667: W/BroadcastQueue(744): Background execution not allowed: receiving Intent { act=android.intent.action.PACKAGE_ADDED dat=package:com.google.android.gmscore.testing.testsupport flg=0x4000010 (has extras) } to com.android.vending/com.google.android.finsky.packagemanager.impl.PackageMonitorReceiverImpl$RegisteredReceiver
12-06 05:44:41.667: W/BroadcastQueue(744): Background execution not allowed: receiving Intent { act=android.intent.action.PACKAGE_ADDED dat=package:com.google.android.gmscore.testing.testsupport flg=0x4000010 (has extras) } to com.evenwell.OTAUpdate/.OTAReceiver
12-06 05:44:41.675: I/InputReader(744): Reconfiguring input devices.  changes=0x00000010
12-06 05:44:41.696: I/MapPartner(15655): not contains
12-06 05:44:41.713: I/Finsky(15204): [2] owk.d(2): Frosting ID looked up on UI thread. Caller should move to a background thread.
12-06 05:44:41.733: I/PushAgentReceiver(1711): onReceive(package): no push data changed
12-06 05:44:41.743: I/ADB_SERVICES(326): post waitpid (pid=15679) status=0000
12-06 05:44:41.752: W/TextServicesManagerService(744): no available spell checker services found
12-06 05:44:41.757: I/ADB_SERVICES(326): service_to_fd shell:[ -f /data/data/com.google.android.gms/app_testsupport/.startup ] && echo y || echo n || echo -n $? > /data/local/tmp/8f0d5554-6de9-433f-96b3-483c48d41be6.status
12-06 05:44:41.759: W/Settings(13558): Setting device_provisioned has moved from android.provider.Settings.Secure to android.provider.Settings.Global.
12-06 05:44:41.761: I/vendor.mediatek.hardware.power@1.1-impl(291): querySysInfo cmd:6, param:0
12-06 05:44:41.762: I/powerd(291): [powerd_req] POWER_MSG_QUERY_INFO: cmd:6, param:0
12-06 05:44:41.762: I/libPerfService(291): perfUserGetCapability - cmd:6, id:0, value:3920
12-06 05:44:41.769: I/BroadcastQueue(744): Delay finish: com.evenwell.pandorasbox/com.fihtdc.pandorasbox.IntentReceiver
12-06 05:44:41.770: I/Telecom(744): DefaultDialerCache: Refreshing default dialer for user 0: now com.google.android.dialer: DDC.oR@AMs
12-06 05:44:41.771: I/PandorasBoxService(13558): [IntentService[PandorasBoxService]] Log.fih("BBSAPP::UPD", "10::com.google.android.gmscore.testing.testsupport,Test Support Driver,1.0")
12-06 05:44:41.823: I/ADB_SERVICES(326): post waitpid (pid=15732) status=0000
12-06 05:44:41.832: I/Finsky(15204): [1141] ovx.run(16): Wrote row to frosting DB: 198
12-06 05:44:41.847: I/BroadcastQueue(744): Resuming delayed broadcast
12-06 05:44:41.848: W/BroadcastQueue(744): Background execution not allowed: receiving Intent { act=android.intent.action.PACKAGE_ADDED dat=package:com.google.android.gmscore.testing.testsupport flg=0x4000010 (has extras) } to com.google.android.gms/.games.chimera.GamesSystemBroadcastReceiverProxy
12-06 05:44:41.848: W/BroadcastQueue(744): Background execution not allowed: receiving Intent { act=android.intent.action.PACKAGE_ADDED dat=package:com.google.android.gmscore.testing.testsupport flg=0x4000010 (has extras) } to com.google.android.gms/.gass.chimera.PackageChangeBroadcastReceiver
12-06 05:44:41.849: W/BroadcastQueue(744): Background execution not allowed: receiving Intent { act=android.intent.action.PACKAGE_ADDED dat=package:com.google.android.gmscore.testing.testsupport flg=0x4000010 (has extras) } to com.google.android.gms/.chimera.GmsIntentOperationService$PersistentTrustedReceiver
12-06 05:44:41.849: W/BroadcastQueue(744): Background execution not allowed: receiving Intent { act=android.intent.action.PACKAGE_ADDED dat=package:com.google.android.gmscore.testing.testsupport flg=0x4000010 (has extras) } to com.google.android.ims/.receivers.RcsAutoStartReceiver
12-06 05:44:41.857: I/ADB_SERVICES(326): service_to_fd shell:[ -e /data/local/tmp/8f0d5554-6de9-433f-96b3-483c48d41be6.status ] && cat /data/local/tmp/8f0d5554-6de9-433f-96b3-483c48d41be6.status && rm /data/local/tmp/8f0d5554-6de9-433f-96b3-483c48d41be6.status
12-06 05:44:41.870: I/Finsky(15204): [2] amas.a(3): Do not start WearSupportService due to Wear service optimization
12-06 05:44:41.876: I/Auth(14902): [SupervisedAccountIntentOperation] onHandleIntent(): android.intent.action.PACKAGE_ADDED
12-06 05:44:41.876: I/Auth(14902): [SupervisedAccountIntentOperation] This operation is disabled
12-06 05:44:41.891: I/ChromeSync(14902): [Sync,SyncIntentOperation] Handling the intent: Intent { act=android.intent.action.PACKAGE_ADDED dat=package:com.google.android.gmscore.testing.testsupport flg=0x4000010 pkg=com.google.android.gms cmp=com.google.android.gms/.chimera.GmsIntentOperationService (has extras) }.
12-06 05:44:41.908: I/Finsky(15204): [1090] jnw.a(15): [ContentSync] finished, scheduled=false
12-06 05:44:41.913: I/ADB_SERVICES(326): post waitpid (pid=15735) status=0100
12-06 05:44:41.932: I/ADB_SERVICES(326): service_to_fd shell:am startservice --user 0 -a com.google.android.gmscore.testing.testsupport.CommandService -n com.google.android.gmscore.testing.testsupport/.CommandService --es COMMAND PACKAGE --es FLAG_PACKAGE Eglnc2VydmljZXMaLAooZmluc2t5LnBsYXlfc2VydmljZXNfYXV0b191cGRhdGVfZW5hYmxlZBgAGjUKMWZpbnNreS5zZXR1cF93aXphcmRfYWRkaXRpb25hbF9hY2NvdW50X3ZwYV9lbmFibGUYABoxCi1maW5za3kuZGFpbHlfaHlnaWVuZV9zY2hlZHVsZV91bmF1dGhlbnRpY2F0ZWQYABpXCipmaW5za3kuYmFja2dyb3VuZF9zcGxpdF9pbnN0YWxsc19ibGFja2xpc3QSKWNvbS5hbmRyb2lkLmNocm9tZSxjb20uZ29vZ2xlLmFuZHJvaWQuZ21zKPgB || echo -n $? > /data/local/tmp/7213b408-3093-4882-887f-cd084e28e836.status
12-06 05:44:41.945: W/GCM(14793): Unexpected forwarded intent: Intent { act=android.intent.action.PACKAGE_ADDED dat=package:com.google.android.gmscore.testing.testsupport flg=0x4000010 pkg=com.google.android.gms cmp=com.google.android.gms/.chimera.PersistentIntentOperationService (has extras) }
12-06 05:44:41.978: I/Finsky(15204): [2] amas.a(3): Do not start WearSupportService due to Wear service optimization
12-06 05:44:41.983: I/Finsky(15204): [2] aeak.a(8): Clearing split related stale data.
12-06 05:44:42.002: W/GCM(14793): Unexpected forwarded intent: Intent { act=android.intent.action.PACKAGE_ADDED dat=package:com.google.android.gmscore.testing.testsupport flg=0x4000010 pkg=com.google.android.gms cmp=com.google.android.gms/.chimera.PersistentIntentOperationService (has extras) }
12-06 05:44:42.038: I/Finsky(15204): [1148] gxq.a(12): Asset module storage cleared for package com.google.android.gmscore.testing.testsupport.
12-06 05:44:42.075: W/ActivityManager(744): Slow operation: 78ms so far, now at getContentProviderImpl: incProviderCountLocked
12-06 05:44:42.076: W/ActivityManager(744): Slow operation: 78ms so far, now at getContentProviderImpl: before updateLruProcess
12-06 05:44:42.076: W/ActivityManager(744): Slow operation: 78ms so far, now at getContentProviderImpl: after updateLruProcess
12-06 05:44:42.076: W/ActivityManager(744): Slow operation: 78ms so far, now at getContentProviderImpl: before updateOomAdj
12-06 05:44:42.077: W/ActivityManager(744): Slow operation: 79ms so far, now at getContentProviderImpl: after updateOomAdj
12-06 05:44:42.077: W/ActivityManager(744): Slow operation: 79ms so far, now at getContentProviderImpl: done!
12-06 05:44:42.088: I/ChromeSync(14902): [Persistence,AffiliationManager] One of affiliation or grouping data for android://7qg--Vdm54zxKo8avkCXCD_7ToNk-gSGsIINmMu_krBTT9yKXmXa5m1MzFNMIqP92nwcLB8-pgfDA4TXFVsmSw==@com.google.android.gmscore.testing.testsupport/ was not found. Marking affiliation data as stale...
12-06 05:44:42.096: I/Finsky(15204): [2] owk.d(2): Frosting ID looked up on UI thread. Caller should move to a background thread.
12-06 05:44:42.133: I/Finsky(15204): [1141] ovx.run(16): Wrote row to frosting DB: 199
12-06 05:44:42.174: W/ActivityManager(744): Slow operation: 90ms so far, now at startProcess: building log message
12-06 05:44:42.174: I/ActivityManager(744): Start proc 15746:com.google.android.gmscore.testing.testsupport/u0a131 for service com.google.android.gmscore.testing.testsupport/.CommandService
12-06 05:44:42.174: W/ActivityManager(744): Slow operation: 90ms so far, now at startProcess: starting to update pids map
12-06 05:44:42.175: W/ActivityManager(744): Slow operation: 90ms so far, now at startProcess: done updating pids map
12-06 05:44:42.175: W/ActivityManager(744): Slow operation: 91ms so far, now at startProcess: done starting proc!
12-06 05:44:42.193: I/ADB_SERVICES(326): post waitpid (pid=15739) status=0000
12-06 05:44:42.205: I/ADB_SERVICES(326): service_to_fd shell:[ -e /data/local/tmp/7213b408-3093-4882-887f-cd084e28e836.status ] && cat /data/local/tmp/7213b408-3093-4882-887f-cd084e28e836.status && rm /data/local/tmp/7213b408-3093-4882-887f-cd084e28e836.status
12-06 05:44:42.232: E/VvmPkgInstalledRcvr(1371): cannot create TelephonyManager from ComponentInfo{com.android.phone/com.android.services.telephony.TelephonyConnectionService}, [****], UserHandle{0}
12-06 05:44:42.244: I/ADB_SERVICES(326): post waitpid (pid=15760) status=0100
12-06 05:44:42.284: I/TSDRIVER(15746): CommandService onHandleIntent()
12-06 05:44:42.286: I/TSDRIVER(15746): Got command: PACKAGE
12-06 05:44:42.293: I/LauncherAppsCompatVL(1778): onPackageAdded, packageName:com.google.android.gmscore.testing.testsupport
12-06 05:44:42.295: I/zygote(744): Background concurrent copying GC freed 115617(5MB) AllocSpace objects, 23(1100KB) LOS objects, 28% free, 15MB/21MB, paused 610us total 709.744ms
12-06 05:44:42.303: I/TSDRIVER(15746): flag package: Eglnc2VydmljZXMaLAooZmluc2t5LnBsYXlfc2VydmljZXNfYXV0b191cGRhdGVfZW5hYmxlZBgAGjUKMWZpbnNreS5zZXR1cF93aXphcmRfYWRkaXRpb25hbF9hY2NvdW50X3ZwYV9lbmFibGUYABoxCi1maW5za3kuZGFpbHlfaHlnaWVuZV9zY2hlZHVsZV91bmF1dGhlbnRpY2F0ZWQYABpXCipmaW5za3kuYmFja2dyb3VuZF9zcGxpdF9pbnN0YWxsc19ibGFja2xpc3QSKWNvbS5hbmRyb2lkLmNocm9tZSxjb20uZ29vZ2xlLmFuZHJvaWQuZ21zKPgB
12-06 05:44:42.316: I/TSDRIVER(15746): flag package: gservices
12-06 05:44:42.331: E/GooglePlayServicesUtil(15746): The Google Play services resources were not found. Check your project configuration to ensure that the resources are included.
12-06 05:44:42.393: I/adb(14902): Primes not initialized, returning default (no-op) Primes instance which will ignore all calls. Please call Primes.initialize(...) before using any Primes API.
12-06 05:44:42.454: W/DynamiteModule(14902): Local module descriptor class for com.google.android.gms.googlecertificates not found.
12-06 05:44:42.473: I/DynamiteModule(14902): Considering local module com.google.android.gms.googlecertificates:0 and remote module com.google.android.gms.googlecertificates:6
12-06 05:44:42.473: I/DynamiteModule(14902): Selected remote version of com.google.android.gms.googlecertificates, version >= 6
12-06 05:44:42.488: W/zygote(14902): Unsupported class loader
12-06 05:44:42.533: I/dex2oat(15727): dex2oat took 1.214s (718.089ms cpu) (threads: 4) arena alloc=3KB (3520B) java alloc=135KB (139248B) native alloc=762KB (781224B) free=1285KB (1315928B)
12-06 05:44:42.549: I/zygote(14902): The ClassLoaderContext is a special shared library.
12-06 05:44:42.588: W/dex2oat(15769): Using default instruction set features for ARM CPU variant (default) using conservative defaults
12-06 05:44:42.589: I/dex2oat(15769): The ClassLoaderContext is a special shared library.
12-06 05:44:42.591: I/dex2oat(15769): /system/bin/dex2oat -j4 --dex-file=/data/user_de/0/com.google.android.gms/app_chimera/m/00000005/GoogleCertificates.apk --output-vdex-fd=76 --oat-fd=77 --oat-location=/data/user_de/0/com.google.android.gms/app_chimera/m/00000005/oat/arm/GoogleCertificates.odex --compiler-filter=quicken --class-loader-context=&
12-06 05:44:42.599: W/dex2oat(15769): Could not reserve sentinel fault page
12-06 05:44:42.652: W/dex2oat(15770): Using default instruction set features for ARM CPU variant (default) using conservative defaults
12-06 05:44:42.653: I/dex2oat(15770): The ClassLoaderContext is a special shared library.
12-06 05:44:42.655: I/dex2oat(15770): /system/bin/dex2oat -j4 --dex-file=/data/user_de/0/com.google.android.gms/app_chimera/m/00000004/DynamiteModulesC.apk --output-vdex-fd=66 --oat-fd=67 --oat-location=/data/user_de/0/com.google.android.gms/app_chimera/m/00000004/oat/arm/DynamiteModulesC.odex --compiler-filter=quicken --class-loader-context=&
12-06 05:44:42.663: W/dex2oat(15770): Could not reserve sentinel fault page
12-06 05:44:42.795: I/DataShapingService(744): openLteGateSuccess = false
12-06 05:44:42.817: I/Finsky(15204): [2] acbc.onStartJob(3): SCH: onJobSchedulerWakeup with jobId 9004
12-06 05:44:42.829: I/Finsky(15204): [2] abwh.a(9): SCH: Scheduling fallback job with id: 9034, and delay: 43200000 ms
12-06 05:44:42.840: I/Finsky(15204): [2] abwh.b(9): SCH: Scheduling fallback in 64799992 (absolute: 65702971)
12-06 05:44:42.851: I/System.out(15204): checkUrl: https://connectivitycheck.gstatic.com/generate_204
12-06 05:44:42.853: W/System(15204): ClassLoader referenced unknown path: system/framework/mediatek-cta.jar
12-06 05:44:42.858: I/System.out(15204): e:java.lang.ClassNotFoundException: com.mediatek.cta.CtaHttp
12-06 05:44:42.859: I/System.out(15204): [OkHttp] sendRequest>>
12-06 05:44:42.859: I/System.out(15204): [OkHttp] sendRequest<<
12-06 05:44:42.881: I/Finsky(15204): [2] abwq.handleMessage(8): SCH: DeviceState: DeviceState{currentTime=1607262282873, isCharging=true, isIdle=false, netAny=true, netNotRoaming=true, netUnmetered=true, batteryPercent=100.0}
12-06 05:44:42.903: I/Finsky(15204): [1090] abzb.b(5): SCH: Jobs in database: 1-1337 12-1 24-77777777 26-1414141414 29-29 
12-06 05:44:42.961: I/Finsky(15204): [2] abwr.b(10): SCH: Running job: 29-29
12-06 05:44:42.969: I/Finsky(15204): [2] abwq.handleMessage(59): SCH: RunningQueue size: 1, PendingQueue size: 0
12-06 05:44:42.970: I/Finsky(15204): [2] abwr.p(3): SCH: Running queue: 29-29 
12-06 05:44:42.973: I/zygote(15204): Deoptimizing java.lang.String amob.k(java.lang.String, java.lang.Object[]) due to JIT inline cache
12-06 05:44:42.973: I/Finsky(15204): [1154] ajqc.a(0): ProcessRecoveryLogsUtil: No files in recovery directory
12-06 05:44:42.975: I/Finsky(15204): [1154] abya.n(4): SCH: jobFinished: 29-29. TimeElapsed: 13ms.
12-06 05:44:42.978: I/Finsky(15204): [2] abwr.e(4): SCH: Job 29-29 finished. Not rescheduling.
12-06 05:44:42.981: I/Finsky(15204): [2] abwq.handleMessage(59): SCH: RunningQueue size: 0, PendingQueue size: 0
12-06 05:44:42.983: I/Finsky(15204): [2] abwq.handleMessage(26): SCH: Executor finished
12-06 05:44:43.013: I/Finsky(15204): [2] abzb.b(5): SCH: Jobs in database: 1-1337 12-1 24-77777777 26-1414141414 
12-06 05:44:43.040: I/Finsky(15204): [2] abxn.d(37): SCH: ConstraintMapping: 24-77777777,  -> L: 0ms, D: 82682918ms, C: false, I: true, N: 0
12-06 05:44:43.043: I/Finsky(15204): [2] abxn.d(37): SCH: ConstraintMapping: 1-1337, 12-1,  -> L: 5619ms, D: 67936890ms, C: false, I: false, N: 1
12-06 05:44:43.045: I/Finsky(15204): [2] abxn.d(37): SCH: ConstraintMapping: 26-1414141414,  -> L: 783281ms, D: 1683281ms, C: false, I: false, N: 0
12-06 05:44:43.066: I/Finsky(15204): [2] abxn.f(7): SCH: Cancelling existing jobscheduler jobs: 9002 9000 
