12-06 05:44:49.211: I/ModuleSetMgr(14902): Pending container module APKs: []
12-06 05:44:49.211: I/ModuleSetMgr(14902): Pending non-container module APKs: []
12-06 05:44:49.229: W/mtkmal(319): type=1400 audit(0.0:366): avc: denied { open } for path="/proc/319/net/dev" dev="proc" ino=4026533568 scontext=u:r:mtkmal:s0 tcontext=u:object_r:proc_net:s0 tclass=file permissive=0
12-06 05:44:49.245: W/PackageParser(14902): Unknown element under <manifest>: queries at /data/user_de/0/com.google.android.gms/app_chimera/m/00000000/AdsDynamite.apk Binary XML file line #5
12-06 05:44:49.328: I/zygote(14793): Background concurrent copying GC freed 13584(925KB) AllocSpace objects, 4(208KB) LOS objects, 42% free, 8MB/14MB, paused 3.694ms total 498.471ms
12-06 05:44:49.348: I/RecoverableKeyStoreGms(14902): [GserviceChangeIntentOperation] Build is lower than P. No need to handle [com.google.gservices.intent.action.GSERVICES_CHANGED]
12-06 05:44:49.383: I/ChromeSync(14902): [Sync,SyncIntentOperation] Handling the intent: Intent { act=com.google.gservices.intent.action.GSERVICES_CHANGED flg=0x1000010 pkg=com.google.android.gms cmp=com.google.android.gms/.chimera.GmsIntentOperationService$PersistentInternalReceiver }.
12-06 05:44:49.527: I/zygote(744): Background concurrent copying GC freed 33917(1765KB) AllocSpace objects, 2(40KB) LOS objects, 30% free, 13MB/19MB, paused 296us total 359.238ms
12-06 05:44:49.607: I/GservicesProvider(14749): override update completed
12-06 05:44:49.610: I/GmsModuleFndr(14902): Beginning GMS chimera module scan
12-06 05:44:49.657: I/MdiSyncModule(14902): flag handling is skipping irrelevant intent.
12-06 05:44:49.678: I/ModuleSetMgr(14902): Computing pending module set with APKs: [[AdsFdrDynamite.integ:21880000004], [Cronetdynamite:203915110304], [Dynamiteloader:203915110004], [Dynamitemodulesa:203915110004], [Dynamitemodulesc:203915110004], [Googlecertificates:203915110004], [Mapsdynamite:203915110004], [Measurementdynamite:203915110004]]
12-06 05:44:49.680: I/CarrierServices(7930): [2] due.d: Carrier Services GServices flags:
12-06 05:44:49.680: I/CarrierServices(7930):    carrier_services_security_flags_ec_api_white_listed_packages: com.google.android.apps.messaging,com.google.android.dialer,com.google.android.ims.client.sampleapp,com.android.contacts,com.lge.rcscall,com.android.incallui,com.huawei.incallui.appfeature.rcsfeature
12-06 05:44:49.680: I/CarrierServices(7930):    carrier_services_security_flags_ec_api_white_listed_signatures: B28C3EDB665DF32686224DF800F603E9959BBE4E,0980A12BE993528C19107BC21AD811478C63CEFC,B38FA7B5ECFAEC44620A020752B07E063B3120A8,203997BC46B8792DC9747ABD230569071F9A0439,EDA6413C3E3A95492114FE07CD953AD897E40D1A,760EBB9F4200B3DFB1B817B40FF0563A3C150D39,5B368CFF2DA2686996BC95EAC190EAA4F5630FE5,01D845B26B688D8EF647205A5944E9407E52E06E,27196E386B875E76ADF700E7EA84E4C6EEE33DFA,1CDD04F1E4A732BB0352FDFAEE26D2315526DF85,025D5212BF3B5F5CDA6117A518721D70A94D84E0
12-06 05:44:49.680: I/CarrierServices(7930):    carrier_services_security_flags_test_service_white_listed_packages: com.google.android.ims.mobly.snippets
12-06 05:44:49.680: I/CarrierServices(7930):    carrier_services_security_flags_test_service_white_listed_signatures: AE41481F52E0F58DF2806D5A38EB3DBCA5AE02B0,E165542B31953CC282AA4EF2F4D5F07F7663A2A2
12-06 05:44:49.680: I/CarrierServices(7930):    carrier_services_security_flags_white_listed_packages: com.google.android.apps.messaging,com.google.android.dialer,com.google.android.ims.client.sampleapp,com.android.contacts,com.lge.rcscall,com.android.incallui,com.huawei.incallui.appfeature.rcsfeature
12-06 05:44:49.680: I/CarrierServices(7930):    carrier_services_security_flags_white_listed_signatures: B28C3EDB665DF32686224DF800F603E9959BBE4E,0980A12BE993528C19107BC21AD811478C63CEFC,B38FA7B5ECFAEC44620A020752B07E063B3120A8,203997BC46B8792DC9747ABD230569071F9A0439,EDA6413C3E3A95492114FE07CD953AD897E40D1A,760EBB9F4200B3DFB1B817B40FF0563A3C150D39,5B368CFF2DA2686996BC95EAC190EAA4F5630FE5,01D845B26B688D8EF647205A5944E9407E52E06E,27196E386B875E76ADF700E7EA84E4C6EEE33DFA,1CDD04F1E4A732BB0352FDFAEE26D2315526DF85,025D5212BF3B5F5CDA6117A518721D70A94D84E0
12-06 05:44:49.680: I/CarrierServices(7930):    carrier_services_video_share_disabled_user_agent_substrings: SM-G930,SM-G935,SM-A320
12-06 05:44:49.680: I/CarrierServices(7930): ====================
12-06 05:44:49.682: I/zygote(14902): Background concurrent copying GC freed 29590(1695KB) AllocSpace objects, 16(760KB) LOS objects, 46% free, 6MB/12MB, paused 2.428ms total 314.914ms
12-06 05:44:49.691: I/ModuleSetMgr(14902): Container features not yet downloaded are disabled.
12-06 05:44:49.699: I/TestSupport(14902): GServices override confirmed: gms:phenotype:phenotype_flag:debug_bypass_phenotype=false [CONTEXT service_id=133 ]
12-06 05:44:49.712: I/ModuleSetMgr(14902): Pending container module APKs: []
12-06 05:44:49.712: I/ModuleSetMgr(14902): Pending non-container module APKs: []
12-06 05:44:49.722: W/CarrierServices(7930): [615] dci.a: No config URL. RCS will be disabled!
12-06 05:44:49.732: I/GCoreUlr(14793): WorldUpdater received intent Intent { act=com.google.android.location.reporting.ACTION_UPDATE_WORLD cmp=com.google.android.gms/com.google.android.location.reporting.service.DispatchingService (has extras) } with receiverAction com.google.gservices.intent.action.GSERVICES_CHANGED
12-06 05:44:49.804: I/Backup(14902): [GmsBackupStatusChangeReceiver] Going to enable gms backup transport.
12-06 05:44:49.826: I/SystemUpdate(14902): [Installation,ReceiverIntentOperation] Received intent: Intent { act=com.google.gservices.intent.action.GSERVICES_CHANGED flg=0x1000010 pkg=com.google.android.gms cmp=com.google.android.gms/.chimera.GmsIntentOperationService$PersistentInternalReceiver }.
12-06 05:44:49.849: I/vendor.mediatek.hardware.power@1.1-impl(291): querySysInfo cmd:6, param:0
12-06 05:44:49.850: I/powerd(291): [powerd_req] POWER_MSG_QUERY_INFO: cmd:6, param:0
12-06 05:44:49.850: I/libPerfService(291): perfUserGetCapability - cmd:6, id:0, value:3920
12-06 05:44:49.873: I/TestSupport(14902): SetFlagOverridesOperation: com.google.android.gms.auth.api.credentials, '', [Flag(SaveStrategy__enableSaving, false, 2, 0)] [CONTEXT service_id=133 ]
12-06 05:44:49.874: W/PackageParser(14902): Unknown element under <manifest>: queries at /data/user_de/0/com.google.android.gms/app_chimera/m/00000000/AdsDynamite.apk Binary XML file line #5
12-06 05:44:49.894: I/zygote(14749): Background concurrent copying GC freed 9975(529KB) AllocSpace objects, 0(0B) LOS objects, 49% free, 1537KB/3MB, paused 214us total 112.187ms
12-06 05:44:50.034: I/Auth(14793): [AuthManaged, PasswordComplexityHelperImpl] Updating password complexity components state.
12-06 05:44:50.068: I/Auth(14793): [AuthManaged, PasswordComplexityHelperImpl] Disabling com.google.android.gms.auth.managed.admin.DeviceAdminReceiver
12-06 05:44:50.069: I/Auth(14793): [AuthManaged, PasswordComplexityHelperImpl] Disabling com.google.android.gms.auth.managed.ui.SetNewPasswordActivity
12-06 05:44:50.108: I/GeofencerStateMachine(14793): sendQueryLocationOptIn
12-06 05:44:50.140: I/chatty(14793): uid=10047 com.google.android.gms.persistent identical 3 lines
12-06 05:44:50.155: I/GeofencerStateMachine(14793): sendQueryLocationOptIn
12-06 05:44:50.161: I/OcrModelUpStIntentOp(14902): Updating ocr activity enabled=false (phenotypeFlag=true, lowRamDevice=true, prereqCheck=true)
12-06 05:44:50.167: I/OcrModelUpStIntentOp(14902): Downloading text recognizer
12-06 05:44:50.174: I/GeofencerStateMachine(14793): sendQueryLocationOptIn
12-06 05:44:50.250: I/thermal_repeater(357): select timeout
12-06 05:44:50.267: I/CarrierServices(7930): [616] EventHubProxy.unsubscribe: Removing event listener 224158451 for category 8 for hub ENGINE
12-06 05:44:50.276: I/Vision(14902): Requesting optional module download of ocr.
12-06 05:44:50.288: I/CarrierServices(7930): [616] EventHubProxy.subscribe: Adding event listener daj@a503b4f for category 8 with key 173030223 for hub ENGINE
12-06 05:44:50.319: I/CarrierServices(7930): [616] dqo.a: KEY_CONFIG_IMS_PACKAGE_OVERRIDE_STRING: 
12-06 05:44:50.328: I/Vision(14902): Checking for download completion for 920458 -- ocr
12-06 05:44:50.398: I/GmsModuleFndr(14902): Beginning GMS chimera module scan
12-06 05:44:50.414: I/ModuleSetMgr(14902): Computing pending module set with APKs: [[AdsFdrDynamite.integ:21880000004], [Cronetdynamite:203915110304], [Dynamiteloader:203915110004], [Dynamitemodulesa:203915110004], [Dynamitemodulesc:203915110004], [Googlecertificates:203915110004], [Mapsdynamite:203915110004], [Measurementdynamite:203915110004]]
12-06 05:44:50.416: I/ModuleSetMgr(14902): Container features not yet downloaded are disabled.
12-06 05:44:50.421: I/ModuleSetMgr(14902): Pending container module APKs: []
12-06 05:44:50.421: I/ModuleSetMgr(14902): Pending non-container module APKs: []
12-06 05:44:50.424: I/zygote(14902): Background concurrent copying GC freed 22561(1376KB) AllocSpace objects, 10(448KB) LOS objects, 46% free, 6MB/12MB, paused 249us total 349.126ms
12-06 05:44:50.444: W/PackageParser(14902): Unknown element under <manifest>: queries at /data/user_de/0/com.google.android.gms/app_chimera/m/00000000/AdsDynamite.apk Binary XML file line #5
12-06 05:44:50.548: I/RecoverableKeyStoreGms(14902): [GserviceChangeIntentOperation] Build is lower than P. No need to handle [com.google.gservices.intent.action.GSERVICES_CHANGED]
12-06 05:44:50.573: I/ChromeSync(14902): [Sync,SyncIntentOperation] Handling the intent: Intent { act=com.google.gservices.intent.action.GSERVICES_CHANGED flg=0x1000010 pkg=com.google.android.gms cmp=com.google.android.gms/.chimera.GmsIntentOperationService$PersistentInternalReceiver }.
12-06 05:44:50.634: I/zygote(14793): Background concurrent copying GC freed 19632(1205KB) AllocSpace objects, 4(208KB) LOS objects, 43% free, 7MB/13MB, paused 1.461ms total 300.657ms
12-06 05:44:50.700: I/GmsModuleFndr(14902): Beginning GMS chimera module scan
12-06 05:44:50.748: I/MdiSyncModule(14902): flag handling is skipping irrelevant intent.
12-06 05:44:50.755: I/OcrModelUpStIntentOp(14902): Updating ocr activity enabled=false (phenotypeFlag=true, lowRamDevice=true, prereqCheck=true)
12-06 05:44:50.761: I/OcrModelUpStIntentOp(14902): Downloading text recognizer
12-06 05:44:50.765: I/ModuleSetMgr(14902): Computing pending module set with APKs: [[AdsFdrDynamite.integ:21880000004], [Cronetdynamite:203915110304], [Dynamiteloader:203915110004], [Dynamitemodulesa:203915110004], [Dynamitemodulesc:203915110004], [Googlecertificates:203915110004], [Mapsdynamite:203915110004], [Measurementdynamite:203915110004]]
12-06 05:44:50.769: I/ModuleSetMgr(14902): Container features not yet downloaded are disabled.
12-06 05:44:50.780: I/SystemUpdate(14902): [Installation,ReceiverIntentOperation] Received intent: Intent { act=com.google.gservices.intent.action.GSERVICES_CHANGED flg=0x1000010 pkg=com.google.android.gms cmp=com.google.android.gms/.chimera.GmsIntentOperationService$PersistentInternalReceiver }.
12-06 05:44:50.815: I/Vision(14902): Requesting optional module download of ocr.
12-06 05:44:50.816: I/Vision(14902): Checking for download completion for 920956 -- ocr
12-06 05:44:50.827: I/ModuleSetMgr(14902): Pending container module APKs: []
12-06 05:44:50.827: I/ModuleSetMgr(14902): Pending non-container module APKs: []
12-06 05:44:50.886: I/GCoreUlr(14793): WorldUpdater:com.google.gservices.intent.action.GSERVICES_CHANGED: Ensuring that reporting is stopped because of reasons: (no Google accounts)
12-06 05:44:50.898: I/GCoreUlr(14793): Unbound from all signal providers.
12-06 05:44:50.907: W/PackageParser(14902): Unknown element under <manifest>: queries at /data/user_de/0/com.google.android.gms/app_chimera/m/00000000/AdsDynamite.apk Binary XML file line #5
12-06 05:44:51.036: I/GCoreUlr(14793): WorldUpdater received intent Intent { act=com.google.android.location.reporting.ACTION_UPDATE_WORLD cmp=com.google.android.gms/com.google.android.location.reporting.service.DispatchingService (has extras) } with receiverAction com.google.gservices.intent.action.GSERVICES_CHANGED
12-06 05:44:51.154: I/GCoreUlr(14793): WorldUpdater:com.google.gservices.intent.action.GSERVICES_CHANGED: Ensuring that reporting is stopped because of reasons: (no Google accounts)
12-06 05:44:51.168: I/GCoreUlr(14793): Unbound from all signal providers.
12-06 05:44:51.203: I/GCoreUlr(14793): WorldUpdater received intent Intent { act=com.google.android.location.reporting.ACTION_UPDATE_WORLD cmp=com.google.android.gms/com.google.android.location.reporting.service.DispatchingService (has extras) } with receiverAction com.google.gservices.intent.action.GSERVICES_CHANGED
12-06 05:44:51.250: I/GCoreUlr(14793): WorldUpdater:com.google.gservices.intent.action.GSERVICES_CHANGED: Ensuring that reporting is stopped because of reasons: (no Google accounts)
12-06 05:44:51.257: I/GCoreUlr(14793): Unbound from all signal providers.
12-06 05:44:51.331: I/dex2oat(15837): dex2oat took 3.426s (1.184s cpu) (threads: 4) arena alloc=18KB (19400B) java alloc=337KB (345584B) native alloc=1104KB (1131256B) free=1455KB (1490184B)
12-06 05:44:51.354: I/GCoreUlr(14793): Unbound from all signal providers.
12-06 05:44:51.354: I/GCoreUlr(14793): Stopping handler for UlrDispSvcFast
12-06 05:44:51.380: I/zygote(14902): The ClassLoaderContext is a special shared library.
12-06 05:44:51.527: I/zygote(744): Background concurrent copying GC freed 25093(1380KB) AllocSpace objects, 0(0B) LOS objects, 30% free, 13MB/19MB, paused 385us total 235.462ms
12-06 05:44:51.543: W/dex2oat(15858): Using default instruction set features for ARM CPU variant (default) using conservative defaults
12-06 05:44:51.544: I/dex2oat(15858): The ClassLoaderContext is a special shared library.
12-06 05:44:51.547: I/dex2oat(15858): /system/bin/dex2oat -j4 --dex-file=/data/user_de/0/com.google.android.gms/app_chimera/m/00000001/CronetDynamite.apk --output-vdex-fd=66 --oat-fd=67 --oat-location=/data/user_de/0/com.google.android.gms/app_chimera/m/00000001/oat/arm/CronetDynamite.odex --compiler-filter=quicken --class-loader-context=&
12-06 05:44:51.556: W/dex2oat(15858): Could not reserve sentinel fault page
12-06 05:44:51.772: I/zygote(14793): Background concurrent copying GC freed 25813(1550KB) AllocSpace objects, 7(332KB) LOS objects, 43% free, 7MB/13MB, paused 340us total 115.902ms
12-06 05:44:51.862: I/ChimeraSrvcProxy(14902): NullBinder for com.google.android.mdh.service.START triggering remote TransactionTooLargeException due to Service without Chimera impl
12-06 05:44:51.864: E/JavaBinder(14793): !!! FAILED BINDER TRANSACTION !!!  (parcel size = 916)
12-06 05:44:51.865: W/GmsClient(14793): IGmsServiceBroker.getService failed
12-06 05:44:51.865: W/GmsClient(14793): android.os.DeadObjectException: Transaction failed on small parcel; remote process probably died
12-06 05:44:51.865: W/GmsClient(14793): 	at android.os.BinderProxy.transactNative(Native Method)
12-06 05:44:51.865: W/GmsClient(14793): 	at android.os.BinderProxy.transact(Binder.java:764)
12-06 05:44:51.865: W/GmsClient(14793): 	at qcf.a(:com.google.android.gms@203915062@20.39.15 (110304-335085812):5)
12-06 05:44:51.865: W/GmsClient(14793): 	at qah.a(:com.google.android.gms@203915062@20.39.15 (110304-335085812):83)
12-06 05:44:51.865: W/GmsClient(14793): 	at ply.run(:com.google.android.gms@203915062@20.39.15 (110304-335085812):7)
12-06 05:44:51.865: W/GmsClient(14793): 	at android.os.Handler.handleCallback(Handler.java:790)
12-06 05:44:51.865: W/GmsClient(14793): 	at android.os.Handler.dispatchMessage(Handler.java:99)
12-06 05:44:51.865: W/GmsClient(14793): 	at aaxh.a(:com.google.android.gms@203915062@20.39.15 (110304-335085812):2)
12-06 05:44:51.865: W/GmsClient(14793): 	at aaxh.dispatchMessage(:com.google.android.gms@203915062@20.39.15 (110304-335085812):11)
12-06 05:44:51.865: W/GmsClient(14793): 	at android.os.Looper.loop(Looper.java:164)
12-06 05:44:51.865: W/GmsClient(14793): 	at android.os.HandlerThread.run(HandlerThread.java:65)
12-06 05:44:51.867: I/vendor.mediatek.hardware.power@1.1-impl(291): querySysInfo cmd:6, param:0
12-06 05:44:51.868: I/powerd(291): [powerd_req] POWER_MSG_QUERY_INFO: cmd:6, param:0
12-06 05:44:51.868: I/libPerfService(291): perfUserGetCapability - cmd:6, id:0, value:3920
12-06 05:44:52.157: I/dex2oat(15858): dex2oat took 615.950ms (653.090ms cpu) (threads: 4) arena alloc=5KB (5352B) java alloc=133KB (136808B) native alloc=827KB (847264B) free=1220KB (1249888B)
12-06 05:44:52.168: I/ChimeraSrvcProxy(14902): NullBinder for com.google.android.mdh.service.listener.START triggering remote TransactionTooLargeException due to Service without Chimera impl
12-06 05:44:52.168: E/JavaBinder(14793): !!! FAILED BINDER TRANSACTION !!!  (parcel size = 308)
12-06 05:44:52.169: W/GmsClient(14793): IGmsServiceBroker.getService failed
12-06 05:44:52.169: W/GmsClient(14793): android.os.DeadObjectException: Transaction failed on small parcel; remote process probably died
12-06 05:44:52.169: W/GmsClient(14793): 	at android.os.BinderProxy.transactNative(Native Method)
12-06 05:44:52.169: W/GmsClient(14793): 	at android.os.BinderProxy.transact(Binder.java:764)
12-06 05:44:52.169: W/GmsClient(14793): 	at qcf.a(:com.google.android.gms@203915062@20.39.15 (110304-335085812):5)
12-06 05:44:52.169: W/GmsClient(14793): 	at qah.a(:com.google.android.gms@203915062@20.39.15 (110304-335085812):83)
12-06 05:44:52.169: W/GmsClient(14793): 	at ply.run(:com.google.android.gms@203915062@20.39.15 (110304-335085812):7)
12-06 05:44:52.169: W/GmsClient(14793): 	at android.os.Handler.handleCallback(Handler.java:790)
12-06 05:44:52.169: W/GmsClient(14793): 	at android.os.Handler.dispatchMessage(Handler.java:99)
12-06 05:44:52.169: W/GmsClient(14793): 	at aaxh.a(:com.google.android.gms@203915062@20.39.15 (110304-335085812):2)
12-06 05:44:52.169: W/GmsClient(14793): 	at aaxh.dispatchMessage(:com.google.android.gms@203915062@20.39.15 (110304-335085812):11)
12-06 05:44:52.169: W/GmsClient(14793): 	at android.os.Looper.loop(Looper.java:164)
12-06 05:44:52.169: W/GmsClient(14793): 	at android.os.HandlerThread.run(HandlerThread.java:65)
12-06 05:44:52.172: I/zygote(14902): The ClassLoaderContext is a special shared library.
12-06 05:44:52.216: W/mtkmal(319): type=1400 audit(0.0:367): avc: denied { open } for path="/proc/319/net/dev" dev="proc" ino=4026533568 scontext=u:r:mtkmal:s0 tcontext=u:object_r:proc_net:s0 tclass=file permissive=0
12-06 05:44:52.262: W/dex2oat(15864): Using default instruction set features for ARM CPU variant (default) using conservative defaults
12-06 05:44:52.263: I/dex2oat(15864): The ClassLoaderContext is a special shared library.
12-06 05:44:52.264: I/dex2oat(15864): /system/bin/dex2oat -j4 --dex-file=/data/user_de/0/com.google.android.gms/app_chimera/m/00000007/MeasurementDynamite.apk --output-vdex-fd=66 --oat-fd=67 --oat-location=/data/user_de/0/com.google.android.gms/app_chimera/m/00000007/oat/arm/MeasurementDynamite.odex --compiler-filter=quicken --class-loader-context=&
12-06 05:44:52.272: W/dex2oat(15864): Could not reserve sentinel fault page
12-06 05:44:52.879: I/dex2oat(15864): dex2oat took 617.258ms (797.193ms cpu) (threads: 4) arena alloc=3KB (3424B) java alloc=257KB (264136B) native alloc=1027KB (1051976B) free=1020KB (1045176B)
12-06 05:44:52.898: I/zygote(14902): The ClassLoaderContext is a special shared library.
12-06 05:44:52.936: I/zygote(14793): Background concurrent copying GC freed 49908(2MB) AllocSpace objects, 0(0B) LOS objects, 50% free, 5MB/11MB, paused 1.046ms total 123.350ms
12-06 05:44:52.998: W/dex2oat(15869): Using default instruction set features for ARM CPU variant (default) using conservative defaults
12-06 05:44:52.999: I/dex2oat(15869): The ClassLoaderContext is a special shared library.
12-06 05:44:53.000: I/dex2oat(15869): /system/bin/dex2oat -j4 --dex-file=/data/user_de/0/com.google.android.gms/app_chimera/m/00000006/MapsDynamite.apk --output-vdex-fd=66 --oat-fd=67 --oat-location=/data/user_de/0/com.google.android.gms/app_chimera/m/00000006/oat/arm/MapsDynamite.odex --compiler-filter=quicken --class-loader-context=&
12-06 05:44:53.008: W/dex2oat(15869): Could not reserve sentinel fault page
12-06 05:44:53.150: I/alde(14793): Scheduling Phenotype for a PhenotypeSyncImmediately(6, com.google.android.gms.testsupport) one off with window [1, 2] in seconds [CONTEXT service_id=51 ]
12-06 05:44:53.714: I/System.out(14793): checkUrl: https://www.googleapis.com/experimentsandconfigs/v1/getExperimentsAndConfigs?r=12&c=1
12-06 05:44:53.715: W/System(14793): ClassLoader referenced unknown path: system/framework/mediatek-cta.jar
12-06 05:44:53.718: I/System.out(14793): e:java.lang.ClassNotFoundException: com.mediatek.cta.CtaHttp
12-06 05:44:53.724: W/System(14793): ClassLoader referenced unknown path: system/framework/mediatek-cta.jar
12-06 05:44:53.727: I/System.out(14793): e:java.lang.ClassNotFoundException: com.mediatek.cta.CtaHttp
12-06 05:44:53.748: W/Conscrypt(14793): Could not set socket write timeout: java.net.SocketException: Socket closed
12-06 05:44:53.750: W/Conscrypt(14793): 	at com.google.android.gms.org.conscrypt.Platform.setSocketWriteTimeout(:com.google.android.gms@203915062@20.39.15 (110304-335085812):2)
12-06 05:44:53.751: W/Conscrypt(14793): 	at com.google.android.gms.org.conscrypt.ConscryptFileDescriptorSocket.setSoWriteTimeout(:com.google.android.gms@203915062@20.39.15 (110304-335085812):0)
12-06 05:44:53.805: W/Conscrypt(14793): Could not set socket write timeout: java.net.SocketException: Socket closed
12-06 05:44:53.808: W/Conscrypt(14793): 	at com.google.android.gms.org.conscrypt.Platform.setSocketWriteTimeout(:com.google.android.gms@203915062@20.39.15 (110304-335085812):2)
12-06 05:44:53.809: W/Conscrypt(14793): 	at com.google.android.gms.org.conscrypt.ConscryptFileDescriptorSocket.setSoWriteTimeout(:com.google.android.gms@203915062@20.39.15 (110304-335085812):0)
12-06 05:44:53.817: I/System.out(14793): Check isMmsSendPdu
12-06 05:44:53.819: W/System(14793): ClassLoader referenced unknown path: system/framework/mediatek-cta.jar
12-06 05:44:53.825: I/System.out(14793): [OkHttp] sendRequest<<
12-06 05:44:53.878: I/vendor.mediatek.hardware.power@1.1-impl(291): querySysInfo cmd:6, param:0
12-06 05:44:53.879: I/powerd(291): [powerd_req] POWER_MSG_QUERY_INFO: cmd:6, param:0
12-06 05:44:53.879: I/libPerfService(291): perfUserGetCapability - cmd:6, id:0, value:3920
12-06 05:44:54.054: E/Backup(14793): [BackupTransportMigratorChimeraService] Could not migrate transport!
12-06 05:44:54.070: I/Backup(14793): [BackupTransportMigratorChimeraService] Starting migration...
12-06 05:44:54.326: I/SignalClusterView(1106): updateDisplayVoLte mShowVoLteIcon: false mNoSimsVisible: true mIsAirplaneMode: false showWfc: false  showVolte: false
12-06 05:44:54.643: I/ActivityManager(744): Start proc 15876:com.google.android.apps.searchlite/u0a55 for broadcast com.google.android.apps.searchlite/com.google.android.libraries.phenotype.client.stable.PhenotypeUpdateBroadcastReceiver
12-06 05:44:54.327: I/SignalClusterView(1106): updateDisplayVoLte mShowVoLteIcon: false mNoSimsVisible: true mIsAirplaneMode: false showWfc: false  showVolte: false
12-06 05:44:55.219: W/mtkmal(319): type=1400 audit(0.0:368): avc: denied { open } for path="/proc/319/net/dev" dev="proc" ino=4026533568 scontext=u:r:mtkmal:s0 tcontext=u:object_r:proc_net:s0 tclass=file permissive=0
12-06 05:44:55.251: I/thermal_repeater(357): oh, queryMdThermalInfo (0)No such file or directory
12-06 05:44:55.258: I/thermal_repeater(357): [recvMdThermalInfo] ret=29, strLen=127,  0, 32767, -127, 0, 32767, 18
12-06 05:44:55.328: I/SignalClusterView(1106): updateDisplayVoLte mShowVoLteIcon: false mNoSimsVisible: true mIsAirplaneMode: false showWfc: false  showVolte: false
12-06 05:44:55.328: I/SignalClusterView(1106): updateDisplayVoLte mShowVoLteIcon: false mNoSimsVisible: true mIsAirplaneMode: false showWfc: false  showVolte: false
12-06 05:44:55.591: I/dex2oat(15869): dex2oat took 2.593s (3.454s cpu) (threads: 4) arena alloc=17KB (17472B) java alloc=1221KB (1250840B) native alloc=2MB (2581344B) free=1063KB (1088672B)
12-06 05:44:55.628: I/zygote(14902): The ClassLoaderContext is a special shared library.
12-06 05:44:55.877: I/zygote(14793): Background concurrent copying GC freed 66073(3MB) AllocSpace objects, 12(688KB) LOS objects, 46% free, 6MB/12MB, paused 294us total 171.188ms
12-06 05:44:55.893: I/vendor.mediatek.hardware.power@1.1-impl(291): querySysInfo cmd:6, param:0
12-06 05:44:55.895: I/powerd(291): [powerd_req] POWER_MSG_QUERY_INFO: cmd:6, param:0
12-06 05:44:55.895: I/libPerfService(291): perfUserGetCapability - cmd:6, id:0, value:3920
12-06 05:44:55.910: I/PhenotypeModule(11834): PhenotypeModule.receiveBroadcast():385 onReceive() urgent = false
12-06 05:44:55.923: I/PhenotypeModule(11834): PhenotypeModule.maybeFetchAndUpdate():170 maybeFetchAndUpdate: forceRefresh=false
12-06 05:44:55.928: I/PhenotypeModule(11834): PhenotypeModule.receiveBroadcast():385 onReceive() urgent = false
12-06 05:44:55.929: I/PhenotypeModule(11834): PhenotypeModule.maybeFetchAndUpdate():167 Fetching is already in progress.
12-06 05:44:55.932: I/PhenotypeModule(11834): PhenotypeModule.receiveBroadcast():385 onReceive() urgent = false
12-06 05:44:55.933: I/PhenotypeModule(11834): PhenotypeModule.maybeFetchAndUpdate():167 Fetching is already in progress.
12-06 05:44:56.131: I/zygote(744): Background concurrent copying GC freed 36328(1579KB) AllocSpace objects, 2(104KB) LOS objects, 30% free, 13MB/19MB, paused 396us total 267.267ms
12-06 05:44:56.671: I/zygote(14793): Deoptimizing bwsv alay.a(android.content.Context, java.lang.String, java.lang.String, int, boolean) due to JIT inline cache
12-06 05:44:56.707: I/TestSupport(14902): AwaitCommitOperation: SaveStrategy__enableSaving [CONTEXT service_id=133 ]
12-06 05:44:56.761: I/zygote(14793): Deoptimizing int buni.a(java.lang.Object) due to JIT inline cache
12-06 05:44:56.763: E/albp(14793): Phenotype API error. Event # bwtl@12303cc6, EventCode: 5 [CONTEXT service_id=51 ]
12-06 05:44:56.763: E/albp(14793): alau: 29501: Stale snapshot (change count changed - expected 2  but was 3)
12-06 05:44:56.763: E/albp(14793): 	at albs.a(:com.google.android.gms@203915062@20.39.15 (110304-335085812):14)
12-06 05:44:56.763: E/albp(14793): 	at albr.b(:com.google.android.gms@203915062@20.39.15 (110304-335085812):2)
12-06 05:44:56.763: E/albp(14793): 	at albp.a(:com.google.android.gms@203915062@20.39.15 (110304-335085812):85)
12-06 05:44:56.763: E/albp(14793): 	at albp.a(:com.google.android.gms@203915062@20.39.15 (110304-335085812):80)
12-06 05:44:56.763: E/albp(14793): 	at xzt.run(:com.google.android.gms@203915062@20.39.15 (110304-335085812):7)
12-06 05:44:56.763: E/albp(14793): 	at bhuj.run(:com.google.android.gms@203915062@20.39.15 (110304-335085812):2)
12-06 05:44:56.763: E/albp(14793): 	at qnq.b(:com.google.android.gms@203915062@20.39.15 (110304-335085812):12)
12-06 05:44:56.763: E/albp(14793): 	at qnq.run(:com.google.android.gms@203915062@20.39.15 (110304-335085812):8)
12-06 05:44:56.763: E/albp(14793): 	at java.util.concurrent.ThreadPoolExecutor.runWorker(ThreadPoolExecutor.java:1162)
12-06 05:44:56.763: E/albp(14793): 	at java.util.concurrent.ThreadPoolExecutor$Worker.run(ThreadPoolExecutor.java:636)
12-06 05:44:56.763: E/albp(14793): 	at qtj.run(:com.google.android.gms@203915062@20.39.15 (110304-335085812):0)
12-06 05:44:56.763: E/albp(14793): 	at java.lang.Thread.run(Thread.java:764)
12-06 05:44:56.767: E/AsyncOperation(14793): serviceID=51, operation=CommitToConfigurationOperationCall [CONTEXT service_id=259 ]
12-06 05:44:56.767: E/AsyncOperation(14793): OperationException[Status{statusCode=Stale snapshot (change count changed - expected 2  but was 3), resolution=null}]
12-06 05:44:56.767: E/AsyncOperation(14793): 	at albp.a(:com.google.android.gms@203915062@20.39.15 (110304-335085812):87)
12-06 05:44:56.767: E/AsyncOperation(14793): 	at albp.a(:com.google.android.gms@203915062@20.39.15 (110304-335085812):80)
12-06 05:44:56.767: E/AsyncOperation(14793): 	at xzt.run(:com.google.android.gms@203915062@20.39.15 (110304-335085812):7)
12-06 05:44:56.767: E/AsyncOperation(14793): 	at bhuj.run(:com.google.android.gms@203915062@20.39.15 (110304-335085812):2)
12-06 05:44:56.767: E/AsyncOperation(14793): 	at qnq.b(:com.google.android.gms@203915062@20.39.15 (110304-335085812):12)
12-06 05:44:56.767: E/AsyncOperation(14793): 	at qnq.run(:com.google.android.gms@203915062@20.39.15 (110304-335085812):8)
12-06 05:44:56.767: E/AsyncOperation(14793): 	at java.util.concurrent.ThreadPoolExecutor.runWorker(ThreadPoolExecutor.java:1162)
12-06 05:44:56.767: E/AsyncOperation(14793): 	at java.util.concurrent.ThreadPoolExecutor$Worker.run(ThreadPoolExecutor.java:636)
12-06 05:44:56.767: E/AsyncOperation(14793): 	at qtj.run(:com.google.android.gms@203915062@20.39.15 (110304-335085812):0)
12-06 05:44:56.767: E/AsyncOperation(14793): 	at java.lang.Thread.run(Thread.java:764)
12-06 05:44:56.811: I/alde(14793): Scheduling a periodic sync task every 14400 seconds, with flex of 1800 seconds [CONTEXT service_id=51 ]
12-06 05:44:56.858: I/alde(14793): Scheduling adaptive one off task with window [14400, 604800] in seconds [CONTEXT service_id=51 ]
12-06 05:44:56.969: I/ChimeraSrvcProxy(14902): NullBinder for com.google.android.mdh.service.START triggering remote TransactionTooLargeException due to Service without Chimera impl
12-06 05:44:56.975: E/JavaBinder(14793): !!! FAILED BINDER TRANSACTION !!!  (parcel size = 916)
12-06 05:44:56.977: W/GmsClient(14793): IGmsServiceBroker.getService failed
12-06 05:44:56.977: W/GmsClient(14793): android.os.DeadObjectException: Transaction failed on small parcel; remote process probably died
12-06 05:44:56.977: W/GmsClient(14793): 	at android.os.BinderProxy.transactNative(Native Method)
12-06 05:44:56.977: W/GmsClient(14793): 	at android.os.BinderProxy.transact(Binder.java:764)
12-06 05:44:56.977: W/GmsClient(14793): 	at qcf.a(:com.google.android.gms@203915062@20.39.15 (110304-335085812):5)
12-06 05:44:56.977: W/GmsClient(14793): 	at qah.a(:com.google.android.gms@203915062@20.39.15 (110304-335085812):83)
12-06 05:44:56.977: W/GmsClient(14793): 	at ply.run(:com.google.android.gms@203915062@20.39.15 (110304-335085812):7)
12-06 05:44:56.977: W/GmsClient(14793): 	at android.os.Handler.handleCallback(Handler.java:790)
12-06 05:44:56.977: W/GmsClient(14793): 	at android.os.Handler.dispatchMessage(Handler.java:99)
12-06 05:44:56.977: W/GmsClient(14793): 	at aaxh.a(:com.google.android.gms@203915062@20.39.15 (110304-335085812):2)
12-06 05:44:56.977: W/GmsClient(14793): 	at aaxh.dispatchMessage(:com.google.android.gms@203915062@20.39.15 (110304-335085812):11)
12-06 05:44:56.977: W/GmsClient(14793): 	at android.os.Looper.loop(Looper.java:164)
12-06 05:44:56.977: W/GmsClient(14793): 	at android.os.HandlerThread.run(HandlerThread.java:65)
12-06 05:44:57.168: I/zygote(15876): Do partial code cache collection, code=26KB, data=30KB
12-06 05:44:57.176: I/zygote(15876): After code cache collection, code=26KB, data=30KB
12-06 05:44:57.176: I/zygote(15876): Increasing code cache capacity to 128KB
12-06 05:44:57.240: I/MAL-Daemon(319):  (      mfi_task_bootstrap,  400) mfi_task_bootstrap(): an event EVENT_ATMNGR_URC(18) incoming from FD 25!!
12-06 05:44:57.241: I/MAL-RDS(319):  (         rds_ru_urc_hdlr, 2271) [RDS-I][RDS][rds_ru_urc_hdlr] get URC data: +ECSQ: 255,255,1,1,1,1,1,7,32767
12-06 05:44:57.242: I/MAL-RDS(319):  (          rds_ru_rpl_gen, 7629) [RDS-I][RU][rds_ru_rpl_gen][RDS] Current policy: fgimsolte_en<1>, fgwfc_en<0>, erdspolicy<3>,||Threshold i4wifirssih<-75>, i4wifirssil<-85>, i4wifirssih_ho<-78>, i4wifirssil_ho<-88>, i4wifisnrh<10>, i4wifisnrl<6>||Threshold i4ltersrph<-106>, i4ltersrpm<-111>, i4ltersrpl<-116>, i4ltersrqh<5>, i4ltersrqm<3>, i4ltersrql<1>||Threshold i4utranrscph<-104>, i4utranrscpl<-110>, i4gsmrssih<-94>, i4gsmrssil<-102>||current rds ru status: i4wifirssi<-48>, i4wifisnr<9999>, i4ltersrp<-141>, i4ltersrq<40>, i4utranrscp<-141>, i4gsmrssi<-141>, u4active_ran<1>, flight_mode_activating<0>, ims_roamb<-1>, mms_roamb<-1>||current wifi backhaul : rtp_plr<0>, rtp_jitter<0>, ping_ind<0>||pcscf acc stat : volte<1>, wfc<1> || wifi acc_ctrl:<0>, || current MD stat : MD1 roam <0>, ||Call stat : IR92<0>, IR94<0>, SMS over IP<0>
12-06 05:44:57.246: I/ChimeraSrvcProxy(14902): NullBinder for com.google.android.mdh.service.listener.START triggering remote TransactionTooLargeException due to Service without Chimera impl
12-06 05:44:57.250: E/JavaBinder(14793): !!! FAILED BINDER TRANSACTION !!!  (parcel size = 308)
12-06 05:44:57.254: W/GmsClient(14793): IGmsServiceBroker.getService failed
12-06 05:44:57.254: W/GmsClient(14793): android.os.DeadObjectException: Transaction failed on small parcel; remote process probably died
12-06 05:44:57.254: W/GmsClient(14793): 	at android.os.BinderProxy.transactNative(Native Method)
12-06 05:44:57.254: W/GmsClient(14793): 	at android.os.BinderProxy.transact(Binder.java:764)
12-06 05:44:57.254: W/GmsClient(14793): 	at qcf.a(:com.google.android.gms@203915062@20.39.15 (110304-335085812):5)
12-06 05:44:57.254: W/GmsClient(14793): 	at qah.a(:com.google.android.gms@203915062@20.39.15 (110304-335085812):83)
12-06 05:44:57.254: W/GmsClient(14793): 	at ply.run(:com.google.android.gms@203915062@20.39.15 (110304-335085812):7)
12-06 05:44:57.254: W/GmsClient(14793): 	at android.os.Handler.handleCallback(Handler.java:790)
12-06 05:44:57.254: W/GmsClient(14793): 	at android.os.Handler.dispatchMessage(Handler.java:99)
12-06 05:44:57.254: W/GmsClient(14793): 	at aaxh.a(:com.google.android.gms@203915062@20.39.15 (110304-335085812):2)
12-06 05:44:57.254: W/GmsClient(14793): 	at aaxh.dispatchMessage(:com.google.android.gms@203915062@20.39.15 (110304-335085812):11)
12-06 05:44:57.254: W/GmsClient(14793): 	at android.os.Looper.loop(Looper.java:164)
12-06 05:44:57.254: W/GmsClient(14793): 	at android.os.HandlerThread.run(HandlerThread.java:65)
12-06 05:44:57.357: I/TestSupport(14902): AwaitCommitOperation: uncommitted: FlagOverride(com.google.android.gms.auth.api.credentials, , Flag(SaveStrategy__enableSaving, false, 2, 0), false) [CONTEXT service_id=133 ]
12-06 05:44:57.358: I/TestSupport(14902): AwaitCommitOperation:  sleeping for 10 msec. [CONTEXT service_id=133 ]
12-06 05:44:57.470: I/PhenotypeModule(11834): PhenotypeModule.handlePhenotypeConfigurationUpdatesInternal():361 Latency of updating configurations from phenotype (experiment v4): 80
12-06 05:44:57.472: I/PhenotypeModule(11834): PhenotypeModule.handlePhenotypeConfigurationUpdates():260 Latency of updating configurations from phenotype (ExperimentV4): 81
12-06 05:44:57.491: I/PhenotypeModule(11834): PhenotypeModule.lambda$fetchAndUpdate$3():218 fetchAndUpdate() : Success, hasFlags=true, flagCount=683, lastFetchStatus=December 6, 05:44 {reason=2, isFullFetch=false, success=true, isEmpty=false, isDelta=false, fetchedFlagsCount=683, deletedFlagsCount=150, updatedFlagsCount=4, totalTime=1554}
12-06 05:44:57.544: I/TestSupport(14902): AwaitCommitOperation: uncommitted: FlagOverride(com.google.android.gms.auth.api.credentials, , Flag(SaveStrategy__enableSaving, false, 2, 0), false) [CONTEXT service_id=133 ]
12-06 05:44:57.548: I/TestSupport(14902): AwaitCommitOperation:  sleeping for 20 msec. [CONTEXT service_id=133 ]
12-06 05:44:57.614: I/zygote(15876): Do partial code cache collection, code=52KB, data=43KB
12-06 05:44:57.616: I/zygote(15876): After code cache collection, code=52KB, data=43KB
12-06 05:44:57.616: I/zygote(15876): Increasing code cache capacity to 256KB
12-06 05:44:57.770: I/PhenotypeModule(11834): PhenotypeModule.receiveBroadcast():385 onReceive() urgent = false
12-06 05:44:57.771: I/PhenotypeModule(11834): PhenotypeModule.maybeFetchAndUpdate():170 maybeFetchAndUpdate: forceRefresh=false
12-06 05:44:57.901: I/alde(14793): Scheduling Phenotype for a PhenotypeSyncImmediately(12, com.google.android.gms) one off with window [1, 2] in seconds [CONTEXT service_id=51 ]
12-06 05:44:57.910: I/vendor.mediatek.hardware.power@1.1-impl(291): querySysInfo cmd:6, param:0
12-06 05:44:57.911: I/powerd(291): [powerd_req] POWER_MSG_QUERY_INFO: cmd:6, param:0
12-06 05:44:57.911: I/libPerfService(291): perfUserGetCapability - cmd:6, id:0, value:3920
12-06 05:44:57.934: I/TestSupport(14902): AwaitCommitOperation: uncommitted: FlagOverride(com.google.android.gms.auth.api.credentials, , Flag(SaveStrategy__enableSaving, false, 2, 0), false) [CONTEXT service_id=133 ]
12-06 05:44:57.935: I/TestSupport(14902): AwaitCommitOperation:  sleeping for 40 msec. [CONTEXT service_id=133 ]
12-06 05:44:58.028: I/TestSupport(14902): AwaitCommitOperation: uncommitted: FlagOverride(com.google.android.gms.auth.api.credentials, , Flag(SaveStrategy__enableSaving, false, 2, 0), false) [CONTEXT service_id=133 ]
12-06 05:44:58.044: I/TestSupport(14902): AwaitCommitOperation:  sleeping for 80 msec. [CONTEXT service_id=133 ]
12-06 05:44:58.089: I/zygote(15876): Do full code cache collection, code=93KB, data=53KB
12-06 05:44:58.095: I/zygote(15876): After code cache collection, code=73KB, data=38KB
12-06 05:44:58.133: I/zygote(14793): Background concurrent copying GC freed 112858(5MB) AllocSpace objects, 22(928KB) LOS objects, 44% free, 7MB/13MB, paused 342us total 187.738ms
12-06 05:44:58.134: E/PhenotypeModule(11834): PhenotypeModule.handlePhenotypeConfigurationUpdates():249 Get empty configurations.
12-06 05:44:58.142: I/PhenotypeModule(11834): PhenotypeModule.lambda$fetchAndUpdate$3():218 fetchAndUpdate() : Success, hasFlags=true, flagCount=683, lastFetchStatus=December 6, 05:44 {reason=2, isFullFetch=false, success=true, isEmpty=true, isDelta=false, fetchedFlagsCount=0, deletedFlagsCount=0, updatedFlagsCount=0, totalTime=364}
12-06 05:44:58.177: I/TestSupport(14902): AwaitCommitOperation: uncommitted: FlagOverride(com.google.android.gms.auth.api.credentials, , Flag(SaveStrategy__enableSaving, false, 2, 0), false) [CONTEXT service_id=133 ]
12-06 05:44:58.182: I/TestSupport(14902): AwaitCommitOperation:  sleeping for 160 msec. [CONTEXT service_id=133 ]
12-06 05:44:58.216: W/mtkmal(319): type=1400 audit(0.0:369): avc: denied { open } for path="/proc/319/net/dev" dev="proc" ino=4026533568 scontext=u:r:mtkmal:s0 tcontext=u:object_r:proc_net:s0 tclass=file permissive=0
12-06 05:44:58.361: W/ConfigurationUpdatedRec(15876): Received update for unknown package com.google.android.libraries.performance.primes#com.google.android.apps.searchlite; known packages [com.google.android.libraries.lens.nbu.device#com.google.android.apps.searchlite, com.google.android.libraries.lens.nbu.user#com.google.android.apps.searchlite, com.google.android.apps.searchlite.device, com.google.android.apps.searchlite.ui, com.google.android.apps.searchlite, com.google.android.libraries.assistant.symbiote#com.google.android.apps.searchlite]
12-06 05:44:58.378: W/ConfigurationUpdatedRec(15876): Received update for unknown package com.google.android.libraries.consent.flows.footprints#com.google.android.apps.searchlite; known packages [com.google.android.libraries.lens.nbu.device#com.google.android.apps.searchlite, com.google.android.libraries.lens.nbu.user#com.google.android.apps.searchlite, com.google.android.apps.searchlite.device, com.google.android.apps.searchlite.ui, com.google.android.apps.searchlite, com.google.android.libraries.assistant.symbiote#com.google.android.apps.searchlite]
12-06 05:44:58.394: I/TestSupport(14902): AwaitCommitOperation: uncommitted: FlagOverride(com.google.android.gms.auth.api.credentials, , Flag(SaveStrategy__enableSaving, false, 2, 0), false) [CONTEXT service_id=133 ]
12-06 05:44:58.397: I/TestSupport(14902): AwaitCommitOperation:  sleeping for 320 msec. [CONTEXT service_id=133 ]
12-06 05:44:58.599: I/ActivityManager(744): Start proc 15914:com.android.vending:instant_app_installer/u0a68 for broadcast com.android.vending/com.google.android.finsky.instantapps.PhenotypeUpdateReceiver
12-06 05:44:58.696: I/Finsky:instant_app_inst(15914): [2] gft.ay(5): Process created at version: 22.4.28-16 [0] [PR] 338099147
12-06 05:44:58.766: I/TestSupport(14902): AwaitCommitOperation: uncommitted: FlagOverride(com.google.android.gms.auth.api.credentials, , Flag(SaveStrategy__enableSaving, false, 2, 0), false) [CONTEXT service_id=133 ]
12-06 05:44:58.767: I/TestSupport(14902): AwaitCommitOperation:  sleeping for 640 msec. [CONTEXT service_id=133 ]
12-06 05:44:58.899: I/ActivityManager(744): Killing 15516:com.google.android.gms.ui/u0a47 (adj 906): empty #11
12-06 05:44:58.900: W/zygote(744): kill(-15516, 9) failed: No such process
12-06 05:44:58.944: W/zygote(744): kill(-15516, 9) failed: No such process
12-06 05:44:58.971: E/lowmemorykiller(309): Error writing /proc/15516/oom_score_adj; errno=22
12-06 05:44:58.990: W/zygote(744): kill(-15516, 9) failed: No such process
12-06 05:44:59.004: W/ActivityManager(744): Failed delivering service starts
12-06 05:44:59.004: W/ActivityManager(744): android.os.DeadObjectException
12-06 05:44:59.004: W/ActivityManager(744): 	at android.os.BinderProxy.transactNative(Native Method)
12-06 05:44:59.004: W/ActivityManager(744): 	at android.os.BinderProxy.transact(Binder.java:764)
12-06 05:44:59.004: W/ActivityManager(744): 	at android.app.IApplicationThread$Stub$Proxy.scheduleServiceArgs(IApplicationThread.java:1462)
12-06 05:44:59.004: W/ActivityManager(744): 	at com.android.server.am.ActiveServices.sendServiceArgsLocked(ActiveServices.java:2368)
12-06 05:44:59.004: W/ActivityManager(744): 	at com.android.server.am.ActiveServices.bringUpServiceLocked(ActiveServices.java:2062)
12-06 05:44:59.004: W/ActivityManager(744): 	at com.android.server.am.ActiveServices.startServiceInnerLocked(ActiveServices.java:536)
12-06 05:44:59.004: W/ActivityManager(744): 	at com.android.server.am.ActiveServices.startServiceLocked(ActiveServices.java:478)
12-06 05:44:59.004: W/ActivityManager(744): 	at com.android.server.am.ActivityManagerService.startService(ActivityManagerService.java:18822)
12-06 05:44:59.004: W/ActivityManager(744): 	at android.app.IActivityManager$Stub.onTransact(IActivityManager.java:528)
12-06 05:44:59.004: W/ActivityManager(744): 	at com.android.server.am.ActivityManagerService.onTransact(ActivityManagerService.java:3137)
12-06 05:44:59.004: W/ActivityManager(744): 	at android.os.Binder.execTransact(Binder.java:697)
12-06 05:44:59.024: I/chatty(744): uid=1000(system) Binder:744_D identical 1 line
12-06 05:44:59.045: W/ActivityManager(744): Failed delivering service starts
12-06 05:44:59.045: W/ActivityManager(744): android.os.DeadObjectException
12-06 05:44:59.045: W/ActivityManager(744): 	at android.os.BinderProxy.transactNative(Native Method)
12-06 05:44:59.045: W/ActivityManager(744): 	at android.os.BinderProxy.transact(Binder.java:764)
12-06 05:44:59.045: W/ActivityManager(744): 	at android.app.IApplicationThread$Stub$Proxy.scheduleServiceArgs(IApplicationThread.java:1462)
12-06 05:44:59.045: W/ActivityManager(744): 	at com.android.server.am.ActiveServices.sendServiceArgsLocked(ActiveServices.java:2368)
12-06 05:44:59.045: W/ActivityManager(744): 	at com.android.server.am.ActiveServices.bringUpServiceLocked(ActiveServices.java:2062)
12-06 05:44:59.045: W/ActivityManager(744): 	at com.android.server.am.ActiveServices.startServiceInnerLocked(ActiveServices.java:536)
12-06 05:44:59.045: W/ActivityManager(744): 	at com.android.server.am.ActiveServices.startServiceLocked(ActiveServices.java:478)
12-06 05:44:59.045: W/ActivityManager(744): 	at com.android.server.am.ActivityManagerService.startService(ActivityManagerService.java:18822)
12-06 05:44:59.045: W/ActivityManager(744): 	at android.app.IActivityManager$Stub.onTransact(IActivityManager.java:528)
12-06 05:44:59.045: W/ActivityManager(744): 	at com.android.server.am.ActivityManagerService.onTransact(ActivityManagerService.java:3137)
12-06 05:44:59.045: W/ActivityManager(744): 	at android.os.Binder.execTransact(Binder.java:697)
12-06 05:44:59.049: W/ActivityManager(744): Scheduling restart of crashed service com.google.android.gms/.chimera.UiIntentOperationService in 10000ms
12-06 05:44:59.037: W/zygote(744): kill(-15516, 9) failed: No such process
12-06 05:44:59.081: E/Backup(14793): [BackupTransportMigratorChimeraService] Could not migrate transport!
12-06 05:44:59.082: W/zygote(744): kill(-15516, 9) failed: No such process
12-06 05:44:59.084: I/zygote(744): Successfully killed process cgroup uid 10047 pid 15516 in 182ms
12-06 05:44:59.091: I/DisplayDevice(311): [Built-in Screen (type:0)] fps:0.095506,dur:10470.57,max:10470.57,min:10470.57
12-06 05:44:59.101: I/ActivityManager(744): Start proc 15941:com.google.android.gms.ui/u0a47 for service com.google.android.gms/.chimera.UiIntentOperationService
12-06 05:44:59.111: I/Backup(14793): [BackupTransportMigratorChimeraService] Starting migration...
12-06 05:44:59.183: I/zygote(15941): The ClassLoaderContext is a special shared library.
12-06 05:44:59.187: I/zygote(15941): The ClassLoaderContext is a special shared library.
12-06 05:44:59.416: I/alfi(14793): updateFromConfigurations using legacy put method [CONTEXT service_id=204 ]
12-06 05:44:59.486: I/TestSupport(14902): AwaitCommitOperation: uncommitted: FlagOverride(com.google.android.gms.auth.api.credentials, , Flag(SaveStrategy__enableSaving, false, 2, 0), false) [CONTEXT service_id=133 ]
12-06 05:44:59.511: I/TestSupport(14902): AwaitCommitOperation:  sleeping for 1280 msec. [CONTEXT service_id=133 ]
12-06 05:44:59.571: W/ProviderHelper(15941): Unknown dynamite feature providerinstaller
12-06 05:44:59.576: I/DynamiteModule(15941): Considering local module com.google.android.gms.providerinstaller:1 and remote module com.google.android.gms.providerinstaller:0
12-06 05:44:59.576: I/DynamiteModule(15941): Selected local version of com.google.android.gms.providerinstaller
12-06 05:44:59.627: I/ActivityManager(744): Start proc 15971:com.google.android.configupdater/u0a41 for service com.google.android.configupdater/.MainJobService
12-06 05:44:59.703: I/ProviderInstaller(15941): Installed default security provider GmsCore_OpenSSL
12-06 05:44:59.704: I/Safeboot(15941): Checking safeboot...
12-06 05:44:59.706: I/Safeboot(15941): Not entering safeboot; wrong process.
12-06 05:44:59.750: I/zygote(15876): Waiting for a blocking GC ProfileSaver
12-06 05:44:59.841: I/ActivityManager(744): Killing 15454:com.google.android.contacts/u0a50 (adj 906): empty #11
12-06 05:44:59.857: W/zygote(744): kill(-15454, 9) failed: No such process
12-06 05:44:59.870: I/DataShapingService(744): openLteGateSuccess = false
12-06 05:44:59.877: I/zygote(15876): WaitForGcToComplete blocked ProfileSaver on HeapTrim for 126.190ms
12-06 05:44:59.903: W/zygote(744): kill(-15454, 9) failed: No such process
12-06 05:44:59.923: I/vendor.mediatek.hardware.power@1.1-impl(291): querySysInfo cmd:6, param:0
12-06 05:44:59.924: I/powerd(291): [powerd_req] POWER_MSG_QUERY_INFO: cmd:6, param:0
12-06 05:44:59.924: I/libPerfService(291): perfUserGetCapability - cmd:6, id:0, value:3920
12-06 05:44:59.950: W/zygote(744): kill(-15454, 9) failed: No such process
12-06 05:44:59.952: I/zygote(744): Successfully killed process cgroup uid 10050 pid 15454 in 94ms
12-06 05:44:59.959: I/alfi(14793): updateFromConfigurations using legacy put method [CONTEXT service_id=204 ]
12-06 05:45:00.066: I/DataSaverController(1106): registerReceiver() : Runnable call registerReceiver()
12-06 05:45:00.070: I/DataSaverController(1106): registerReceiver() : queryIntentServices = 0
12-06 05:45:00.070: I/DataSaverController(1106): registerReceiver() :  postDelayed Runnable 30000
12-06 05:45:00.071: I/BufferQueueProducer(311): [StatusBar#0](this:0xa744e000,id:4,api:1,p:1106,c:311) queueBuffer: fps=0.08 dur=25824.97 max=25817.74 min=7.23
12-06 05:45:00.084: I/azsz(15941): Primes not initialized, returning default (no-op) Primes instance which will ignore all calls. Please call Primes.initialize(...) before using any Primes API.
12-06 05:45:00.127: I/DisplayDevice(311): [Built-in Screen (type:0)] fps:2.893523,dur:1036.80,max:884.92,min:50.26
12-06 05:45:00.249: I/alfi(14793): updateFromConfigurations using legacy put method [CONTEXT service_id=204 ]
12-06 05:45:00.263: I/thermal_repeater(357): select timeout
12-06 05:45:00.873: I/TestSupport(14902): AwaitCommitOperation: uncommitted: FlagOverride(com.google.android.gms.auth.api.credentials, , Flag(SaveStrategy__enableSaving, false, 2, 0), false) [CONTEXT service_id=133 ]
12-06 05:45:00.883: I/TestSupport(14902): AwaitCommitOperation:  sleeping for 2560 msec. [CONTEXT service_id=133 ]
12-06 05:45:01.212: W/mtkmal(319): type=1400 audit(0.0:370): avc: denied { open } for path="/proc/319/net/dev" dev="proc" ino=4026533568 scontext=u:r:mtkmal:s0 tcontext=u:object_r:proc_net:s0 tclass=file permissive=0
12-06 05:45:00.002: I/chatty(744): uid=1000(system) AlarmManager identical 1 line
12-06 05:45:00.818: I/DataShapingService(744): openLteGateSuccess = false
12-06 05:45:01.294: I/ActivityManager(744): Start proc 16000:com.google.android.apps.messaging/u0a101 for broadcast com.google.android.apps.messaging/.shared.experiments.receiver.BuglePhenotypeBroadcastReceiver
12-06 05:45:01.404: I/zygote(15941): Do partial code cache collection, code=24KB, data=29KB
12-06 05:45:01.407: I/zygote(15941): After code cache collection, code=24KB, data=29KB
12-06 05:45:01.407: I/zygote(15941): Increasing code cache capacity to 128KB
12-06 05:45:01.546: I/zygote(15941): Do partial code cache collection, code=33KB, data=33KB
12-06 05:45:01.549: I/zygote(15941): After code cache collection, code=32KB, data=32KB
12-06 05:45:01.549: I/zygote(15941): Increasing code cache capacity to 256KB
12-06 05:45:01.583: I/zygote(16000): Rejecting re-init on previously-failed class java.lang.Class<eap>: java.lang.NoClassDefFoundError: Failed resolution of: Landroid/os/StrictMode$OnThreadViolationListener;
