12-06 05:45:09.234: E/Backup(14793): [BackupTransportMigratorChimeraService] Could not migrate transport!
12-06 05:45:09.289: I/alde(14793): Scheduling Phenotype for a PhenotypeSyncImmediately(6, com.google.android.dialer) one off with window [1, 2] in seconds [CONTEXT service_id=51 ]
12-06 05:45:09.312: I/DialerFlags(16185): com.android.dialer.phenotype.Flags.lambda$register$0:135 phenotype register status: true
12-06 05:45:09.354: I/SignalClusterView(1106): updateDisplayVoLte mShowVoLteIcon: false mNoSimsVisible: true mIsAirplaneMode: false showWfc: false  showVolte: false
12-06 05:45:09.354: I/SignalClusterView(1106): updateDisplayVoLte mShowVoLteIcon: false mNoSimsVisible: true mIsAirplaneMode: false showWfc: false  showVolte: false
12-06 05:45:09.414: I/kcs(16221): SslGuard completed installation.
12-06 05:45:09.810: E/albp(14793): Phenotype API error. Event # bwtl@bb8db82c, EventCode: 5 [CONTEXT service_id=51 ]
12-06 05:45:09.810: E/albp(14793): alau: 29501: Stale snapshot (change count changed - expected 1  but was 4)
12-06 05:45:09.810: E/albp(14793): 	at albs.a(:com.google.android.gms@203915062@20.39.15 (110304-335085812):14)
12-06 05:45:09.810: E/albp(14793): 	at albr.b(:com.google.android.gms@203915062@20.39.15 (110304-335085812):2)
12-06 05:45:09.810: E/albp(14793): 	at albp.a(:com.google.android.gms@203915062@20.39.15 (110304-335085812):85)
12-06 05:45:09.810: E/albp(14793): 	at albp.a(:com.google.android.gms@203915062@20.39.15 (110304-335085812):80)
12-06 05:45:09.810: E/albp(14793): 	at xzt.run(:com.google.android.gms@203915062@20.39.15 (110304-335085812):7)
12-06 05:45:09.810: E/albp(14793): 	at bhuj.run(:com.google.android.gms@203915062@20.39.15 (110304-335085812):2)
12-06 05:45:09.810: E/albp(14793): 	at qnq.b(:com.google.android.gms@203915062@20.39.15 (110304-335085812):12)
12-06 05:45:09.810: E/albp(14793): 	at qnq.run(:com.google.android.gms@203915062@20.39.15 (110304-335085812):8)
12-06 05:45:09.810: E/albp(14793): 	at java.util.concurrent.ThreadPoolExecutor.runWorker(ThreadPoolExecutor.java:1162)
12-06 05:45:09.810: E/albp(14793): 	at java.util.concurrent.ThreadPoolExecutor$Worker.run(ThreadPoolExecutor.java:636)
12-06 05:45:09.810: E/albp(14793): 	at qtj.run(:com.google.android.gms@203915062@20.39.15 (110304-335085812):0)
12-06 05:45:09.810: E/albp(14793): 	at java.lang.Thread.run(Thread.java:764)
12-06 05:45:09.830: E/AsyncOperation(14793): serviceID=51, operation=CommitToConfigurationOperationCall [CONTEXT service_id=259 ]
12-06 05:45:09.830: E/AsyncOperation(14793): OperationException[Status{statusCode=Stale snapshot (change count changed - expected 1  but was 4), resolution=null}]
12-06 05:45:09.830: E/AsyncOperation(14793): 	at albp.a(:com.google.android.gms@203915062@20.39.15 (110304-335085812):87)
12-06 05:45:09.830: E/AsyncOperation(14793): 	at albp.a(:com.google.android.gms@203915062@20.39.15 (110304-335085812):80)
12-06 05:45:09.830: E/AsyncOperation(14793): 	at xzt.run(:com.google.android.gms@203915062@20.39.15 (110304-335085812):7)
12-06 05:45:09.830: E/AsyncOperation(14793): 	at bhuj.run(:com.google.android.gms@203915062@20.39.15 (110304-335085812):2)
12-06 05:45:09.830: E/AsyncOperation(14793): 	at qnq.b(:com.google.android.gms@203915062@20.39.15 (110304-335085812):12)
12-06 05:45:09.830: E/AsyncOperation(14793): 	at qnq.run(:com.google.android.gms@203915062@20.39.15 (110304-335085812):8)
12-06 05:45:09.830: E/AsyncOperation(14793): 	at java.util.concurrent.ThreadPoolExecutor.runWorker(ThreadPoolExecutor.java:1162)
12-06 05:45:09.830: E/AsyncOperation(14793): 	at java.util.concurrent.ThreadPoolExecutor$Worker.run(ThreadPoolExecutor.java:636)
12-06 05:45:09.830: E/AsyncOperation(14793): 	at qtj.run(:com.google.android.gms@203915062@20.39.15 (110304-335085812):0)
12-06 05:45:09.830: E/AsyncOperation(14793): 	at java.lang.Thread.run(Thread.java:764)
12-06 05:45:09.899: I/CarrierServices(7930): [614] dll.a: Received Provisioning Event: [Bugle information (100)]
12-06 05:45:09.910: I/zygote(14793): Background concurrent copying GC freed 138117(5MB) AllocSpace objects, 12(576KB) LOS objects, 40% free, 8MB/14MB, paused 2.630ms total 374.820ms
12-06 05:45:09.961: I/CarrierServices(7930): [614] dll.a: JibeService is running, passing event to provisioning engine.
12-06 05:45:09.969: E/albp(14793): Phenotype API error. Event # bwtl@81d2a2b3, EventCode: 5 [CONTEXT service_id=51 ]
12-06 05:45:09.969: E/albp(14793): alau: 29501: Stale snapshot (change count changed - expected 1  but was 2)
12-06 05:45:09.969: E/albp(14793): 	at albs.a(:com.google.android.gms@203915062@20.39.15 (110304-335085812):14)
12-06 05:45:09.969: E/albp(14793): 	at albr.b(:com.google.android.gms@203915062@20.39.15 (110304-335085812):2)
12-06 05:45:09.969: E/albp(14793): 	at albp.a(:com.google.android.gms@203915062@20.39.15 (110304-335085812):85)
12-06 05:45:09.969: E/albp(14793): 	at albp.a(:com.google.android.gms@203915062@20.39.15 (110304-335085812):80)
12-06 05:45:09.969: E/albp(14793): 	at xzt.run(:com.google.android.gms@203915062@20.39.15 (110304-335085812):7)
12-06 05:45:09.969: E/albp(14793): 	at bhuj.run(:com.google.android.gms@203915062@20.39.15 (110304-335085812):2)
12-06 05:45:09.969: E/albp(14793): 	at qnq.b(:com.google.android.gms@203915062@20.39.15 (110304-335085812):12)
12-06 05:45:09.969: E/albp(14793): 	at qnq.run(:com.google.android.gms@203915062@20.39.15 (110304-335085812):8)
12-06 05:45:09.969: E/albp(14793): 	at java.util.concurrent.ThreadPoolExecutor.runWorker(ThreadPoolExecutor.java:1162)
12-06 05:45:09.969: E/albp(14793): 	at java.util.concurrent.ThreadPoolExecutor$Worker.run(ThreadPoolExecutor.java:636)
12-06 05:45:09.969: E/albp(14793): 	at qtj.run(:com.google.android.gms@203915062@20.39.15 (110304-335085812):0)
12-06 05:45:09.969: E/albp(14793): 	at java.lang.Thread.run(Thread.java:764)
12-06 05:45:09.972: E/AsyncOperation(14793): serviceID=51, operation=CommitToConfigurationOperationCall [CONTEXT service_id=259 ]
12-06 05:45:09.972: E/AsyncOperation(14793): OperationException[Status{statusCode=Stale snapshot (change count changed - expected 1  but was 2), resolution=null}]
12-06 05:45:09.972: E/AsyncOperation(14793): 	at albp.a(:com.google.android.gms@203915062@20.39.15 (110304-335085812):87)
12-06 05:45:09.972: E/AsyncOperation(14793): 	at albp.a(:com.google.android.gms@203915062@20.39.15 (110304-335085812):80)
12-06 05:45:09.972: E/AsyncOperation(14793): 	at xzt.run(:com.google.android.gms@203915062@20.39.15 (110304-335085812):7)
12-06 05:45:09.972: E/AsyncOperation(14793): 	at bhuj.run(:com.google.android.gms@203915062@20.39.15 (110304-335085812):2)
12-06 05:45:09.972: E/AsyncOperation(14793): 	at qnq.b(:com.google.android.gms@203915062@20.39.15 (110304-335085812):12)
12-06 05:45:09.972: E/AsyncOperation(14793): 	at qnq.run(:com.google.android.gms@203915062@20.39.15 (110304-335085812):8)
12-06 05:45:09.972: E/AsyncOperation(14793): 	at java.util.concurrent.ThreadPoolExecutor.runWorker(ThreadPoolExecutor.java:1162)
12-06 05:45:09.972: E/AsyncOperation(14793): 	at java.util.concurrent.ThreadPoolExecutor$Worker.run(ThreadPoolExecutor.java:636)
12-06 05:45:09.972: E/AsyncOperation(14793): 	at qtj.run(:com.google.android.gms@203915062@20.39.15 (110304-335085812):0)
12-06 05:45:09.972: E/AsyncOperation(14793): 	at java.lang.Thread.run(Thread.java:764)
12-06 05:45:10.012: I/CarrierServices(7930): [614] cyr.a: Handling Provisioning Event: [Bugle information (100)]
12-06 05:45:10.018: I/vendor.mediatek.hardware.power@1.1-impl(291): querySysInfo cmd:6, param:0
12-06 05:45:10.019: I/powerd(291): [powerd_req] POWER_MSG_QUERY_INFO: cmd:6, param:0
12-06 05:45:10.019: I/libPerfService(291): perfUserGetCapability - cmd:6, id:0, value:3920
12-06 05:45:10.050: I/CarrierServices(7930): [614] czb.a: RcsAvailabilityManager: Calculating Rcs Availability
12-06 05:45:10.102: I/CarrierServices(7930): [614] czb.a: Bugle ContentProvider is disabled by p/h flag, using ProvisioningEngineStateCacheUtil.getBugleHasRequiredPermission()
12-06 05:45:10.154: I/CarrierServices(7930): [614] czb.a: Bugle has minimum required RCS permissions: true
12-06 05:45:10.163: W/ConfigurationUpdatedRec(16221): Received update for unknown package com.google.android.libraries.performance.primes#com.google.android.apps.assistant; known packages [com.google.android.apps.assistant, com.google.android.libraries.assistant.symbiote#com.google.android.apps.assistant]
12-06 05:45:10.178: W/ConfigurationUpdatedRec(16221): Received update for unknown package com.google.android.libraries.consent.flows.footprints#com.google.android.apps.assistant; known packages [com.google.android.apps.assistant, com.google.android.libraries.assistant.symbiote#com.google.android.apps.assistant]
12-06 05:45:10.204: I/CarrierServices(7930): [614] day.d: RCS Configuration storage in Bugle is disabled by p/h flag, using ProvisioningEngineStateCacheUtil.getProvisioningConfigurationForGivenSim()
12-06 05:45:10.216: W/mtkmal(319): type=1400 audit(0.0:373): avc: denied { open } for path="/proc/319/net/dev" dev="proc" ino=4026533568 scontext=u:r:mtkmal:s0 tcontext=u:object_r:proc_net:s0 tclass=file permissive=0
12-06 05:45:10.277: I/thermal_repeater(357): select timeout
12-06 05:45:10.320: I/CarrierServices(7930): [614] day.a: Bugle ContentProvider is disabled by p/h flag, using ProvisioningEngineStateCacheUtil.getBugleEnabledRcsFromPreference()
12-06 05:45:10.352: I/CarrierServices(7930): [614] day.a: Rcs is enabled from user settings: true
12-06 05:45:10.357: I/SignalClusterView(1106): updateDisplayVoLte mShowVoLteIcon: false mNoSimsVisible: true mIsAirplaneMode: false showWfc: false  showVolte: false
12-06 05:45:10.357: I/SignalClusterView(1106): updateDisplayVoLte mShowVoLteIcon: false mNoSimsVisible: true mIsAirplaneMode: false showWfc: false  showVolte: false
12-06 05:45:10.387: I/CarrierServices(7930): [614] day.b: Bugle ContentProvider is disabled by p/h flag, using ProvisioningEngineStateCacheUtil.isBugleDefaultSmsApp()
12-06 05:45:10.415: I/CarrierServices(7930): [614] day.b: Bugle is default SMS app: true
12-06 05:45:10.465: W/CarrierServices(7930): [614] dci.a: No config URL. RCS will be disabled!
12-06 05:45:10.483: I/ActivityManager(744): Start proc 16259:com.google.android.music:main/u0a105 for broadcast com.google.android.music/com.google.android.libraries.phenotype.client.stable.PhenotypeUpdateBroadcastReceiver
12-06 05:45:10.485: I/ActivityManager(744): Killing 15788:com.google.android.partnersetup/u0a54 (adj 906): empty #11
12-06 05:45:10.490: W/zygote(744): kill(-15788, 9) failed: No such process
12-06 05:45:10.534: W/zygote(744): kill(-15788, 9) failed: No such process
12-06 05:45:10.538: I/CarrierServices(7930): [614] day.d: RCS Configuration storage in Bugle is disabled by p/h flag, using ProvisioningEngineStateCacheUtil.getProvisioningConfigurationForGivenSim()
12-06 05:45:10.573: I/DisplayDevice(311): [Built-in Screen (type:0)] fps:1.386858,dur:2163.16,max:1648.12,min:94.06
12-06 05:45:10.577: W/zygote(744): kill(-15788, 9) failed: No such process
12-06 05:45:10.579: I/zygote(744): Successfully killed process cgroup uid 10054 pid 15788 in 88ms
12-06 05:45:10.606: I/CarrierServices(7930): [614] day.d: RCS Configuration storage in Bugle is disabled by p/h flag, using ProvisioningEngineStateCacheUtil.getProvisioningConfigurationForGivenSim()
12-06 05:45:10.664: I/Finsky(15204): [1079] noh.run(36): Stats for Executor: BlockingExecutor nqm@63c25a[Running, pool size = 2, active threads = 0, queued tasks = 0, completed tasks = 14]
12-06 05:45:10.665: I/Finsky(15204): [1079] noh.run(36): Stats for Executor: LightweightExecutor nqm@b4d5c8b[Running, pool size = 3, active threads = 0, queued tasks = 0, completed tasks = 70]
12-06 05:45:10.685: I/CarrierServices(7930): [614] day.d: RCS Configuration storage in Bugle is disabled by p/h flag, using ProvisioningEngineStateCacheUtil.getProvisioningConfigurationForGivenSim()
12-06 05:45:10.695: I/MultiDex(16259): VM with version 2.1.0 has multidex support
12-06 05:45:10.695: I/MultiDex(16259): install
12-06 05:45:10.695: I/MultiDex(16259): VM has multidex support, MultiDex support library is disabled.
12-06 05:45:10.794: I/CarrierServices(7930): [614] due.b: Checking if using CarrierServices.apk is possible. Enabled: true, isAtLeastM: true, runningInsideBugle: false
12-06 05:45:10.827: I/zygote(14793): Deoptimizing int cyw.a(bnzh, cyo, java.lang.Comparable) due to JIT inline cache
12-06 05:45:10.837: W/zygote(16259): Unsupported class loader
12-06 05:45:10.838: W/DynamiteModule(16259): Local module descriptor class for com.google.android.gms.measurement.dynamite not found.
12-06 05:45:10.848: I/CarrierServices(7930): [614] bki.onCsLibPhenotypeUpdated: BindingManager: binding and reset P/H Flag stay same
12-06 05:45:10.858: W/zygote(16259): Skipping duplicate class check due to unsupported classloader
12-06 05:45:10.868: I/DynamiteModule(16259): Considering local module com.google.android.gms.ads.dynamite:0 and remote module com.google.android.gms.ads.dynamite:21800
12-06 05:45:10.868: I/DynamiteModule(16259): Selected remote version of com.google.android.gms.ads.dynamite, version >= 21800
12-06 05:45:10.884: I/DynamiteModule(16259): Considering local module com.google.android.gms.measurement.dynamite:0 and remote module com.google.android.gms.measurement.dynamite:18
12-06 05:45:10.884: I/DynamiteModule(16259): Selected remote version of com.google.android.gms.measurement.dynamite, version >= 18
12-06 05:45:10.923: I/AndroidMusic(16259): Application start. Process=MAIN
12-06 05:45:10.939: W/zygote(16259): Unsupported class loader
12-06 05:45:10.967: I/CarrierServices(7930): [614] czb.a: RcsAvailabilityManager: Rcs Availability still DISABLED_SIM_ABSENT (RCS is disabled due to SIM absent)
12-06 05:45:10.973: W/zygote(16259): Skipping duplicate class check due to unsupported classloader
12-06 05:45:11.026: W/zygote(16259): Unsupported class loader
12-06 05:45:11.097: W/zygote(16259): Skipping duplicate class check due to unsupported classloader
12-06 05:45:11.128: W/DynamiteModule(16259): Local module descriptor class for com.google.android.gms.measurement.dynamite not found.
12-06 05:45:11.216: I/BaseStore(16259): ConfigStore database version: 1
12-06 05:45:11.286: I/zygote(16126): Waiting for a blocking GC ProfileSaver
12-06 05:45:11.309: W/DynamiteModule(16259): Local module descriptor class for com.google.android.gms.providerinstaller not found.
12-06 05:45:11.311: W/ProviderHelper(14793): Unknown dynamite feature providerinstaller
12-06 05:45:11.323: I/DynamiteModule(16259): Considering local module com.google.android.gms.providerinstaller:0 and remote module com.google.android.gms.providerinstaller:0
12-06 05:45:11.324: W/ProviderInstaller(16259): Failed to load providerinstaller module: No acceptable module found. Local version is 0 and remote version is 0.
12-06 05:45:11.329: I/zygote(16259): The ClassLoaderContext is a special shared library.
12-06 05:45:11.332: I/zygote(16259): The ClassLoaderContext is a special shared library.
12-06 05:45:11.438: I/zygote(14793): Background concurrent copying GC freed 164631(6MB) AllocSpace objects, 15(692KB) LOS objects, 45% free, 7MB/13MB, paused 232us total 259.466ms
12-06 05:45:11.468: I/ProviderInstaller(16259): Installed default security provider GmsCore_OpenSSL
12-06 05:45:11.532: I/Bugle(16000): Carrier config changed. Reloading MMS config.
12-06 05:45:11.535: W/roid.music:main(16259): type=1400 audit(0.0:374): avc: denied { open } for path="/data/media/0/Android/data/com.google.android.music/files/._playmusicid" dev="mmcblk0p30" ino=1919 scontext=u:r:untrusted_app:s0:c512,c768 tcontext=u:object_r:system_data_file:s0 tclass=file permissive=0
12-06 05:45:11.540: E/CacheLocation(16259): Unable to write volume ID file at path: /storage/emulated/0/Android/data/com.google.android.music/files/._playmusicid, got java.io.FileNotFoundException: /storage/emulated/0/Android/data/com.google.android.music/files/._playmusicid (Permission denied)
12-06 05:45:11.535: W/roid.music:main(16259): type=1400 audit(0.0:375): avc: denied { write open } for path="/data/media/0/Android/data/com.google.android.music/files/._playmusicid" dev="mmcblk0p30" ino=1919 scontext=u:r:untrusted_app:s0:c512,c768 tcontext=u:object_r:system_data_file:s0 tclass=file permissive=0
12-06 05:45:11.539: W/roid.music:main(16259): type=1400 audit(0.0:376): avc: denied { open } for path="/data/data/com.google.android.music/files/._playmusicid" dev="mmcblk0p30" ino=1754 scontext=u:r:untrusted_app:s0:c512,c768 tcontext=u:object_r:system_data_file:s0 tclass=file permissive=0
12-06 05:45:11.544: E/CacheLocation(16259): Unable to write volume ID file at path: /data/user/0/com.google.android.music/files/._playmusicid, got java.io.FileNotFoundException: /data/data/com.google.android.music/files/._playmusicid (Permission denied)
12-06 05:45:11.569: I/zygote(16000): Deoptimizing int aea.a(java.lang.Object) due to JIT inline cache
12-06 05:45:11.582: W/roid.music:main(16259): type=1400 audit(0.0:378): avc: denied { open } for path="/data/data/com.google.android.music/files/._playmusicid" dev="mmcblk0p30" ino=1754 scontext=u:r:untrusted_app:s0:c512,c768 tcontext=u:object_r:system_data_file:s0 tclass=file permissive=0
12-06 05:45:11.586: E/CacheLocation(16259): Unable to write volume ID file at path: /data/user/0/com.google.android.music/files/._playmusicid, got java.io.FileNotFoundException: /data/data/com.google.android.music/files/._playmusicid (Permission denied)
12-06 05:45:11.701: I/BugleRcsEngine(16000): [1142] syh.<init>: (Sim): Initializing SimStateTracker with multi-sim support
12-06 05:45:11.786: I/ActivityManager(744): Killing 15126:com.google.process.gapps/u0a47 (adj 906): empty #11
12-06 05:45:11.787: W/zygote(744): kill(-15126, 9) failed: No such process
12-06 05:45:11.830: W/zygote(744): kill(-15126, 9) failed: No such process
12-06 05:45:11.831: I/zygote(744): Successfully killed process cgroup uid 10047 pid 15126 in 43ms
12-06 05:45:11.837: W/ActivityManager(744): Background start not allowed: service Intent { cmp=com.google.android.apps.messaging/.shared.datamodel.action.execution.ActionExecutorImpl$EmptyService } to com.google.android.apps.messaging/.shared.datamodel.action.execution.ActionExecutorImpl$EmptyService from pid=16000 uid=10101 pkg=com.google.android.apps.messaging
12-06 05:45:11.859: I/BugleAction(16000): ActionSchedulerImpl: class com.google.android.apps.messaging.shared.datamodel.action.CountryCodeDetectorAction-CountryCodeDetectorAction:930262003 deferred since it was started from unsafe context
12-06 05:45:11.868: I/DisplayDevice(311): [Built-in Screen (type:0)] fps:0.771984,dur:1295.36,max:1295.36,min:1295.36
12-06 05:45:11.870: I/BugleRcsEngine(16000): [1142] syo.<init>: (SingleSim): Initializing SimStateTracker for single-sim device
12-06 05:45:11.883: I/MusicExperimentManager(16259): Received config change, experiments list is null
12-06 05:45:11.884: W/MusicExperimentManager(16259): Parsing error while updating analysis experiments
12-06 05:45:11.964: I/BaseStore(16259): Store database version: 146
12-06 05:45:12.029: I/vendor.mediatek.hardware.power@1.1-impl(291): querySysInfo cmd:6, param:0
12-06 05:45:12.030: I/powerd(291): [powerd_req] POWER_MSG_QUERY_INFO: cmd:6, param:0
12-06 05:45:12.030: I/libPerfService(291): perfUserGetCapability - cmd:6, id:0, value:3920
12-06 05:45:12.060: I/PlaybackClient(16259): init: Initializing
12-06 05:45:12.091: W/ActivityManager(744): Unable to start service Intent { act=com.google.android.gms.icing.APP_INDEXING_SERVICE pkg=com.google.android.gms } U=0: not found
12-06 05:45:12.099: W/ActivityManager(744): Unbind failed: could not find connection for android.os.BinderProxy@f8dd82e
12-06 05:45:12.106: E/GmsClient(16259): unable to connect to service: com.google.android.gms.icing.APP_INDEXING_SERVICE on com.google.android.gms
12-06 05:45:12.129: I/zygote(744): Background concurrent copying GC freed 29265(1464KB) AllocSpace objects, 6(312KB) LOS objects, 30% free, 13MB/19MB, paused 305us total 354.266ms
12-06 05:45:12.165: I/DataShapingService(744): openLteGateSuccess = true
12-06 05:45:12.208: I/Finsky(15204): [1079] noh.run(36): Stats for Executor: bgExecutor nqm@a4f168[Running, pool size = 4, active threads = 0, queued tasks = 0, completed tasks = 58]
12-06 05:45:12.214: W/BugleRcsEngine(16000): [1150] syh.a: (Sim): Unexpected action: android.telephony.action.CARRIER_CONFIG_CHANGED
12-06 05:45:12.248: I/BugleRcsEngine(16000): [1145] syl.a: do not delay first event
12-06 05:45:12.283: W/BugleRcsEngine(16000): [1145] syh.c: (Sim): process intent: android.intent.action.SIM_STATE_CHANGED
12-06 05:45:12.293: I/BugleRcsEngine(16000): [1158] syl.a: SIM delay is not enabled
12-06 05:45:12.299: W/ActivityManager(744): Background start not allowed: service Intent { cmp=com.google.android.apps.messaging/.shared.datamodel.action.execution.ActionExecutorImpl$EmptyService } to com.google.android.apps.messaging/.shared.datamodel.action.execution.ActionExecutorImpl$EmptyService from pid=16000 uid=10101 pkg=com.google.android.apps.messaging
12-06 05:45:12.304: I/BugleRcsEngine(16000): [1142] rui.b: Reinitialize CSLib Flags: com.google.android.ims.library
12-06 05:45:12.461: I/BugleRcsEngine(16000): [1158] syh.e: (Sim): Processing an intent
12-06 05:45:12.493: I/NetworkConnectivity(16259): Network state changed: [type: WIFI[], state: CONNECTED/CONNECTED, reason: (unspecified), extra: "wl-ftl-mt89-1-24", failover: false, available: true, roaming: false]
12-06 05:45:12.497: I/Bugle(16000): CountryCodeDetector: updateMainDeviceCountry from system locale as fallback. detected country: US
12-06 05:45:12.508: I/ActivityManager(744): Start proc 16314:com.google.android.calendar/u0a84 for broadcast com.google.android.calendar/com.google.android.apps.calendar.config.phenotypesupport.broadcast.PhenotypeBroadcastReceiver
12-06 05:45:12.544: I/DataShapingService(744): openLteGateSuccess = false
12-06 05:45:12.573: W/zygote(16000): Verification of android.database.sqlite.SQLiteDatabase etv.d() took 107.262ms
12-06 05:45:12.587: I/NetworkPolicyMonitor(16259): Download-ability status changed to (true) unmetered wifi/eth: true mobileOrMetered: false
12-06 05:45:12.597: I/ActivityManager(744): Killing 15876:com.google.android.apps.searchlite/u0a55 (adj 906): empty #11
12-06 05:45:12.598: W/zygote(744): kill(-15876, 9) failed: No such process
12-06 05:45:12.608: I/NetworkPolicyMonitor(16259): Stream-ability status changed to (true) unmetered wifi/eth: true mobileOrMetered: false
12-06 05:45:12.608: I/BugleRcsEngine(16000): [1158] syh.a: (Sim): SIM state ABSENT
12-06 05:45:12.628: I/BugleRcsEngine(16000): [1158] syh.a: (Sim): Broadcasting Intent { act=com.google.android.ims.SIM_ABSENT }
12-06 05:45:12.640: W/zygote(744): kill(-15876, 9) failed: No such process
12-06 05:45:12.653: I/Bugle(16000): SimChangeReceiver: action: com.google.android.ims.SIM_ABSENT
12-06 05:45:12.670: I/BugleRcsEngine(16000): [1142] dzl.a: Provisioning task in Bugle is disabled by P/H flag
12-06 05:45:12.684: W/zygote(744): kill(-15876, 9) failed: No such process
12-06 05:45:12.688: I/ChimeraSrvcProxy(14902): NullBinder for com.google.android.mdh.service.START triggering remote TransactionTooLargeException due to Service without Chimera impl
12-06 05:45:12.698: E/JavaBinder(14793): !!! FAILED BINDER TRANSACTION !!!  (parcel size = 916)
12-06 05:45:12.699: W/GmsClient(14793): IGmsServiceBroker.getService failed
12-06 05:45:12.699: W/GmsClient(14793): android.os.DeadObjectException: Transaction failed on small parcel; remote process probably died
12-06 05:45:12.699: W/GmsClient(14793): 	at android.os.BinderProxy.transactNative(Native Method)
12-06 05:45:12.699: W/GmsClient(14793): 	at android.os.BinderProxy.transact(Binder.java:764)
12-06 05:45:12.699: W/GmsClient(14793): 	at qcf.a(:com.google.android.gms@203915062@20.39.15 (110304-335085812):5)
12-06 05:45:12.699: W/GmsClient(14793): 	at qah.a(:com.google.android.gms@203915062@20.39.15 (110304-335085812):83)
12-06 05:45:12.699: W/GmsClient(14793): 	at ply.run(:com.google.android.gms@203915062@20.39.15 (110304-335085812):7)
12-06 05:45:12.699: W/GmsClient(14793): 	at android.os.Handler.handleCallback(Handler.java:790)
12-06 05:45:12.699: W/GmsClient(14793): 	at android.os.Handler.dispatchMessage(Handler.java:99)
12-06 05:45:12.699: W/GmsClient(14793): 	at aaxh.a(:com.google.android.gms@203915062@20.39.15 (110304-335085812):2)
12-06 05:45:12.699: W/GmsClient(14793): 	at aaxh.dispatchMessage(:com.google.android.gms@203915062@20.39.15 (110304-335085812):11)
12-06 05:45:12.699: W/GmsClient(14793): 	at android.os.Looper.loop(Looper.java:164)
12-06 05:45:12.699: W/GmsClient(14793): 	at android.os.HandlerThread.run(HandlerThread.java:65)
12-06 05:45:12.727: W/zygote(744): kill(-15876, 9) failed: No such process
12-06 05:45:12.740: I/zygote(14793): Deoptimizing void xzu.a(xzp) due to JIT inline cache
12-06 05:45:12.771: W/zygote(744): kill(-15876, 9) failed: No such process
12-06 05:45:12.813: W/zygote(744): kill(-15876, 9) failed: No such process
12-06 05:45:12.814: I/zygote(744): Successfully killed process cgroup uid 10055 pid 15876 in 215ms
12-06 05:45:12.818: I/BugleRcsEngine(16000): [1158] syh.e: (Sim): Processing an intent
12-06 05:45:12.837: I/zygote(16000): Deoptimizing xsm xnk.a(int) due to JIT inline cache
12-06 05:45:12.884: I/BugleRcsEngine(16000): [1158] syh.a: (Sim): Ignoring duplicate SIM state: ABSENT
12-06 05:45:12.884: I/ChimeraSrvcProxy(14902): NullBinder for com.google.android.mdh.service.listener.START triggering remote TransactionTooLargeException due to Service without Chimera impl
12-06 05:45:12.885: E/JavaBinder(14793): !!! FAILED BINDER TRANSACTION !!!  (parcel size = 308)
12-06 05:45:12.889: W/GmsClient(14793): IGmsServiceBroker.getService failed
12-06 05:45:12.889: W/GmsClient(14793): android.os.DeadObjectException: Transaction failed on small parcel; remote process probably died
12-06 05:45:12.889: W/GmsClient(14793): 	at android.os.BinderProxy.transactNative(Native Method)
12-06 05:45:12.889: W/GmsClient(14793): 	at android.os.BinderProxy.transact(Binder.java:764)
12-06 05:45:12.889: W/GmsClient(14793): 	at qcf.a(:com.google.android.gms@203915062@20.39.15 (110304-335085812):5)
12-06 05:45:12.889: W/GmsClient(14793): 	at qah.a(:com.google.android.gms@203915062@20.39.15 (110304-335085812):83)
12-06 05:45:12.889: W/GmsClient(14793): 	at ply.run(:com.google.android.gms@203915062@20.39.15 (110304-335085812):7)
12-06 05:45:12.889: W/GmsClient(14793): 	at android.os.Handler.handleCallback(Handler.java:790)
12-06 05:45:12.889: W/GmsClient(14793): 	at android.os.Handler.dispatchMessage(Handler.java:99)
12-06 05:45:12.889: W/GmsClient(14793): 	at aaxh.a(:com.google.android.gms@203915062@20.39.15 (110304-335085812):2)
12-06 05:45:12.889: W/GmsClient(14793): 	at aaxh.dispatchMessage(:com.google.android.gms@203915062@20.39.15 (110304-335085812):11)
12-06 05:45:12.889: W/GmsClient(14793): 	at android.os.Looper.loop(Looper.java:164)
12-06 05:45:12.889: W/GmsClient(14793): 	at android.os.HandlerThread.run(HandlerThread.java:65)
12-06 05:45:12.923: I/zygote(14902): Deoptimizing java.lang.Object bafg.a() due to JIT inline cache
12-06 05:45:12.933: I/BugleRcsEngine(16000): [1142] rui.b: Reinitialize CSLib Flags: com.google.android.ims.library
12-06 05:45:13.081: I/zygote(16185): Waiting for a blocking GC ProfileSaver
12-06 05:45:13.127: I/zygote(16185): WaitForGcToComplete blocked ProfileSaver on HeapTrim for 45.884ms
12-06 05:45:13.219: W/mtkmal(319): type=1400 audit(0.0:381): avc: denied { open } for path="/proc/319/net/dev" dev="proc" ino=4026533568 scontext=u:r:mtkmal:s0 tcontext=u:object_r:proc_net:s0 tclass=file permissive=0
12-06 05:45:13.234: I/zygote(14793): Background concurrent copying GC freed 134913(5MB) AllocSpace objects, 17(964KB) LOS objects, 43% free, 7MB/13MB, paused 21.817ms total 441.728ms
12-06 05:45:13.303: I/ActivityManager(744): Start proc 16343:com.android.providers.calendar/u0a57 for content provider com.android.providers.calendar/.CalendarProvider2
12-06 05:45:13.363: W/Bugle(16000): Get mms config failed: invalid subId. subId=1, real subId=1, map={ }
12-06 05:45:13.368: I/zygote(16343): The ClassLoaderContext is a special shared library.
12-06 05:45:13.372: I/zygote(16343): The ClassLoaderContext is a special shared library.
12-06 05:45:13.379: I/BugleBackup(16000): Registering preference change listener for "buglesub_1".
12-06 05:45:13.381: I/zygote(16343): The ClassLoaderContext is a special shared library.
12-06 05:45:13.441: I/CalendarProvider2(16343): Created com.android.providers.calendar.CalendarAlarmManager@33d6c43(com.android.providers.calendar.CalendarProvider2@6f5b2c0)
12-06 05:45:13.693: I/FA-Ads(16259): App measurement initialized, version: 32044
12-06 05:45:13.694: I/FA-Ads(16259): To enable debug logging run: adb shell setprop log.tag.FA VERBOSE
12-06 05:45:13.875: I/DataShapingService(744): openLteGateSuccess = false
12-06 05:45:13.892: I/Finsky(15204): [2] acbc.onStartJob(3): SCH: onJobSchedulerWakeup with jobId 9003
12-06 05:45:13.914: I/Finsky(15204): [2] abwh.a(9): SCH: Scheduling fallback job with id: 9034, and delay: 43200000 ms
12-06 05:45:13.928: I/Finsky(15204): [2] abwh.b(9): SCH: Scheduling fallback in 64799989 (absolute: 65734056)
12-06 05:45:13.938: I/System.out(15204): checkUrl: https://connectivitycheck.gstatic.com/generate_204
12-06 05:45:13.949: I/zygote(16221): Waiting for a blocking GC ProfileSaver
12-06 05:45:13.955: W/System(15204): ClassLoader referenced unknown path: system/framework/mediatek-cta.jar
12-06 05:45:13.958: I/System.out(15204): e:java.lang.ClassNotFoundException: com.mediatek.cta.CtaHttp
12-06 05:45:13.959: I/System.out(15204): [OkHttp] sendRequest>>
12-06 05:45:13.959: I/System.out(15204): [OkHttp] sendRequest<<
12-06 05:45:13.991: I/Finsky(15204): [2] abwq.handleMessage(8): SCH: DeviceState: DeviceState{currentTime=1607262313983, isCharging=true, isIdle=false, netAny=true, netNotRoaming=true, netUnmetered=true, batteryPercent=100.0}
12-06 05:45:14.012: I/TestSupport(14902): AwaitCommitOperation: uncommitted: FlagOverride(com.google.android.gms.auth.api.credentials, , Flag(SaveStrategy__enableSaving, false, 2, 0), false) [CONTEXT service_id=133 ]
12-06 05:45:14.018: I/TestSupport(14902): AwaitCommitOperation:  sleeping for 5120 msec. [CONTEXT service_id=133 ]
12-06 05:45:14.043: I/Finsky(15204): [1156] abzb.b(5): SCH: Jobs in database: 1-1337 12-1 24-77777777 26-1414141414 
12-06 05:45:14.045: I/vendor.mediatek.hardware.power@1.1-impl(291): querySysInfo cmd:6, param:0
12-06 05:45:14.045: I/powerd(291): [powerd_req] POWER_MSG_QUERY_INFO: cmd:6, param:0
12-06 05:45:14.045: I/libPerfService(291): perfUserGetCapability - cmd:6, id:0, value:3920
12-06 05:45:14.142: I/Finsky(15204): [2] abwr.b(10): SCH: Running job: 12-1
12-06 05:45:14.145: I/Finsky(15204): [2] ContentSyncJob.r(1): [ContentSync] job started
12-06 05:45:14.155: I/Finsky(15204): [2] abwq.handleMessage(59): SCH: RunningQueue size: 1, PendingQueue size: 0
12-06 05:45:14.156: I/Finsky(15204): [2] abwr.p(3): SCH: Running queue: 12-1 
12-06 05:45:14.338: W/GrowthKit(16314): Failed to get phenotypeManager in PhenotypeBroadcastReceiver
12-06 05:45:14.338: W/GrowthKit(16314): java.lang.NullPointerException: Unable to get GrowthKit Component from host app: com.google.android.calendar
12-06 05:45:14.338: W/GrowthKit(16314): 	at cal.qaa.a(PG:6)
12-06 05:45:14.338: W/GrowthKit(16314): 	at com.google.android.libraries.internal.growth.growthkit.internal.experiments.impl.PhenotypeBroadcastReceiver.onReceive(PG:1)
12-06 05:45:14.338: W/GrowthKit(16314): 	at android.app.ActivityThread.handleReceiver(ActivityThread.java:3214)
12-06 05:45:14.338: W/GrowthKit(16314): 	at android.app.ActivityThread.-wrap17(Unknown Source:0)
12-06 05:45:14.338: W/GrowthKit(16314): 	at android.app.ActivityThread$H.handleMessage(ActivityThread.java:1696)
12-06 05:45:14.338: W/GrowthKit(16314): 	at android.os.Handler.dispatchMessage(Handler.java:106)
12-06 05:45:14.338: W/GrowthKit(16314): 	at android.os.Looper.loop(Looper.java:164)
12-06 05:45:14.338: W/GrowthKit(16314): 	at android.app.ActivityThread.main(ActivityThread.java:6523)
12-06 05:45:14.338: W/GrowthKit(16314): 	at java.lang.reflect.Method.invoke(Native Method)
12-06 05:45:14.338: W/GrowthKit(16314): 	at com.android.internal.os.RuntimeInit$MethodAndArgsCaller.run(RuntimeInit.java:438)
12-06 05:45:14.338: W/GrowthKit(16314): 	at com.android.internal.os.ZygoteInit.main(ZygoteInit.java:857)
12-06 05:45:14.354: I/Bugle(16000): VerifiedSmsStartupTask: Checking if Verified SMS tasks should be enqueued. feature supported: true, feature enabled: true, eligible / has registered key: false, C11N: true
12-06 05:45:14.355: I/Bugle(16000): VerifiedSmsStartupTask: Not enqueuing VSMS periodic task, VSMS is disabled or not supported.
12-06 05:45:14.364: I/SignalClusterView(1106): updateDisplayVoLte mShowVoLteIcon: false mNoSimsVisible: true mIsAirplaneMode: false showWfc: false  showVolte: false
12-06 05:45:14.364: I/Bugle(16000): VerifiedSmsStartupTask: Calling C11N to get phone numbers...
12-06 05:45:14.364: I/SignalClusterView(1106): updateDisplayVoLte mShowVoLteIcon: false mNoSimsVisible: true mIsAirplaneMode: false showWfc: false  showVolte: false
12-06 05:45:14.384: W/PhenotypeUpdateBackgroundBroadcastReceiver(16314): Unable to retrieve PhenotypeContext. For Sting applications, we recommend writing a PhenotypeContext provider to be used by all Phenotype packages.
12-06 05:45:14.384: W/PhenotypeUpdateBackgroundBroadcastReceiver(16314): java.lang.IllegalStateException: Given application context does not implement GeneratedComponentManager: class com.google.android.calendar.CalendarApplication
12-06 05:45:14.384: W/PhenotypeUpdateBackgroundBroadcastReceiver(16314): 	at cal.wuv.a(PG:6)
12-06 05:45:14.384: W/PhenotypeUpdateBackgroundBroadcastReceiver(16314): 	at com.google.android.libraries.phenotype.client.stable.PhenotypeUpdateBackgroundBroadcastReceiver.onReceive(PG:10)
12-06 05:45:14.384: W/PhenotypeUpdateBackgroundBroadcastReceiver(16314): 	at android.app.ActivityThread.handleReceiver(ActivityThread.java:3214)
12-06 05:45:14.384: W/PhenotypeUpdateBackgroundBroadcastReceiver(16314): 	at android.app.ActivityThread.-wrap17(Unknown Source:0)
12-06 05:45:14.384: W/PhenotypeUpdateBackgroundBroadcastReceiver(16314): 	at android.app.ActivityThread$H.handleMessage(ActivityThread.java:1696)
12-06 05:45:14.384: W/PhenotypeUpdateBackgroundBroadcastReceiver(16314): 	at android.os.Handler.dispatchMessage(Handler.java:106)
12-06 05:45:14.384: W/PhenotypeUpdateBackgroundBroadcastReceiver(16314): 	at android.os.Looper.loop(Looper.java:164)
12-06 05:45:14.384: W/PhenotypeUpdateBackgroundBroadcastReceiver(16314): 	at android.app.ActivityThread.main(ActivityThread.java:6523)
12-06 05:45:14.384: W/PhenotypeUpdateBackgroundBroadcastReceiver(16314): 	at java.lang.reflect.Method.invoke(Native Method)
12-06 05:45:14.384: W/PhenotypeUpdateBackgroundBroadcastReceiver(16314): 	at com.android.internal.os.RuntimeInit$MethodAndArgsCaller.run(RuntimeInit.java:438)
12-06 05:45:14.384: W/PhenotypeUpdateBackgroundBroadcastReceiver(16314): 	at com.android.internal.os.ZygoteInit.main(ZygoteInit.java:857)
12-06 05:45:14.393: I/alde(14793): Scheduling Phenotype for a PhenotypeSyncImmediately(6, com.google.android.calendar) one off with window [1, 2] in seconds [CONTEXT service_id=51 ]
12-06 05:45:14.397: I/Bugle(16000): VerifiedSmsRegistrationHelper: The device doesn't have a new IMSI not registered with VSMS.
12-06 05:45:14.404: I/Bugle(16000): VerifiedSmsStartupTask: C11N registration didn't update with any new data.
12-06 05:45:14.497: I/BugleJobs(16000): Starts to observe table change.
12-06 05:45:14.516: I/RcsClientLib(16000): Connecting SignupService
12-06 05:45:14.553: I/RcsClientLib(16000): shouldUseCarrierServicesJibeService: true, CarrierServices rcs service found: true
12-06 05:45:14.601: I/RcsClientLib(16000): Binding to JibeService in CarrierServices.
12-06 05:45:14.627: I/RcsClientLib(16000): com.google.android.rcs.client.signup.SignupService connected
12-06 05:45:14.646: I/CarrierServices(7930): [589] czb.a: RcsAvailabilityManager: Calculating Rcs Availability
12-06 05:45:14.687: I/zygote(16221): Do partial code cache collection, code=30KB, data=27KB
12-06 05:45:14.692: I/zygote(16221): After code cache collection, code=30KB, data=27KB
12-06 05:45:14.692: I/zygote(16221): Increasing code cache capacity to 128KB
12-06 05:45:14.696: I/CarrierServices(7930): [589] czb.a: Bugle ContentProvider is disabled by p/h flag, using ProvisioningEngineStateCacheUtil.getBugleHasRequiredPermission()
12-06 05:45:14.744: I/CarrierServices(7930): [589] czb.a: Bugle has minimum required RCS permissions: true
12-06 05:45:14.786: I/CarrierServices(7930): [589] day.d: RCS Configuration storage in Bugle is disabled by p/h flag, using ProvisioningEngineStateCacheUtil.getProvisioningConfigurationForGivenSim()
12-06 05:45:14.858: I/CarrierServices(7930): [589] day.a: Bugle ContentProvider is disabled by p/h flag, using ProvisioningEngineStateCacheUtil.getBugleEnabledRcsFromPreference()
12-06 05:45:14.863: I/ADB_SERVICES(326): service_to_fd shell:dumpsys battery || echo -n $? > /data/local/tmp/8674630f-6fb1-4aec-ac4d-05a72588ae5a.status
12-06 05:45:14.898: I/CarrierServices(7930): [617] dll.a: Received Provisioning Event: [Bugle information (100)]
12-06 05:45:14.907: I/CarrierServices(7930): [589] day.a: Rcs is enabled from user settings: true
12-06 05:45:14.945: I/CarrierServices(7930): [617] dll.a: JibeService is running, passing event to provisioning engine.
12-06 05:45:14.952: I/ADB_SERVICES(326): post waitpid (pid=16392) status=0000
12-06 05:45:14.954: I/CarrierServices(7930): [589] day.b: Bugle ContentProvider is disabled by p/h flag, using ProvisioningEngineStateCacheUtil.isBugleDefaultSmsApp()
12-06 05:45:14.975: I/CarrierServices(7930): [617] cyr.a: Handling Provisioning Event: [Bugle information (100)]
12-06 05:45:14.979: I/ADB_SERVICES(326): service_to_fd shell:[ -e /data/local/tmp/8674630f-6fb1-4aec-ac4d-05a72588ae5a.status ] && cat /data/local/tmp/8674630f-6fb1-4aec-ac4d-05a72588ae5a.status && rm /data/local/tmp/8674630f-6fb1-4aec-ac4d-05a72588ae5a.status
12-06 05:45:14.996: I/CarrierServices(7930): [589] day.b: Bugle is default SMS app: true
12-06 05:45:15.002: W/GrowthKit(16314): Failed to get phenotypeManager in PhenotypeBroadcastReceiver
12-06 05:45:15.002: W/GrowthKit(16314): java.lang.NullPointerException: Unable to get GrowthKit Component from host app: com.google.android.calendar
12-06 05:45:15.002: W/GrowthKit(16314): 	at cal.qaa.a(PG:6)
12-06 05:45:15.002: W/GrowthKit(16314): 	at com.google.android.libraries.internal.growth.growthkit.internal.experiments.impl.PhenotypeBroadcastReceiver.onReceive(PG:1)
12-06 05:45:15.002: W/GrowthKit(16314): 	at android.app.ActivityThread.handleReceiver(ActivityThread.java:3214)
12-06 05:45:15.002: W/GrowthKit(16314): 	at android.app.ActivityThread.-wrap17(Unknown Source:0)
12-06 05:45:15.002: W/GrowthKit(16314): 	at android.app.ActivityThread$H.handleMessage(ActivityThread.java:1696)
12-06 05:45:15.002: W/GrowthKit(16314): 	at android.os.Handler.dispatchMessage(Handler.java:106)
12-06 05:45:15.002: W/GrowthKit(16314): 	at android.os.Looper.loop(Looper.java:164)
12-06 05:45:15.002: W/GrowthKit(16314): 	at android.app.ActivityThread.main(ActivityThread.java:6523)
12-06 05:45:15.002: W/GrowthKit(16314): 	at java.lang.reflect.Method.invoke(Native Method)
12-06 05:45:15.002: W/GrowthKit(16314): 	at com.android.internal.os.RuntimeInit$MethodAndArgsCaller.run(RuntimeInit.java:438)
12-06 05:45:15.002: W/GrowthKit(16314): 	at com.android.internal.os.ZygoteInit.main(ZygoteInit.java:857)
12-06 05:45:15.013: I/ADB_SERVICES(326): post waitpid (pid=16396) status=0100
12-06 05:45:15.017: W/CarrierServices(7930): [589] dci.a: No config URL. RCS will be disabled!
12-06 05:45:15.020: I/ADB_SERVICES(326): service_to_fd shell:dumpsys cpuinfo || echo -n $? > /data/local/tmp/b70fe205-315d-491f-8b9a-365bd55e84cf.status
12-06 05:45:15.031: I/CarrierServices(7930): [617] czb.a: RcsAvailabilityManager: Calculating Rcs Availability
12-06 05:45:15.057: I/CarrierServices(7930): [589] day.d: RCS Configuration storage in Bugle is disabled by p/h flag, using ProvisioningEngineStateCacheUtil.getProvisioningConfigurationForGivenSim()
12-06 05:45:15.068: I/CarrierServices(7930): [617] czb.a: Bugle ContentProvider is disabled by p/h flag, using ProvisioningEngineStateCacheUtil.getBugleHasRequiredPermission()
12-06 05:45:15.078: I/CarrierServices(7930): [617] czb.a: Bugle has minimum required RCS permissions: true
12-06 05:45:15.101: I/CarrierServices(7930): [589] day.d: RCS Configuration storage in Bugle is disabled by p/h flag, using ProvisioningEngineStateCacheUtil.getProvisioningConfigurationForGivenSim()
12-06 05:45:15.108: I/ADB_SERVICES(326): post waitpid (pid=16398) status=0000
12-06 05:45:15.121: I/CarrierServices(7930): [617] day.d: RCS Configuration storage in Bugle is disabled by p/h flag, using ProvisioningEngineStateCacheUtil.getProvisioningConfigurationForGivenSim()
12-06 05:45:15.137: I/ADB_SERVICES(326): service_to_fd shell:[ -e /data/local/tmp/b70fe205-315d-491f-8b9a-365bd55e84cf.status ] && cat /data/local/tmp/b70fe205-315d-491f-8b9a-365bd55e84cf.status && rm /data/local/tmp/b70fe205-315d-491f-8b9a-365bd55e84cf.status
12-06 05:45:15.150: I/CarrierServices(7930): [589] day.d: RCS Configuration storage in Bugle is disabled by p/h flag, using ProvisioningEngineStateCacheUtil.getProvisioningConfigurationForGivenSim()
12-06 05:45:15.160: W/GrowthKit(16314): Failed to get phenotypeManager in PhenotypeBroadcastReceiver
12-06 05:45:15.160: W/GrowthKit(16314): java.lang.NullPointerException: Unable to get GrowthKit Component from host app: com.google.android.calendar
12-06 05:45:15.160: W/GrowthKit(16314): 	at cal.qaa.a(PG:6)
12-06 05:45:15.160: W/GrowthKit(16314): 	at com.google.android.libraries.internal.growth.growthkit.internal.experiments.impl.PhenotypeBroadcastReceiver.onReceive(PG:1)
12-06 05:45:15.160: W/GrowthKit(16314): 	at android.app.ActivityThread.handleReceiver(ActivityThread.java:3214)
12-06 05:45:15.160: W/GrowthKit(16314): 	at android.app.ActivityThread.-wrap17(Unknown Source:0)
12-06 05:45:15.160: W/GrowthKit(16314): 	at android.app.ActivityThread$H.handleMessage(ActivityThread.java:1696)
12-06 05:45:15.160: W/GrowthKit(16314): 	at android.os.Handler.dispatchMessage(Handler.java:106)
12-06 05:45:15.160: W/GrowthKit(16314): 	at android.os.Looper.loop(Looper.java:164)
12-06 05:45:15.160: W/GrowthKit(16314): 	at android.app.ActivityThread.main(ActivityThread.java:6523)
12-06 05:45:15.160: W/GrowthKit(16314): 	at java.lang.reflect.Method.invoke(Native Method)
12-06 05:45:15.160: W/GrowthKit(16314): 	at com.android.internal.os.RuntimeInit$MethodAndArgsCaller.run(RuntimeInit.java:438)
12-06 05:45:15.160: W/GrowthKit(16314): 	at com.android.internal.os.ZygoteInit.main(ZygoteInit.java:857)
12-06 05:45:15.165: I/ADB_SERVICES(326): post waitpid (pid=16404) status=0100
12-06 05:45:15.173: I/ADB_SERVICES(326): service_to_fd shell:cat /proc/uptime || echo -n $? > /data/local/tmp/f517170c-d6ff-4f72-a2a0-fda8b9317d26.status
12-06 05:45:15.201: I/CarrierServices(7930): [617] day.a: Bugle ContentProvider is disabled by p/h flag, using ProvisioningEngineStateCacheUtil.getBugleEnabledRcsFromPreference()
12-06 05:45:15.237: I/CarrierServices(7930): [589] due.b: Checking if using CarrierServices.apk is possible. Enabled: true, isAtLeastM: true, runningInsideBugle: false
12-06 05:45:15.239: I/CarrierServices(7930): [617] day.a: Rcs is enabled from user settings: true
12-06 05:45:15.245: I/ADB_SERVICES(326): post waitpid (pid=16406) status=0000
12-06 05:45:15.265: I/ADB_SERVICES(326): service_to_fd shell:[ -e /data/local/tmp/f517170c-d6ff-4f72-a2a0-fda8b9317d26.status ] && cat /data/local/tmp/f517170c-d6ff-4f72-a2a0-fda8b9317d26.status && rm /data/local/tmp/f517170c-d6ff-4f72-a2a0-fda8b9317d26.status
12-06 05:45:15.273: I/CarrierServices(7930): [617] day.b: Bugle ContentProvider is disabled by p/h flag, using ProvisioningEngineStateCacheUtil.isBugleDefaultSmsApp()
12-06 05:45:15.278: I/thermal_repeater(357): oh, queryMdThermalInfo (0)No such file or directory
12-06 05:45:15.281: I/CarrierServices(7930): [589] bki.onCsLibPhenotypeUpdated: BindingManager: binding and reset P/H Flag stay same
12-06 05:45:15.282: I/thermal_repeater(357): [recvMdThermalInfo] ret=29, strLen=127,  0, 32767, -127, 0, 32767, 18
12-06 05:45:15.294: I/ADB_SERVICES(326): post waitpid (pid=16410) status=0100
12-06 05:45:15.299: I/CarrierServices(7930): [617] day.b: Bugle is default SMS app: true
12-06 05:45:15.303: I/CarrierServices(7930): [589] czb.a: RcsAvailabilityManager: Rcs Availability still DISABLED_SIM_ABSENT (RCS is disabled due to SIM absent)
12-06 05:45:15.321: W/GrowthKit(16314): Failed to get phenotypeManager in PhenotypeBroadcastReceiver
12-06 05:45:15.321: W/GrowthKit(16314): java.lang.NullPointerException: Unable to get GrowthKit Component from host app: com.google.android.calendar
12-06 05:45:15.321: W/GrowthKit(16314): 	at cal.qaa.a(PG:6)
12-06 05:45:15.321: W/GrowthKit(16314): 	at com.google.android.libraries.internal.growth.growthkit.internal.experiments.impl.PhenotypeBroadcastReceiver.onReceive(PG:1)
12-06 05:45:15.321: W/GrowthKit(16314): 	at android.app.ActivityThread.handleReceiver(ActivityThread.java:3214)
12-06 05:45:15.321: W/GrowthKit(16314): 	at android.app.ActivityThread.-wrap17(Unknown Source:0)
12-06 05:45:15.321: W/GrowthKit(16314): 	at android.app.ActivityThread$H.handleMessage(ActivityThread.java:1696)
12-06 05:45:15.321: W/GrowthKit(16314): 	at android.os.Handler.dispatchMessage(Handler.java:106)
12-06 05:45:15.321: W/GrowthKit(16314): 	at android.os.Looper.loop(Looper.java:164)
12-06 05:45:15.321: W/GrowthKit(16314): 	at android.app.ActivityThread.main(ActivityThread.java:6523)
12-06 05:45:15.321: W/GrowthKit(16314): 	at java.lang.reflect.Method.invoke(Native Method)
12-06 05:45:15.321: W/GrowthKit(16314): 	at com.android.internal.os.RuntimeInit$MethodAndArgsCaller.run(RuntimeInit.java:438)
12-06 05:45:15.321: W/GrowthKit(16314): 	at com.android.internal.os.ZygoteInit.main(ZygoteInit.java:857)
12-06 05:45:15.330: W/CarrierServices(7930): [617] dci.a: No config URL. RCS will be disabled!
12-06 05:45:15.365: I/SignalClusterView(1106): updateDisplayVoLte mShowVoLteIcon: false mNoSimsVisible: true mIsAirplaneMode: false showWfc: false  showVolte: false
12-06 05:45:15.365: I/SignalClusterView(1106): updateDisplayVoLte mShowVoLteIcon: false mNoSimsVisible: true mIsAirplaneMode: false showWfc: false  showVolte: false
12-06 05:45:15.392: I/BugleRcs(16000): RcsAvailabilityUtilForProvisioningEngineV2: updated datastore for rcs availability, simId: Redacted-0, availability: DISABLED_SIM_ABSENT
12-06 05:45:15.398: I/CarrierServices(7930): [617] day.d: RCS Configuration storage in Bugle is disabled by p/h flag, using ProvisioningEngineStateCacheUtil.getProvisioningConfigurationForGivenSim()
12-06 05:45:15.402: I/BugleRcs(16000): RcsAvailabilityUtilForProvisioningEngineV2: Get Updated RcsAvailability, RcsAvailability: DISABLED_SIM_ABSENT, SimId: Redacted-0
12-06 05:45:15.403: I/RcsClientLib(16000): Disconnecting SignupService
12-06 05:45:15.403: I/RcsClientLib(16000): Disconnecting ChatSessionService
12-06 05:45:15.404: W/RcsClientLib(16000): Unexpected error when trying to unbind com.google.android.ims.rcsservice.chatsession.IChatSession: Service not registered: vzi@ee90311
12-06 05:45:15.418: W/RcsClientLib(16000): java.lang.IllegalArgumentException: Service not registered: vzi@ee90311
12-06 05:45:15.418: W/RcsClientLib(16000): 	at android.app.LoadedApk.forgetServiceDispatcher(LoadedApk.java:1484)
12-06 05:45:15.418: W/RcsClientLib(16000): 	at android.app.ContextImpl.unbindService(ContextImpl.java:1639)
12-06 05:45:15.418: W/RcsClientLib(16000): 	at android.content.ContextWrapper.unbindService(ContextWrapper.java:703)
12-06 05:45:15.418: W/RcsClientLib(16000): 	at vzh.b(PG:40)
12-06 05:45:15.418: W/RcsClientLib(16000): 	at vzh.disconnect(PG:38)
12-06 05:45:15.418: W/RcsClientLib(16000): 	at jri.b(PG:35)
12-06 05:45:15.418: W/RcsClientLib(16000): 	at jrl.a(PG:37)
12-06 05:45:15.418: W/RcsClientLib(16000): 	at jep.a(PG:38)
12-06 05:45:15.418: W/RcsClientLib(16000): 	at jeb.run(Unknown Source:16)
12-06 05:45:15.418: W/RcsClientLib(16000): 	at wzd.run(PG:2)
12-06 05:45:15.418: W/RcsClientLib(16000): 	at android.os.Handler.handleCallback(Handler.java:790)
12-06 05:45:15.418: W/RcsClientLib(16000): 	at android.os.Handler.dispatchMessage(Handler.java:99)
12-06 05:45:15.418: W/RcsClientLib(16000): 	at android.os.Looper.loop(Looper.java:164)
12-06 05:45:15.418: W/RcsClientLib(16000): 	at android.app.ActivityThread.main(ActivityThread.java:6523)
12-06 05:45:15.418: W/RcsClientLib(16000): 	at java.lang.reflect.Method.invoke(Native Method)
12-06 05:45:15.418: W/RcsClientLib(16000): 	at com.android.internal.os.RuntimeInit$MethodAndArgsCaller.run(RuntimeInit.java:438)
12-06 05:45:15.418: W/RcsClientLib(16000): 	at com.android.internal.os.ZygoteInit.main(ZygoteInit.java:857)
12-06 05:45:15.421: I/BugleRcs(16000): RcsAvailabilityUtilForProvisioningEngineV2: success updating RCS availability async
12-06 05:45:15.423: I/RcsClientLib(16000): Disconnecting EventService
12-06 05:45:15.423: W/RcsClientLib(16000): Unexpected error when trying to unbind com.google.android.ims.rcsservice.events.IEvent: Service not registered: vzi@f50cee4
12-06 05:45:15.424: W/RcsClientLib(16000): java.lang.IllegalArgumentException: Service not registered: vzi@f50cee4
12-06 05:45:15.424: W/RcsClientLib(16000): 	at android.app.LoadedApk.forgetServiceDispatcher(LoadedApk.java:1484)
12-06 05:45:15.424: W/RcsClientLib(16000): 	at android.app.ContextImpl.unbindService(ContextImpl.java:1639)
